┏━━━━━━━━━━━━━━━━━━━━━━┳━━━━━━━━━━┳━━━━━━━━━━┳━━━━━━━━━━┳━━━━━━━━━━┳━━━━━━━━━━━┳━━━━━━━━━━┳━━━━━━━━━━━┳━━━━━━━━━━┳━━━━━━━━━━━┳━━━━━━━━━━┳━━━━━━━━━━━┳━━━━━━━━━━┓
┃                      ┃ Hold     ┃ Reg to   ┃          ┃          ┃ of which  ┃ Setup    ┃           ┃          ┃           ┃ of which ┃           ┃          ┃
┃                      ┃ Worst    ┃ Reg      ┃          ┃ Hold Vio ┃ reg to    ┃ Worst    ┃ Reg to    ┃ Setup    ┃ Setup Vio ┃ reg to   ┃ Max Cap   ┃ Max Slew ┃
┃ Corner/Group         ┃ Slack    ┃ Paths    ┃ Hold TNS ┃ Count    ┃ reg       ┃ Slack    ┃ Reg Paths ┃ TNS      ┃ Count     ┃ reg      ┃ Violatio… ┃ Violati… ┃
┡━━━━━━━━━━━━━━━━━━━━━━╇━━━━━━━━━━╇━━━━━━━━━━╇━━━━━━━━━━╇━━━━━━━━━━╇━━━━━━━━━━━╇━━━━━━━━━━╇━━━━━━━━━━━╇━━━━━━━━━━╇━━━━━━━━━━━╇━━━━━━━━━━╇━━━━━━━━━━━╇━━━━━━━━━━┩
│ Overall              │ 0.1232   │ 0.1232   │ 0.0000   │ 0        │ 0         │ 19.1620  │ 19.1620   │ 0.0000   │ 0         │ 0        │ 14        │ 2492     │
│ nom_fast_1p32V_m40C  │ 0.1232   │ 0.1232   │ 0.0000   │ 0        │ 0         │ 36.6294  │ 36.6294   │ 0.0000   │ 0         │ 0        │ 14        │ 1833     │
│ nom_slow_1p08V_125C  │ 0.2885   │ 0.2885   │ 0.0000   │ 0        │ 0         │ 19.1620  │ 19.1620   │ 0.0000   │ 0         │ 0        │ 14        │ 2492     │
│ nom_typ_1p20V_25C    │ 0.1836   │ 0.1836   │ 0.0000   │ 0        │ 0         │ 29.5580  │ 29.5580   │ 0.0000   │ 0         │ 0        │ 14        │ 2175     │
└──────────────────────┴──────────┴──────────┴──────────┴──────────┴───────────┴──────────┴───────────┴──────────┴───────────┴──────────┴───────────┴──────────┘
