
===========================================================================
 report_power
============================================================================
======================= nom_fast_1p32V_m40C Corner ===================================

Group                    Internal    Switching      Leakage        Total
                            Power        Power        Power        Power (Watts)
------------------------------------------------------------------------
Sequential           4.563433e-03 2.204580e-05 3.387205e-06 4.588866e-03  73.5%
Combinational        8.549046e-04 7.888731e-04 7.097417e-06 1.650875e-03  26.5%
Clock                0.000000e+00 0.000000e+00 0.000000e+00 0.000000e+00   0.0%
Macro                0.000000e+00 0.000000e+00 0.000000e+00 0.000000e+00   0.0%
Pad                  0.000000e+00 0.000000e+00 0.000000e+00 0.000000e+00   0.0%
------------------------------------------------------------------------
Total                5.418249e-03 8.109186e-04 1.048394e-05 6.239652e-03 100.0%
                            86.8%        13.0%         0.2%

