
===========================================================================
report_checks -unconstrained
===========================================================================
======================= nom_typ_1p20V_25C Corner ===================================

Startpoint: _43105_ (rising edge-triggered flip-flop clocked by clk)
Endpoint: _41138_ (recovery check against rising-edge clock clk)
Path Group: asynchronous
Path Type: max

Fanout         Cap        Slew       Delay        Time   Description
---------------------------------------------------------------------------------------------
                                  0.000000    0.000000   clock clk (rise edge)
                                  0.000000    0.000000   clock source latency
     1    0.089327    0.000000    0.000000    0.000000 ^ i_clk (in)
                                                         i_clk (net)
                      0.020127    0.010063    0.010063 ^ clkbuf_0_i_clk/A (sg13g2_buf_8)
     4    0.129513    0.076214    0.104489    0.114553 ^ clkbuf_0_i_clk/X (sg13g2_buf_8)
                                                         clknet_0_i_clk (net)
                      0.076602    0.004424    0.118977 ^ clkbuf_2_2_0_i_clk/A (sg13g2_buf_8)
    16    0.241141    0.129849    0.173590    0.292567 ^ clkbuf_2_2_0_i_clk/X (sg13g2_buf_8)
                                                         clknet_2_2_0_i_clk (net)
                      0.130377    0.006700    0.299267 ^ clkbuf_6_43_0_i_clk/A (sg13g2_buf_8)
     2    0.019548    0.028248    0.111855    0.411122 ^ clkbuf_6_43_0_i_clk/X (sg13g2_buf_8)
                                                         clknet_6_43_0_i_clk (net)
                      0.028248    0.000077    0.411199 ^ clkbuf_7_86__f_i_clk/A (sg13g2_buf_8)
     5    0.051762    0.037865    0.080298    0.491497 ^ clkbuf_7_86__f_i_clk/X (sg13g2_buf_8)
                                                         clknet_7_86__leaf_i_clk (net)
                      0.037865    0.000111    0.491608 ^ _43105_/CLK (sg13g2_dfrbpq_2)
     3    0.015693    0.036933    0.196027    0.687634 v _43105_/Q (sg13g2_dfrbpq_2)
                                                         soft_reset (net)
                      0.036933    0.000169    0.687804 v _23184_/A_N (sg13g2_nand2b_2)
     2    0.026469    0.102053    0.150642    0.838446 v _23184_/Y (sg13g2_nand2b_2)
                                                         _15298_ (net)
                      0.102056    0.000650    0.839096 v fanout3213/A (sg13g2_buf_8)
     8    0.121450    0.063612    0.140196    0.979292 v fanout3213/X (sg13g2_buf_8)
                                                         net3213 (net)
                      0.063868    0.003506    0.982798 v _23185_/A (sg13g2_inv_1)
     1    0.008866    0.051829    0.059069    1.041867 ^ _23185_/Y (sg13g2_inv_1)
                                                         internal_rst_n (net)
                      0.051829    0.000005    1.041873 ^ fanout3074/A (sg13g2_buf_8)
     4    0.091464    0.058506    0.103839    1.145712 ^ fanout3074/X (sg13g2_buf_8)
                                                         net3074 (net)
                      0.058551    0.001396    1.147107 ^ fanout3073/A (sg13g2_buf_8)
     6    0.046865    0.036775    0.092532    1.239639 ^ fanout3073/X (sg13g2_buf_8)
                                                         net3073 (net)
                      0.036917    0.001682    1.241321 ^ fanout3072/A (sg13g2_buf_8)
     7    0.090857    0.057816    0.096834    1.338155 ^ fanout3072/X (sg13g2_buf_8)
                                                         net3072 (net)
                      0.058267    0.004091    1.342246 ^ fanout3067/A (sg13g2_buf_1)
     4    0.021463    0.094834    0.126785    1.469031 ^ fanout3067/X (sg13g2_buf_1)
                                                         net3067 (net)
                      0.094834    0.000032    1.469063 ^ fanout3066/A (sg13g2_buf_1)
     4    0.023718    0.103053    0.149310    1.618373 ^ fanout3066/X (sg13g2_buf_1)
                                                         net3066 (net)
                      0.103053    0.000083    1.618456 ^ fanout3065/A (sg13g2_buf_2)
     4    0.023874    0.060087    0.131126    1.749582 ^ fanout3065/X (sg13g2_buf_2)
                                                         net3065 (net)
                      0.060087    0.000060    1.749642 ^ _41138_/RESET_B (sg13g2_dfrbpq_1)
                                              1.749642   data arrival time

                                 50.000000   50.000000   clock clk (rise edge)
                                  0.000000   50.000000   clock source latency
     1    0.089327    0.000000    0.000000   50.000000 ^ i_clk (in)
                                                         i_clk (net)
                      0.020127    0.010065   50.010063 ^ clkbuf_0_i_clk/A (sg13g2_buf_8)
     4    0.129513    0.076214    0.104489   50.114552 ^ clkbuf_0_i_clk/X (sg13g2_buf_8)
                                                         clknet_0_i_clk (net)
                      0.076602    0.004423   50.118977 ^ clkbuf_2_2_0_i_clk/A (sg13g2_buf_8)
    16    0.241141    0.129849    0.173589   50.292564 ^ clkbuf_2_2_0_i_clk/X (sg13g2_buf_8)
                                                         clknet_2_2_0_i_clk (net)
                      0.129900    0.002167   50.294731 ^ clkbuf_6_37_0_i_clk/A (sg13g2_buf_8)
     2    0.019444    0.028180    0.111665   50.406399 ^ clkbuf_6_37_0_i_clk/X (sg13g2_buf_8)
                                                         clknet_6_37_0_i_clk (net)
                      0.028180    0.000060   50.406456 ^ clkbuf_7_75__f_i_clk/A (sg13g2_buf_8)
     4    0.044987    0.034715    0.077659   50.484116 ^ clkbuf_7_75__f_i_clk/X (sg13g2_buf_8)
                                                         clknet_7_75__leaf_i_clk (net)
                      0.034716    0.000238   50.484356 ^ clkbuf_leaf_291_i_clk/A (sg13g2_buf_8)
     7    0.029089    0.027867    0.074696   50.559052 ^ clkbuf_leaf_291_i_clk/X (sg13g2_buf_8)
                                                         clknet_leaf_291_i_clk (net)
                      0.027867    0.000068   50.559116 ^ _41138_/CLK (sg13g2_dfrbpq_1)
                                  0.000000   50.559116   clock reconvergence pessimism
                                 -0.131167   50.427952   library recovery time
                                             50.427952   data required time
---------------------------------------------------------------------------------------------
                                             50.427952   data required time
                                             -1.749642   data arrival time
---------------------------------------------------------------------------------------------
                                             48.678310   slack (MET)


Startpoint: _42305_ (rising edge-triggered flip-flop clocked by clk)
Endpoint: _42340_ (rising edge-triggered flip-flop clocked by clk)
Path Group: clk
Path Type: max

Fanout         Cap        Slew       Delay        Time   Description
---------------------------------------------------------------------------------------------
                                  0.000000    0.000000   clock clk (rise edge)
                                  0.000000    0.000000   clock source latency
     1    0.089327    0.000000    0.000000    0.000000 ^ i_clk (in)
                                                         i_clk (net)
                      0.020127    0.010063    0.010063 ^ clkbuf_0_i_clk/A (sg13g2_buf_8)
     4    0.129513    0.076214    0.104489    0.114553 ^ clkbuf_0_i_clk/X (sg13g2_buf_8)
                                                         clknet_0_i_clk (net)
                      0.076403    0.003133    0.117685 ^ clkbuf_2_1_0_i_clk/A (sg13g2_buf_8)
    16    0.254576    0.136881    0.176958    0.294644 ^ clkbuf_2_1_0_i_clk/X (sg13g2_buf_8)
                                                         clknet_2_1_0_i_clk (net)
                      0.136970    0.002909    0.297553 ^ clkbuf_6_25_0_i_clk/A (sg13g2_buf_8)
     2    0.020291    0.028894    0.114268    0.411820 ^ clkbuf_6_25_0_i_clk/X (sg13g2_buf_8)
                                                         clknet_6_25_0_i_clk (net)
                      0.028894    0.000067    0.411887 ^ clkbuf_7_50__f_i_clk/A (sg13g2_buf_8)
     5    0.058867    0.041249    0.083130    0.495017 ^ clkbuf_7_50__f_i_clk/X (sg13g2_buf_8)
                                                         clknet_7_50__leaf_i_clk (net)
                      0.041251    0.000238    0.495254 ^ clkbuf_leaf_82_i_clk/A (sg13g2_buf_8)
     6    0.024225    0.026007    0.075965    0.571220 ^ clkbuf_leaf_82_i_clk/X (sg13g2_buf_8)
                                                         clknet_leaf_82_i_clk (net)
                      0.026007    0.000065    0.571284 ^ _42305_/CLK (sg13g2_dfrbpq_2)
     2    0.018022    0.049106    0.197707    0.768992 ^ _42305_/Q (sg13g2_dfrbpq_2)
                                                         u_fft_core.u_twiddle_interface.cnt_q[2] (net)
                      0.049106    0.000011    0.769003 ^ fanout3796/A (sg13g2_buf_8)
     5    0.040392    0.033464    0.086076    0.855079 ^ fanout3796/X (sg13g2_buf_8)
                                                         net3796 (net)
                      0.033469    0.000212    0.855291 ^ fanout3792/A (sg13g2_buf_1)
     4    0.022246    0.097715    0.118327    0.973618 ^ fanout3792/X (sg13g2_buf_1)
                                                         net3792 (net)
                      0.097715    0.000117    0.973735 ^ fanout3791/A (sg13g2_buf_8)
     8    0.043546    0.036795    0.110646    1.084381 ^ fanout3791/X (sg13g2_buf_8)
                                                         net3791 (net)
                      0.036795    0.000066    1.084446 ^ _25518_/B_N (sg13g2_nor2b_2)
     8    0.042043    0.186634    0.208683    1.293129 ^ _25518_/Y (sg13g2_nor2b_2)
                                                         _17214_ (net)
                      0.186634    0.000058    1.293187 ^ _25522_/B1 (sg13g2_a21oi_2)
     6    0.030579    0.107771    0.120340    1.413527 v _25522_/Y (sg13g2_a21oi_2)
                                                         _17218_ (net)
                      0.107771    0.000102    1.413629 v _27079_/S (sg13g2_mux2_1)
     1    0.009114    0.055392    0.176970    1.590599 ^ _27079_/X (sg13g2_mux2_1)
                                                         _02562_ (net)
                      0.055392    0.000013    1.590612 ^ fanout2933/A (sg13g2_buf_8)
     5    0.054494    0.040194    0.094204    1.684815 ^ fanout2933/X (sg13g2_buf_8)
                                                         net2933 (net)
                      0.040240    0.000488    1.685303 ^ fanout2930/A (sg13g2_buf_8)
     4    0.032872    0.029784    0.078855    1.764158 ^ fanout2930/X (sg13g2_buf_8)
                                                         net2930 (net)
                      0.029784    0.000027    1.764185 ^ fanout2926/A (sg13g2_buf_8)
     8    0.028666    0.027446    0.072074    1.836258 ^ fanout2926/X (sg13g2_buf_8)
                                                         net2926 (net)
                      0.027446    0.000222    1.836480 ^ _27082_/C (sg13g2_nand3_1)
     4    0.014527    0.144243    0.142192    1.978673 v _27082_/Y (sg13g2_nand3_1)
                                                         _02565_ (net)
                      0.144243    0.000041    1.978714 v _27371_/B (sg13g2_and4_1)
     1    0.003922    0.028174    0.129662    2.108375 v _27371_/X (sg13g2_and4_1)
                                                         _02854_ (net)
                      0.028174    0.000010    2.108385 v _27411_/A2 (sg13g2_o21ai_1)
     4    0.013715    0.174188    0.152143    2.260527 ^ _27411_/Y (sg13g2_o21ai_1)
                                                         _02894_ (net)
                      0.174188    0.000062    2.260589 ^ _27413_/A2 (sg13g2_a21o_1)
     2    0.008054    0.048253    0.164911    2.425500 ^ _27413_/X (sg13g2_a21o_1)
                                                         _02896_ (net)
                      0.048253    0.000025    2.425525 ^ _27432_/B (sg13g2_nand4_1)
     7    0.022884    0.282075    0.257221    2.682746 v _27432_/Y (sg13g2_nand4_1)
                                                         _02915_ (net)
                      0.282075    0.000111    2.682857 v _27524_/A (sg13g2_and4_1)
     1    0.003754    0.033013    0.152107    2.834964 v _27524_/X (sg13g2_and4_1)
                                                         _03007_ (net)
                      0.033013    0.000009    2.834973 v _27617_/B (sg13g2_nor3_1)
     3    0.011199    0.176410    0.166775    3.001748 ^ _27617_/Y (sg13g2_nor3_1)
                                                         _03100_ (net)
                      0.176410    0.000076    3.001824 ^ _27620_/A2 (sg13g2_o21ai_1)
     3    0.010067    0.093404    0.125237    3.127061 v _27620_/Y (sg13g2_o21ai_1)
                                                         _03103_ (net)
                      0.093404    0.000017    3.127078 v _27701_/A2 (sg13g2_a21o_1)
     3    0.009104    0.045928    0.154079    3.281157 v _27701_/X (sg13g2_a21o_1)
                                                         _03184_ (net)
                      0.045928    0.000007    3.281164 v _27702_/B (sg13g2_and2_1)
     1    0.005946    0.030905    0.086591    3.367755 v _27702_/X (sg13g2_and2_1)
                                                         _03185_ (net)
                      0.030905    0.000018    3.367773 v _27706_/B (sg13g2_xnor2_1)
     1    0.005528    0.066067    0.095513    3.463285 v _27706_/Y (sg13g2_xnor2_1)
                                                         _03189_ (net)
                      0.066067    0.000009    3.463294 v _27712_/B (sg13g2_xnor2_1)
     4    0.015774    0.115178    0.152576    3.615870 v _27712_/Y (sg13g2_xnor2_1)
                                                         _03195_ (net)
                      0.115178    0.000017    3.615888 v _27764_/A (sg13g2_xnor2_1)
     2    0.008921    0.084477    0.146688    3.762575 v _27764_/Y (sg13g2_xnor2_1)
                                                         _03247_ (net)
                      0.084477    0.000015    3.762590 v _27884_/A (sg13g2_or4_1)
     2    0.007079    0.053259    0.232024    3.994614 v _27884_/X (sg13g2_or4_1)
                                                         _03367_ (net)
                      0.053259    0.000031    3.994645 v _27892_/B1 (sg13g2_a221oi_1)
     2    0.015557    0.252714    0.238505    4.233150 ^ _27892_/Y (sg13g2_a221oi_1)
                                                         _03375_ (net)
                      0.252714    0.000388    4.233538 ^ _27893_/A2 (sg13g2_o21ai_1)
     3    0.009385    0.092241    0.134670    4.368208 v _27893_/Y (sg13g2_o21ai_1)
                                                         _03376_ (net)
                      0.092241    0.000021    4.368229 v _27900_/A1 (sg13g2_o21ai_1)
     2    0.010182    0.140236    0.159530    4.527759 ^ _27900_/Y (sg13g2_o21ai_1)
                                                         _03383_ (net)
                      0.140236    0.000012    4.527771 ^ _27902_/A (sg13g2_nand2_1)
     2    0.007179    0.072901    0.094788    4.622560 v _27902_/Y (sg13g2_nand2_1)
                                                         _03385_ (net)
                      0.072901    0.000007    4.622566 v _27919_/B (sg13g2_nand3_1)
     1    0.004256    0.045929    0.059523    4.682089 ^ _27919_/Y (sg13g2_nand3_1)
                                                         _03402_ (net)
                      0.045929    0.000020    4.682109 ^ _27920_/B_N (sg13g2_nor2b_2)
     5    0.014493    0.081088    0.131777    4.813886 ^ _27920_/Y (sg13g2_nor2b_2)
                                                         u_fft_core.u_twiddle_interface.u_mult_2.u_clip.o_data_re[7] (net)
                      0.081088    0.000015    4.813900 ^ _27924_/A (sg13g2_and2_1)
     6    0.023502    0.103940    0.161903    4.975804 ^ _27924_/X (sg13g2_and2_1)
                                                         _03406_ (net)
                      0.103940    0.000004    4.975808 ^ _27928_/A1 (sg13g2_o21ai_1)
     1    0.002219    0.045402    0.080484    5.056292 v _27928_/Y (sg13g2_o21ai_1)
                                                         u_fft_core.u_twiddle_interface.u_mult_2.u_clip.o_data_re[0] (net)
                      0.045402    0.000005    5.056297 v _42340_/D (sg13g2_dfrbpq_1)
                                              5.056297   data arrival time

                                 50.000000   50.000000   clock clk (rise edge)
                                  0.000000   50.000000   clock source latency
     1    0.089327    0.000000    0.000000   50.000000 ^ i_clk (in)
                                                         i_clk (net)
                      0.020127    0.010065   50.010063 ^ clkbuf_0_i_clk/A (sg13g2_buf_8)
     4    0.129513    0.076214    0.104489   50.114552 ^ clkbuf_0_i_clk/X (sg13g2_buf_8)
                                                         clknet_0_i_clk (net)
                      0.076403    0.003130   50.117683 ^ clkbuf_2_1_0_i_clk/A (sg13g2_buf_8)
    16    0.254576    0.136881    0.176961   50.294643 ^ clkbuf_2_1_0_i_clk/X (sg13g2_buf_8)
                                                         clknet_2_1_0_i_clk (net)
                      0.136897    0.001226   50.295868 ^ clkbuf_6_17_0_i_clk/A (sg13g2_buf_8)
     2    0.020742    0.029080    0.114426   50.410294 ^ clkbuf_6_17_0_i_clk/X (sg13g2_buf_8)
                                                         clknet_6_17_0_i_clk (net)
                      0.029080    0.000075   50.410370 ^ clkbuf_7_34__f_i_clk/A (sg13g2_buf_8)
     4    0.054937    0.039512    0.081339   50.491707 ^ clkbuf_7_34__f_i_clk/X (sg13g2_buf_8)
                                                         clknet_7_34__leaf_i_clk (net)
                      0.039607    0.001503   50.493210 ^ clkbuf_leaf_85_i_clk/A (sg13g2_buf_8)
     4    0.024701    0.026142    0.075353   50.568565 ^ clkbuf_leaf_85_i_clk/X (sg13g2_buf_8)
                                                         clknet_leaf_85_i_clk (net)
                      0.026142    0.000025   50.568588 ^ _42340_/CLK (sg13g2_dfrbpq_1)
                                  0.000000   50.568588   clock reconvergence pessimism
                                 -0.120208   50.448380   library setup time
                                             50.448380   data required time
---------------------------------------------------------------------------------------------
                                             50.448380   data required time
                                             -5.056297   data arrival time
---------------------------------------------------------------------------------------------
                                             45.392082   slack (MET)




===========================================================================
report_checks --slack_max -0.01
============================================================================
======================= nom_typ_1p20V_25C Corner ===================================

No paths found.


===========================================================================
 report_check_types -max_slew -max_cap -max_fanout -violators
============================================================================
======================= nom_typ_1p20V_25C Corner ===================================

max fanout

Pin                                   Limit Fanout  Slack
---------------------------------------------------------
clkbuf_2_0_0_i_clk/X                      8     16     -8 (VIOLATED)
clkbuf_2_1_0_i_clk/X                      8     16     -8 (VIOLATED)
clkbuf_2_2_0_i_clk/X                      8     16     -8 (VIOLATED)
clkbuf_2_3_0_i_clk/X                      8     16     -8 (VIOLATED)



===========================================================================
report_parasitic_annotation -report_unannotated
============================================================================
Found 223 unannotated drivers.
 clkload0/Y
 clkload1/Y
 clkload10/Y
 clkload100/Y
 clkload101/Y
 clkload102/X
 clkload103/Y
 clkload104/Y
 clkload105/Y
 clkload106/Y
 clkload107/Y
 clkload108/Y
 clkload109/Y
 clkload11/Y
 clkload110/Y
 clkload111/X
 clkload112/X
 clkload113/Y
 clkload114/X
 clkload115/X
 clkload116/X
 clkload117/X
 clkload118/Y
 clkload119/Y
 clkload12/X
 clkload120/Y
 clkload121/Y
 clkload122/Y
 clkload123/Y
 clkload124/Y
 clkload125/Y
 clkload126/Y
 clkload127/Y
 clkload128/Y
 clkload129/Y
 clkload13/Y
 clkload130/Y
 clkload131/Y
 clkload132/Y
 clkload133/Y
 clkload134/Y
 clkload135/Y
 clkload136/Y
 clkload137/Y
 clkload138/Y
 clkload139/Y
 clkload14/Y
 clkload140/X
 clkload141/Y
 clkload142/Y
 clkload143/Y
 clkload144/Y
 clkload145/Y
 clkload146/Y
 clkload147/Y
 clkload148/Y
 clkload149/X
 clkload15/X
 clkload150/Y
 clkload151/Y
 clkload152/X
 clkload153/Y
 clkload154/X
 clkload155/Y
 clkload156/Y
 clkload157/Y
 clkload158/Y
 clkload159/Y
 clkload16/Y
 clkload160/Y
 clkload161/X
 clkload162/X
 clkload163/Y
 clkload164/Y
 clkload165/Y
 clkload166/Y
 clkload167/Y
 clkload168/Y
 clkload169/Y
 clkload17/Y
 clkload170/Y
 clkload171/Y
 clkload172/Y
 clkload173/Y
 clkload174/Y
 clkload175/Y
 clkload176/Y
 clkload177/X
 clkload178/Y
 clkload179/Y
 clkload18/Y
 clkload180/Y
 clkload181/Y
 clkload182/Y
 clkload183/Y
 clkload184/Y
 clkload185/Y
 clkload186/Y
 clkload187/X
 clkload188/Y
 clkload189/Y
 clkload19/Y
 clkload190/Y
 clkload191/Y
 clkload192/Y
 clkload193/Y
 clkload194/X
 clkload195/X
 clkload196/Y
 clkload197/Y
 clkload198/Y
 clkload199/Y
 clkload2/X
 clkload20/Y
 clkload200/X
 clkload201/Y
 clkload202/Y
 clkload203/Y
 clkload204/Y
 clkload205/X
 clkload206/Y
 clkload207/Y
 clkload208/Y
 clkload209/Y
 clkload21/Y
 clkload210/Y
 clkload211/Y
 clkload212/Y
 clkload213/Y
 clkload214/X
 clkload215/Y
 clkload216/Y
 clkload217/Y
 clkload218/X
 clkload219/Y
 clkload22/X
 clkload220/Y
 clkload221/Y
 clkload222/Y
 clkload23/Y
 clkload24/Y
 clkload25/Y
 clkload26/Y
 clkload27/Y
 clkload28/Y
 clkload29/X
 clkload3/Y
 clkload30/X
 clkload31/Y
 clkload32/Y
 clkload33/Y
 clkload34/Y
 clkload35/Y
 clkload36/X
 clkload37/X
 clkload38/Y
 clkload39/Y
 clkload4/Y
 clkload40/Y
 clkload41/Y
 clkload42/Y
 clkload43/Y
 clkload44/Y
 clkload45/X
 clkload46/Y
 clkload47/Y
 clkload48/Y
 clkload49/X
 clkload5/Y
 clkload50/Y
 clkload51/Y
 clkload52/Y
 clkload53/Y
 clkload54/Y
 clkload55/Y
 clkload56/Y
 clkload57/Y
 clkload58/Y
 clkload59/Y
 clkload6/X
 clkload60/Y
 clkload61/Y
 clkload62/Y
 clkload63/Y
 clkload64/Y
 clkload65/Y
 clkload66/X
 clkload67/Y
 clkload68/Y
 clkload69/Y
 clkload7/Y
 clkload70/X
 clkload71/X
 clkload72/Y
 clkload73/Y
 clkload74/X
 clkload75/Y
 clkload76/Y
 clkload77/Y
 clkload78/Y
 clkload79/Y
 clkload8/Y
 clkload80/Y
 clkload81/Y
 clkload82/Y
 clkload83/Y
 clkload84/X
 clkload85/Y
 clkload86/Y
 clkload87/Y
 clkload88/X
 clkload89/X
 clkload9/Y
 clkload90/Y
 clkload91/X
 clkload92/Y
 clkload93/Y
 clkload94/Y
 clkload95/Y
 clkload96/Y
 clkload97/Y
 clkload98/Y
 clkload99/Y
Found 0 partially unannotated drivers.

===========================================================================
max slew violation count 0
Writing metric design__max_slew_violation__count__corner:nom_typ_1p20V_25C: 0
max fanout violation count 4
Writing metric design__max_fanout_violation__count__corner:nom_typ_1p20V_25C: 4
max cap violation count 0
Writing metric design__max_cap_violation__count__corner:nom_typ_1p20V_25C: 0
============================================================================

===========================================================================
check_setup -verbose -unconstrained_endpoints -multiple_clock -no_clock -no_input_delay -loops -generated_clocks
===========================================================================
Warning: There are 5 input ports missing set_input_delay.
  i_rst_n
  i_serial_rx
  i_spi_mosi
  i_spi_sclk
  i_spi_ss_n
Warning: There are 60 unclocked register/latch pins.
  _43133_/CLK
  _43134_/CLK
  _43135_/CLK
  _43136_/CLK
  _43137_/CLK
  _43138_/CLK
  _43139_/CLK
  _43140_/CLK
  _43141_/CLK
  _43142_/CLK
  _43143_/CLK
  _43144_/CLK
  _43145_/CLK
  _43146_/CLK
  _43147_/CLK
  _43148_/CLK
  _43149_/CLK
  _43150_/CLK
  _43151_/CLK
  _43152_/CLK
  _43153_/CLK
  _43154_/CLK
  _43155_/CLK
  _43156_/CLK
  _43157_/CLK
  _43158_/CLK
  _43159_/CLK
  _43160_/CLK
  _43161_/CLK
  _43162_/CLK
  _43163_/CLK
  _43164_/CLK
  _43165_/CLK
  _43166_/CLK
  _43167_/CLK
  _43168_/CLK
  _43388_/CLK
  _43389_/CLK
  _43390_/CLK
  _43391_/CLK
  _43392_/CLK
  _43393_/CLK
  _43394_/CLK
  _43395_/CLK
  _43781_/CLK
  _43782_/CLK
  _43783_/CLK
  _43784_/CLK
  _43785_/CLK
  _43786_/CLK
  _43787_/CLK
  _43788_/CLK
  _43789_/CLK
  _43790_/CLK
  _43791_/CLK
  _43792_/CLK
  _43793_/CLK
  _43794_/CLK
  _43795_/CLK
  _43796_/CLK
Warning: There are 64 unconstrained endpoints.
  o_serial_tx
  o_spi_miso
  _43131_/D
  _43133_/D
  _43134_/D
  _43135_/D
  _43136_/D
  _43137_/D
  _43138_/D
  _43139_/D
  _43140_/D
  _43141_/D
  _43142_/D
  _43143_/D
  _43144_/D
  _43145_/D
  _43146_/D
  _43147_/D
  _43148_/D
  _43149_/D
  _43150_/D
  _43151_/D
  _43152_/D
  _43153_/D
  _43154_/D
  _43155_/D
  _43156_/D
  _43157_/D
  _43158_/D
  _43159_/D
  _43160_/D
  _43161_/D
  _43162_/D
  _43163_/D
  _43164_/D
  _43165_/D
  _43166_/D
  _43167_/D
  _43168_/D
  _43259_/D
  _43388_/D
  _43389_/D
  _43390_/D
  _43391_/D
  _43392_/D
  _43393_/D
  _43394_/D
  _43395_/D
  _43781_/D
  _43782_/D
  _43783_/D
  _43784_/D
  _43785_/D
  _43786_/D
  _43787_/D
  _43788_/D
  _43789_/D
  _43790_/D
  _43791_/D
  _43792_/D
  _43793_/D
  _43794_/D
  _43795_/D
  _43796_/D
