
===========================================================================
report_checks -unconstrained
===========================================================================
======================= nom_slow_1p08V_125C Corner ===================================

Startpoint: _43105_ (rising edge-triggered flip-flop clocked by clk)
Endpoint: _41138_ (recovery check against rising-edge clock clk)
Path Group: asynchronous
Path Type: max

Fanout         Cap        Slew       Delay        Time   Description
---------------------------------------------------------------------------------------------
                                  0.000000    0.000000   clock clk (rise edge)
                                  0.000000    0.000000   clock source latency
     2    0.107065    0.000000    0.000000    0.000000 ^ i_clk (in)
                                                         i_clk (net)
                      0.047005    0.023502    0.023502 ^ clkbuf_0_i_clk/A (sg13g2_buf_8)
     4    0.146249    0.133260    0.178124    0.201627 ^ clkbuf_0_i_clk/X (sg13g2_buf_8)
                                                         clknet_0_i_clk (net)
                      0.136604    0.016792    0.218419 ^ clkbuf_2_2_0_i_clk/A (sg13g2_buf_8)
    16    0.280051    0.232687    0.296267    0.514686 ^ clkbuf_2_2_0_i_clk/X (sg13g2_buf_8)
                                                         clknet_2_2_0_i_clk (net)
                      0.237695    0.027179    0.541865 ^ clkbuf_6_43_0_i_clk/A (sg13g2_buf_8)
     2    0.020792    0.046805    0.194190    0.736055 ^ clkbuf_6_43_0_i_clk/X (sg13g2_buf_8)
                                                         clknet_6_43_0_i_clk (net)
                      0.046813    0.001310    0.737365 ^ clkbuf_7_86__f_i_clk/A (sg13g2_buf_8)
     5    0.056748    0.062747    0.131990    0.869354 ^ clkbuf_7_86__f_i_clk/X (sg13g2_buf_8)
                                                         clknet_7_86__leaf_i_clk (net)
                      0.062824    0.001729    0.871083 ^ _43105_/CLK (sg13g2_dfrbpq_2)
     3    0.021058    0.072622    0.327244    1.198327 v _43105_/Q (sg13g2_dfrbpq_2)
                                                         soft_reset (net)
                      0.072676    0.001807    1.200134 v _23184_/A_N (sg13g2_nand2b_2)
     2    0.034223    0.205759    0.277899    1.478034 v _23184_/Y (sg13g2_nand2b_2)
                                                         _15298_ (net)
                      0.205845    0.003863    1.481897 v fanout3213/A (sg13g2_buf_8)
     8    0.133451    0.113722    0.244025    1.725922 v fanout3213/X (sg13g2_buf_8)
                                                         net3213 (net)
                      0.115140    0.010495    1.736416 v _23185_/A (sg13g2_inv_1)
     1    0.008622    0.078928    0.100883    1.837300 ^ _23185_/Y (sg13g2_inv_1)
                                                         internal_rst_n (net)
                      0.078966    0.000680    1.837980 ^ fanout3074/A (sg13g2_buf_8)
     4    0.098697    0.096661    0.166448    2.004428 ^ fanout3074/X (sg13g2_buf_8)
                                                         net3074 (net)
                      0.097722    0.008216    2.012644 ^ fanout3073/A (sg13g2_buf_8)
     6    0.063640    0.069664    0.161211    2.173855 ^ fanout3073/X (sg13g2_buf_8)
                                                         net3073 (net)
                      0.071793    0.009286    2.183141 ^ fanout3072/A (sg13g2_buf_8)
     7    0.113378    0.108637    0.169309    2.352450 ^ fanout3072/X (sg13g2_buf_8)
                                                         net3072 (net)
                      0.112389    0.015837    2.368287 ^ fanout3067/A (sg13g2_buf_1)
     4    0.022626    0.154055    0.218996    2.587284 ^ fanout3067/X (sg13g2_buf_1)
                                                         net3067 (net)
                      0.154067    0.001452    2.588736 ^ fanout3066/A (sg13g2_buf_1)
     4    0.023705    0.159616    0.240491    2.829227 ^ fanout3066/X (sg13g2_buf_1)
                                                         net3066 (net)
                      0.159622    0.001177    2.830404 ^ fanout3065/A (sg13g2_buf_2)
     4    0.022728    0.089596    0.207111    3.037515 ^ fanout3065/X (sg13g2_buf_2)
                                                         net3065 (net)
                      0.089617    0.001324    3.038840 ^ _41138_/RESET_B (sg13g2_dfrbpq_1)
                                              3.038840   data arrival time

                                 50.000000   50.000000   clock clk (rise edge)
                                  0.000000   50.000000   clock source latency
     2    0.107065    0.000000    0.000000   50.000000 ^ i_clk (in)
                                                         i_clk (net)
                      0.047005    0.023501   50.023499 ^ clkbuf_0_i_clk/A (sg13g2_buf_8)
     4    0.146249    0.133260    0.178126   50.201626 ^ clkbuf_0_i_clk/X (sg13g2_buf_8)
                                                         clknet_0_i_clk (net)
                      0.136604    0.016794   50.218418 ^ clkbuf_2_2_0_i_clk/A (sg13g2_buf_8)
    16    0.280051    0.232687    0.296264   50.514683 ^ clkbuf_2_2_0_i_clk/X (sg13g2_buf_8)
                                                         clknet_2_2_0_i_clk (net)
                      0.233659    0.012474   50.527157 ^ clkbuf_6_37_0_i_clk/A (sg13g2_buf_8)
     2    0.020259    0.046243    0.192511   50.719669 ^ clkbuf_6_37_0_i_clk/X (sg13g2_buf_8)
                                                         clknet_6_37_0_i_clk (net)
                      0.046250    0.001286   50.720955 ^ clkbuf_7_75__f_i_clk/A (sg13g2_buf_8)
     4    0.046111    0.054782    0.126029   50.846985 ^ clkbuf_7_75__f_i_clk/X (sg13g2_buf_8)
                                                         clknet_7_75__leaf_i_clk (net)
                      0.054840    0.001528   50.848511 ^ clkbuf_leaf_291_i_clk/A (sg13g2_buf_8)
     7    0.028918    0.043180    0.120799   50.969311 ^ clkbuf_leaf_291_i_clk/X (sg13g2_buf_8)
                                                         clknet_leaf_291_i_clk (net)
                      0.043197    0.001275   50.970585 ^ _41138_/CLK (sg13g2_dfrbpq_1)
                                  0.000000   50.970585   clock reconvergence pessimism
                                 -0.226038   50.744549   library recovery time
                                             50.744549   data required time
---------------------------------------------------------------------------------------------
                                             50.744549   data required time
                                             -3.038840   data arrival time
---------------------------------------------------------------------------------------------
                                             47.705708   slack (MET)


Startpoint: _42305_ (rising edge-triggered flip-flop clocked by clk)
Endpoint: _42341_ (rising edge-triggered flip-flop clocked by clk)
Path Group: clk
Path Type: max

Fanout         Cap        Slew       Delay        Time   Description
---------------------------------------------------------------------------------------------
                                  0.000000    0.000000   clock clk (rise edge)
                                  0.000000    0.000000   clock source latency
     2    0.107065    0.000000    0.000000    0.000000 ^ i_clk (in)
                                                         i_clk (net)
                      0.047005    0.023502    0.023502 ^ clkbuf_0_i_clk/A (sg13g2_buf_8)
     4    0.146249    0.133260    0.178124    0.201627 ^ clkbuf_0_i_clk/X (sg13g2_buf_8)
                                                         clknet_0_i_clk (net)
                      0.134845    0.011798    0.213425 ^ clkbuf_2_1_0_i_clk/A (sg13g2_buf_8)
    16    0.311260    0.257216    0.302511    0.515935 ^ clkbuf_2_1_0_i_clk/X (sg13g2_buf_8)
                                                         clknet_2_1_0_i_clk (net)
                      0.258501    0.015374    0.531309 ^ clkbuf_6_25_0_i_clk/A (sg13g2_buf_8)
     2    0.021670    0.048488    0.201821    0.733130 ^ clkbuf_6_25_0_i_clk/X (sg13g2_buf_8)
                                                         clknet_6_25_0_i_clk (net)
                      0.048490    0.000836    0.733966 ^ clkbuf_7_50__f_i_clk/A (sg13g2_buf_8)
     5    0.063720    0.067940    0.136010    0.869977 ^ clkbuf_7_50__f_i_clk/X (sg13g2_buf_8)
                                                         clknet_7_50__leaf_i_clk (net)
                      0.068078    0.002414    0.872390 ^ clkbuf_leaf_82_i_clk/A (sg13g2_buf_8)
     6    0.026137    0.041740    0.126505    0.998895 ^ clkbuf_leaf_82_i_clk/X (sg13g2_buf_8)
                                                         clknet_leaf_82_i_clk (net)
                      0.041761    0.001615    1.000510 ^ _42305_/CLK (sg13g2_dfrbpq_2)
     2    0.017196    0.073716    0.311349    1.311859 ^ _42305_/Q (sg13g2_dfrbpq_2)
                                                         u_fft_core.u_twiddle_interface.cnt_q[2] (net)
                      0.073718    0.000520    1.312379 ^ fanout3796/A (sg13g2_buf_8)
     5    0.043171    0.053461    0.139342    1.451721 ^ fanout3796/X (sg13g2_buf_8)
                                                         net3796 (net)
                      0.053703    0.002235    1.453957 ^ fanout3792/A (sg13g2_buf_1)
     4    0.023491    0.157946    0.194845    1.648802 ^ fanout3792/X (sg13g2_buf_1)
                                                         net3792 (net)
                      0.158015    0.001386    1.650188 ^ fanout3791/A (sg13g2_buf_8)
     8    0.053649    0.064293    0.184065    1.834253 ^ fanout3791/X (sg13g2_buf_8)
                                                         net3791 (net)
                      0.064340    0.001194    1.835447 ^ _25518_/B_N (sg13g2_nor2b_2)
     8    0.045923    0.313550    0.351556    2.187002 ^ _25518_/Y (sg13g2_nor2b_2)
                                                         _17214_ (net)
                      0.313572    0.002214    2.189216 ^ _25522_/B1 (sg13g2_a21oi_2)
     6    0.034642    0.195929    0.221702    2.410919 v _25522_/Y (sg13g2_a21oi_2)
                                                         _17218_ (net)
                      0.195942    0.001695    2.412614 v _27079_/S (sg13g2_mux2_1)
     1    0.008682    0.078476    0.293095    2.705709 ^ _27079_/X (sg13g2_mux2_1)
                                                         _02562_ (net)
                      0.078477    0.000355    2.706064 ^ fanout2933/A (sg13g2_buf_8)
     5    0.065383    0.070336    0.153044    2.859107 ^ fanout2933/X (sg13g2_buf_8)
                                                         net2933 (net)
                      0.070999    0.005289    2.864397 ^ fanout2930/A (sg13g2_buf_8)
     4    0.035434    0.048052    0.133440    2.997837 ^ fanout2930/X (sg13g2_buf_8)
                                                         net2930 (net)
                      0.048098    0.001802    2.999639 ^ fanout2926/A (sg13g2_buf_8)
     8    0.033496    0.046004    0.119130    3.118769 ^ fanout2926/X (sg13g2_buf_8)
                                                         net2926 (net)
                      0.046082    0.001699    3.120468 ^ _27082_/C (sg13g2_nand3_1)
     4    0.018035    0.279875    0.270311    3.390779 v _27082_/Y (sg13g2_nand3_1)
                                                         _02565_ (net)
                      0.279958    0.001226    3.392005 v _27370_/A1 (sg13g2_a22oi_1)
     3    0.009670    0.187404    0.257294    3.649299 ^ _27370_/Y (sg13g2_a22oi_1)
                                                         _02853_ (net)
                      0.187404    0.000522    3.649821 ^ _27411_/A1 (sg13g2_o21ai_1)
     4    0.014637    0.178705    0.238691    3.888512 v _27411_/Y (sg13g2_o21ai_1)
                                                         _02894_ (net)
                      0.178707    0.000945    3.889457 v _27412_/C (sg13g2_nand3_1)
     7    0.027894    0.218514    0.255358    4.144816 ^ _27412_/Y (sg13g2_nand3_1)
                                                         _02895_ (net)
                      0.218538    0.001862    4.146677 ^ _27432_/A (sg13g2_nand4_1)
     7    0.026350    0.516950    0.508630    4.655307 v _27432_/Y (sg13g2_nand4_1)
                                                         _02915_ (net)
                      0.516978    0.003151    4.658459 v _27524_/A (sg13g2_and4_1)
     1    0.004195    0.056758    0.274565    4.933023 v _27524_/X (sg13g2_and4_1)
                                                         _03007_ (net)
                      0.056758    0.000298    4.933321 v _27617_/B (sg13g2_nor3_1)
     3    0.012719    0.301391    0.286404    5.219725 ^ _27617_/Y (sg13g2_nor3_1)
                                                         _03100_ (net)
                      0.301394    0.000758    5.220483 ^ _27620_/A2 (sg13g2_o21ai_1)
     3    0.011377    0.160176    0.229685    5.450168 v _27620_/Y (sg13g2_o21ai_1)
                                                         _03103_ (net)
                      0.160176    0.000665    5.450833 v _27701_/A2 (sg13g2_a21o_1)
     3    0.009117    0.071995    0.251526    5.702360 v _27701_/X (sg13g2_a21o_1)
                                                         _03184_ (net)
                      0.071995    0.000242    5.702601 v _27702_/B (sg13g2_and2_1)
     1    0.005854    0.049487    0.139369    5.841970 v _27702_/X (sg13g2_and2_1)
                                                         _03185_ (net)
                      0.049491    0.000449    5.842418 v _27706_/B (sg13g2_xnor2_1)
     1    0.005241    0.098312    0.152140    5.994558 v _27706_/Y (sg13g2_xnor2_1)
                                                         _03189_ (net)
                      0.098313    0.000211    5.994770 v _27712_/B (sg13g2_xnor2_1)
     4    0.015700    0.184100    0.246687    6.241457 v _27712_/Y (sg13g2_xnor2_1)
                                                         _03195_ (net)
                      0.184101    0.000874    6.242331 v _27764_/A (sg13g2_xnor2_1)
     2    0.008884    0.130344    0.239295    6.481625 v _27764_/Y (sg13g2_xnor2_1)
                                                         _03247_ (net)
                      0.130344    0.000345    6.481970 v _27884_/A (sg13g2_or4_1)
     2    0.006915    0.084438    0.365161    6.847132 v _27884_/X (sg13g2_or4_1)
                                                         _03367_ (net)
                      0.084439    0.000433    6.847565 v _27892_/B1 (sg13g2_a221oi_1)
     2    0.025199    0.568110    0.510964    7.358529 ^ _27892_/Y (sg13g2_a221oi_1)
                                                         _03375_ (net)
                      0.568122    0.002201    7.360730 ^ _27893_/A2 (sg13g2_o21ai_1)
     3    0.010165    0.180576    0.271947    7.632677 v _27893_/Y (sg13g2_o21ai_1)
                                                         _03376_ (net)
                      0.180576    0.000565    7.633242 v _27900_/A1 (sg13g2_o21ai_1)
     2    0.010339    0.208077    0.262459    7.895701 ^ _27900_/Y (sg13g2_o21ai_1)
                                                         _03383_ (net)
                      0.208148    0.000541    7.896242 ^ _27902_/A (sg13g2_nand2_1)
     2    0.007663    0.117276    0.157828    8.054070 v _27902_/Y (sg13g2_nand2_1)
                                                         _03385_ (net)
                      0.117276    0.000429    8.054499 v _27919_/B (sg13g2_nand3_1)
     1    0.005017    0.073471    0.103282    8.157781 ^ _27919_/Y (sg13g2_nand3_1)
                                                         _03402_ (net)
                      0.073471    0.000340    8.158121 ^ _27920_/B_N (sg13g2_nor2b_2)
     5    0.015576    0.133538    0.217246    8.375366 ^ _27920_/Y (sg13g2_nor2b_2)
                                                         u_fft_core.u_twiddle_interface.u_mult_2.u_clip.o_data_re[7] (net)
                      0.133544    0.000744    8.376111 ^ _27924_/A (sg13g2_and2_1)
     6    0.024648    0.168390    0.266409    8.642520 ^ _27924_/X (sg13g2_and2_1)
                                                         _03406_ (net)
                      0.168403    0.001637    8.644156 ^ _27930_/A1 (sg13g2_o21ai_1)
     1    0.002852    0.095300    0.141251    8.785407 v _27930_/Y (sg13g2_o21ai_1)
                                                         u_fft_core.u_twiddle_interface.u_mult_2.u_clip.o_data_re[1] (net)
                      0.095300    0.000178    8.785585 v _42341_/D (sg13g2_dfrbpq_1)
                                              8.785585   data arrival time

                                 50.000000   50.000000   clock clk (rise edge)
                                  0.000000   50.000000   clock source latency
     2    0.107065    0.000000    0.000000   50.000000 ^ i_clk (in)
                                                         i_clk (net)
                      0.047005    0.023501   50.023499 ^ clkbuf_0_i_clk/A (sg13g2_buf_8)
     4    0.146249    0.133260    0.178126   50.201626 ^ clkbuf_0_i_clk/X (sg13g2_buf_8)
                                                         clknet_0_i_clk (net)
                      0.134845    0.011799   50.213425 ^ clkbuf_2_1_0_i_clk/A (sg13g2_buf_8)
    16    0.311260    0.257216    0.302510   50.515934 ^ clkbuf_2_1_0_i_clk/X (sg13g2_buf_8)
                                                         clknet_2_1_0_i_clk (net)
                      0.257810    0.010704   50.526638 ^ clkbuf_6_17_0_i_clk/A (sg13g2_buf_8)
     2    0.022476    0.048964    0.202057   50.728695 ^ clkbuf_6_17_0_i_clk/X (sg13g2_buf_8)
                                                         clknet_6_17_0_i_clk (net)
                      0.048969    0.001137   50.729832 ^ clkbuf_7_34__f_i_clk/A (sg13g2_buf_8)
     4    0.070158    0.073583    0.137820   50.867653 ^ clkbuf_7_34__f_i_clk/X (sg13g2_buf_8)
                                                         clknet_7_34__leaf_i_clk (net)
                      0.075326    0.008807   50.876461 ^ clkbuf_leaf_85_i_clk/A (sg13g2_buf_8)
     4    0.024701    0.040989    0.129880   51.006340 ^ clkbuf_leaf_85_i_clk/X (sg13g2_buf_8)
                                                         clknet_leaf_85_i_clk (net)
                      0.040989    0.000210   51.006550 ^ _42341_/CLK (sg13g2_dfrbpq_1)
                                  0.000000   51.006550   clock reconvergence pessimism
                                 -0.205584   50.800964   library setup time
                                             50.800964   data required time
---------------------------------------------------------------------------------------------
                                             50.800964   data required time
                                             -8.785585   data arrival time
---------------------------------------------------------------------------------------------
                                             42.015381   slack (MET)




===========================================================================
report_checks --slack_max -0.01
============================================================================
======================= nom_slow_1p08V_125C Corner ===================================

No paths found.


===========================================================================
 report_check_types -max_slew -max_cap -max_fanout -violators
============================================================================
======================= nom_slow_1p08V_125C Corner ===================================

max fanout

Pin                                   Limit Fanout  Slack
---------------------------------------------------------
clkbuf_2_0_0_i_clk/X                      8     16     -8 (VIOLATED)
clkbuf_2_1_0_i_clk/X                      8     16     -8 (VIOLATED)
clkbuf_2_2_0_i_clk/X                      8     16     -8 (VIOLATED)
clkbuf_2_3_0_i_clk/X                      8     16     -8 (VIOLATED)



===========================================================================
report_parasitic_annotation -report_unannotated
============================================================================
Found 223 unannotated drivers.
 clkload0/Y
 clkload1/Y
 clkload10/Y
 clkload100/Y
 clkload101/Y
 clkload102/X
 clkload103/Y
 clkload104/Y
 clkload105/Y
 clkload106/Y
 clkload107/Y
 clkload108/Y
 clkload109/Y
 clkload11/Y
 clkload110/Y
 clkload111/X
 clkload112/X
 clkload113/Y
 clkload114/X
 clkload115/X
 clkload116/X
 clkload117/X
 clkload118/Y
 clkload119/Y
 clkload12/X
 clkload120/Y
 clkload121/Y
 clkload122/Y
 clkload123/Y
 clkload124/Y
 clkload125/Y
 clkload126/Y
 clkload127/Y
 clkload128/Y
 clkload129/Y
 clkload13/Y
 clkload130/Y
 clkload131/Y
 clkload132/Y
 clkload133/Y
 clkload134/Y
 clkload135/Y
 clkload136/Y
 clkload137/Y
 clkload138/Y
 clkload139/Y
 clkload14/Y
 clkload140/X
 clkload141/Y
 clkload142/Y
 clkload143/Y
 clkload144/Y
 clkload145/Y
 clkload146/Y
 clkload147/Y
 clkload148/Y
 clkload149/X
 clkload15/X
 clkload150/Y
 clkload151/Y
 clkload152/X
 clkload153/Y
 clkload154/X
 clkload155/Y
 clkload156/Y
 clkload157/Y
 clkload158/Y
 clkload159/Y
 clkload16/Y
 clkload160/Y
 clkload161/X
 clkload162/X
 clkload163/Y
 clkload164/Y
 clkload165/Y
 clkload166/Y
 clkload167/Y
 clkload168/Y
 clkload169/Y
 clkload17/Y
 clkload170/Y
 clkload171/Y
 clkload172/Y
 clkload173/Y
 clkload174/Y
 clkload175/Y
 clkload176/Y
 clkload177/X
 clkload178/Y
 clkload179/Y
 clkload18/Y
 clkload180/Y
 clkload181/Y
 clkload182/Y
 clkload183/Y
 clkload184/Y
 clkload185/Y
 clkload186/Y
 clkload187/X
 clkload188/Y
 clkload189/Y
 clkload19/Y
 clkload190/Y
 clkload191/Y
 clkload192/Y
 clkload193/Y
 clkload194/X
 clkload195/X
 clkload196/Y
 clkload197/Y
 clkload198/Y
 clkload199/Y
 clkload2/X
 clkload20/Y
 clkload200/X
 clkload201/Y
 clkload202/Y
 clkload203/Y
 clkload204/Y
 clkload205/X
 clkload206/Y
 clkload207/Y
 clkload208/Y
 clkload209/Y
 clkload21/Y
 clkload210/Y
 clkload211/Y
 clkload212/Y
 clkload213/Y
 clkload214/X
 clkload215/Y
 clkload216/Y
 clkload217/Y
 clkload218/X
 clkload219/Y
 clkload22/X
 clkload220/Y
 clkload221/Y
 clkload222/Y
 clkload23/Y
 clkload24/Y
 clkload25/Y
 clkload26/Y
 clkload27/Y
 clkload28/Y
 clkload29/X
 clkload3/Y
 clkload30/X
 clkload31/Y
 clkload32/Y
 clkload33/Y
 clkload34/Y
 clkload35/Y
 clkload36/X
 clkload37/X
 clkload38/Y
 clkload39/Y
 clkload4/Y
 clkload40/Y
 clkload41/Y
 clkload42/Y
 clkload43/Y
 clkload44/Y
 clkload45/X
 clkload46/Y
 clkload47/Y
 clkload48/Y
 clkload49/X
 clkload5/Y
 clkload50/Y
 clkload51/Y
 clkload52/Y
 clkload53/Y
 clkload54/Y
 clkload55/Y
 clkload56/Y
 clkload57/Y
 clkload58/Y
 clkload59/Y
 clkload6/X
 clkload60/Y
 clkload61/Y
 clkload62/Y
 clkload63/Y
 clkload64/Y
 clkload65/Y
 clkload66/X
 clkload67/Y
 clkload68/Y
 clkload69/Y
 clkload7/Y
 clkload70/X
 clkload71/X
 clkload72/Y
 clkload73/Y
 clkload74/X
 clkload75/Y
 clkload76/Y
 clkload77/Y
 clkload78/Y
 clkload79/Y
 clkload8/Y
 clkload80/Y
 clkload81/Y
 clkload82/Y
 clkload83/Y
 clkload84/X
 clkload85/Y
 clkload86/Y
 clkload87/Y
 clkload88/X
 clkload89/X
 clkload9/Y
 clkload90/Y
 clkload91/X
 clkload92/Y
 clkload93/Y
 clkload94/Y
 clkload95/Y
 clkload96/Y
 clkload97/Y
 clkload98/Y
 clkload99/Y
Found 0 partially unannotated drivers.

===========================================================================
max slew violation count 0
max fanout violation count 4
max cap violation count 0
============================================================================

===========================================================================
check_setup -verbose -unconstrained_endpoints -multiple_clock -no_clock -no_input_delay -loops -generated_clocks
===========================================================================
Warning: There are 5 input ports missing set_input_delay.
  i_rst_n
  i_serial_rx
  i_spi_mosi
  i_spi_sclk
  i_spi_ss_n
Warning: There are 60 unclocked register/latch pins.
  _43133_/CLK
  _43134_/CLK
  _43135_/CLK
  _43136_/CLK
  _43137_/CLK
  _43138_/CLK
  _43139_/CLK
  _43140_/CLK
  _43141_/CLK
  _43142_/CLK
  _43143_/CLK
  _43144_/CLK
  _43145_/CLK
  _43146_/CLK
  _43147_/CLK
  _43148_/CLK
  _43149_/CLK
  _43150_/CLK
  _43151_/CLK
  _43152_/CLK
  _43153_/CLK
  _43154_/CLK
  _43155_/CLK
  _43156_/CLK
  _43157_/CLK
  _43158_/CLK
  _43159_/CLK
  _43160_/CLK
  _43161_/CLK
  _43162_/CLK
  _43163_/CLK
  _43164_/CLK
  _43165_/CLK
  _43166_/CLK
  _43167_/CLK
  _43168_/CLK
  _43388_/CLK
  _43389_/CLK
  _43390_/CLK
  _43391_/CLK
  _43392_/CLK
  _43393_/CLK
  _43394_/CLK
  _43395_/CLK
  _43781_/CLK
  _43782_/CLK
  _43783_/CLK
  _43784_/CLK
  _43785_/CLK
  _43786_/CLK
  _43787_/CLK
  _43788_/CLK
  _43789_/CLK
  _43790_/CLK
  _43791_/CLK
  _43792_/CLK
  _43793_/CLK
  _43794_/CLK
  _43795_/CLK
  _43796_/CLK
Warning: There are 64 unconstrained endpoints.
  o_serial_tx
  o_spi_miso
  _43131_/D
  _43133_/D
  _43134_/D
  _43135_/D
  _43136_/D
  _43137_/D
  _43138_/D
  _43139_/D
  _43140_/D
  _43141_/D
  _43142_/D
  _43143_/D
  _43144_/D
  _43145_/D
  _43146_/D
  _43147_/D
  _43148_/D
  _43149_/D
  _43150_/D
  _43151_/D
  _43152_/D
  _43153_/D
  _43154_/D
  _43155_/D
  _43156_/D
  _43157_/D
  _43158_/D
  _43159_/D
  _43160_/D
  _43161_/D
  _43162_/D
  _43163_/D
  _43164_/D
  _43165_/D
  _43166_/D
  _43167_/D
  _43168_/D
  _43259_/D
  _43388_/D
  _43389_/D
  _43390_/D
  _43391_/D
  _43392_/D
  _43393_/D
  _43394_/D
  _43395_/D
  _43781_/D
  _43782_/D
  _43783_/D
  _43784_/D
  _43785_/D
  _43786_/D
  _43787_/D
  _43788_/D
  _43789_/D
  _43790_/D
  _43791_/D
  _43792_/D
  _43793_/D
  _43794_/D
  _43795_/D
  _43796_/D
