Clock: clk
Sources: i_clk 
Generated: no
Virtual: yes
Propagated: no
Period: 50.000000

===========================================================================
report_clock_properties
============================================================================
Clock                   Period          Waveform
----------------------------------------------------
clk                  50.000000    0.000000 25.000000

===========================================================================
report_clock_latency
============================================================================
Clock clk
rise -> rise
    min     max
0.000000 0.000000 source latency
0.851505         network latency _41764_/CLK
        1.039489 network latency _41159_/CLK
---------------
0.851505 1.039489 latency
        0.187984 skew

fall -> fall
    min     max
0.000000 0.000000 source latency
0.831738         network latency _41764_/CLK
        1.016115 network latency _41159_/CLK
---------------
0.831738 1.016115 latency
        0.184377 skew



===========================================================================
report_clock_min_period
============================================================================
clk period_min = 7.98 fmax = 125.24
