
===========================================================================
 report_power
============================================================================
======================= nom_slow_1p08V_125C Corner ===================================

Group                    Internal    Switching      Leakage        Total
                            Power        Power        Power        Power (Watts)
------------------------------------------------------------------------
Sequential           3.017445e-03 1.581202e-05 7.694665e-06 3.040952e-03  52.8%
Combinational        5.725433e-04 6.851452e-04 1.529902e-05 1.272988e-03  22.1%
Clock                8.710488e-04 5.728169e-04 5.738179e-06 1.449604e-03  25.2%
Macro                0.000000e+00 0.000000e+00 0.000000e+00 0.000000e+00   0.0%
Pad                  0.000000e+00 0.000000e+00 0.000000e+00 0.000000e+00   0.0%
------------------------------------------------------------------------
Total                4.461037e-03 1.273774e-03 2.873008e-05 5.763541e-03 100.0%
                            77.4%        22.1%         0.5%

