Clock: clk
Sources: i_clk 
Generated: no
Virtual: yes
Propagated: no
Period: 50.000000

===========================================================================
report_clock_properties
============================================================================
Clock                   Period          Waveform
----------------------------------------------------
clk                  50.000000    0.000000 25.000000

===========================================================================
report_clock_latency
============================================================================
Clock clk
rise -> rise
    min     max
0.000000 0.000000 source latency
0.506748         network latency _41764_/CLK
        0.615728 network latency _42372_/CLK
---------------
0.506748 0.615728 latency
        0.108980 skew

fall -> fall
    min     max
0.000000 0.000000 source latency
0.496254         network latency _41764_/CLK
        0.605963 network latency _42372_/CLK
---------------
0.496254 0.605963 latency
        0.109710 skew



===========================================================================
report_clock_min_period
============================================================================
clk period_min = 4.84 fmax = 206.81
