                                                                        Cells by Master                                                                         
┏━━━━━━━━━━━━━━━━━━━━━━━━━━━━━━━━━━━━━━━━━━━━━━━━━━━━━━━━━━━━━━━━━━━━━━━━━━━━━━━━━━━━━━━━━━━━━━━━━━━━━━━━━━━━━━━━━━┳━━━━━━━━━━━━━━━━━━━━━━━━━━━━━━━━━━━━━━━━━━━┓
┃ Cell                                                                                                             ┃ Count                                     ┃
┡━━━━━━━━━━━━━━━━━━━━━━━━━━━━━━━━━━━━━━━━━━━━━━━━━━━━━━━━━━━━━━━━━━━━━━━━━━━━━━━━━━━━━━━━━━━━━━━━━━━━━━━━━━━━━━━━━━╇━━━━━━━━━━━━━━━━━━━━━━━━━━━━━━━━━━━━━━━━━━━┩
│ sg13g2_a21o_1                                                                                                    │ 558                                       │
│ sg13g2_a21o_2                                                                                                    │ 39                                        │
│ sg13g2_a21oi_1                                                                                                   │ 1702                                      │
│ sg13g2_a21oi_2                                                                                                   │ 158                                       │
│ sg13g2_a221oi_1                                                                                                  │ 47                                        │
│ sg13g2_a22oi_1                                                                                                   │ 331                                       │
│ sg13g2_and2_1                                                                                                    │ 436                                       │
│ sg13g2_and3_1                                                                                                    │ 122                                       │
│ sg13g2_and3_2                                                                                                    │ 38                                        │
│ sg13g2_and4_1                                                                                                    │ 101                                       │
│ sg13g2_antennanp                                                                                                 │ 4                                         │
│ sg13g2_buf_1                                                                                                     │ 183                                       │
│ sg13g2_buf_2                                                                                                     │ 158                                       │
│ sg13g2_buf_8                                                                                                     │ 1804                                      │
│ sg13g2_decap_4                                                                                                   │ 3982                                      │
│ sg13g2_decap_8                                                                                                   │ 13724                                     │
│ sg13g2_dfrbpq_1                                                                                                  │ 2883                                      │
│ sg13g2_dfrbpq_2                                                                                                  │ 620                                       │
│ sg13g2_ebufn_8                                                                                                   │ 1                                         │
│ sg13g2_fill_1                                                                                                    │ 6591                                      │
│ sg13g2_fill_2                                                                                                    │ 6241                                      │
│ sg13g2_inv_1                                                                                                     │ 647                                       │
│ sg13g2_inv_2                                                                                                     │ 151                                       │
│ sg13g2_inv_4                                                                                                     │ 84                                        │
│ sg13g2_inv_8                                                                                                     │ 18                                        │
│ sg13g2_mux2_1                                                                                                    │ 1613                                      │
│ sg13g2_mux4_1                                                                                                    │ 136                                       │
│ sg13g2_nand2_1                                                                                                   │ 1686                                      │
│ sg13g2_nand2_2                                                                                                   │ 332                                       │
│ sg13g2_nand2b_1                                                                                                  │ 793                                       │
│ sg13g2_nand2b_2                                                                                                  │ 43                                        │
│ sg13g2_nand3_1                                                                                                   │ 600                                       │
│ sg13g2_nand3b_1                                                                                                  │ 30                                        │
│ sg13g2_nand4_1                                                                                                   │ 133                                       │
│ sg13g2_nor2_1                                                                                                    │ 1485                                      │
│ sg13g2_nor2_2                                                                                                    │ 96                                        │
│ sg13g2_nor2b_1                                                                                                   │ 787                                       │
│ sg13g2_nor2b_2                                                                                                   │ 42                                        │
│ sg13g2_nor3_1                                                                                                    │ 229                                       │
│ sg13g2_nor3_2                                                                                                    │ 27                                        │
│ sg13g2_nor4_1                                                                                                    │ 16                                        │
│ sg13g2_nor4_2                                                                                                    │ 3                                         │
│ sg13g2_o21ai_1                                                                                                   │ 1977                                      │
│ sg13g2_or2_1                                                                                                     │ 290                                       │
│ sg13g2_or3_1                                                                                                     │ 159                                       │
│ sg13g2_or4_1                                                                                                     │ 5                                         │
│ sg13g2_tiehi                                                                                                     │ 3250                                      │
│ sg13g2_tielo                                                                                                     │ 20                                        │
│ sg13g2_xnor2_1                                                                                                   │ 2802                                      │
│ sg13g2_xor2_1                                                                                                    │ 1690                                      │
└──────────────────────────────────────────────────────────────────────────────────────────────────────────────────┴───────────────────────────────────────────┘
