
===========================================================================
report_checks -unconstrained
===========================================================================
======================= nom_fast_1p32V_m40C Corner ===================================

Startpoint: _43105_ (rising edge-triggered flip-flop clocked by clk)
Endpoint: _43887_ (recovery check against rising-edge clock clk)
Path Group: asynchronous
Path Type: max

Fanout         Cap        Slew       Delay        Time   Description
---------------------------------------------------------------------------------------------
                                  0.000000    0.000000   clock clk (rise edge)
                                  0.000000    0.000000   clock source latency
     2    0.108204    0.000000    0.000000    0.000000 ^ i_clk (in)
                                                         i_clk (net)
                      0.047908    0.023954    0.023954 ^ clkbuf_0_i_clk/A (sg13g2_buf_8)
     4    0.151046    0.059548    0.080211    0.104165 ^ clkbuf_0_i_clk/X (sg13g2_buf_8)
                                                         clknet_0_i_clk (net)
                      0.067491    0.016613    0.120779 ^ clkbuf_2_2_0_i_clk/A (sg13g2_buf_8)
    16    0.299240    0.103158    0.117788    0.238566 ^ clkbuf_2_2_0_i_clk/X (sg13g2_buf_8)
                                                         clknet_2_2_0_i_clk (net)
                      0.115867    0.027775    0.266342 ^ clkbuf_6_43_0_i_clk/A (sg13g2_buf_8)
     2    0.023190    0.021422    0.080146    0.346488 ^ clkbuf_6_43_0_i_clk/X (sg13g2_buf_8)
                                                         clknet_6_43_0_i_clk (net)
                      0.021450    0.001462    0.347950 ^ clkbuf_7_86__f_i_clk/A (sg13g2_buf_8)
     5    0.061437    0.028388    0.055715    0.403665 ^ clkbuf_7_86__f_i_clk/X (sg13g2_buf_8)
                                                         clknet_7_86__leaf_i_clk (net)
                      0.028599    0.001863    0.405528 ^ _43105_/CLK (sg13g2_dfrbpq_2)
     3    0.022210    0.032131    0.136719    0.542246 v _43105_/Q (sg13g2_dfrbpq_2)
                                                         soft_reset (net)
                      0.032287    0.001901    0.544148 v _23184_/A_N (sg13g2_nand2b_2)
     2    0.035988    0.095407    0.115631    0.659778 v _23184_/Y (sg13g2_nand2b_2)
                                                         _15298_ (net)
                      0.095661    0.004122    0.663900 v fanout3213/A (sg13g2_buf_8)
     8    0.138976    0.048048    0.095024    0.758925 v fanout3213/X (sg13g2_buf_8)
                                                         net3213 (net)
                      0.052866    0.010580    0.769504 v _23185_/A (sg13g2_inv_1)
     1    0.009822    0.037107    0.040734    0.810239 ^ _23185_/Y (sg13g2_inv_1)
                                                         internal_rst_n (net)
                      0.037132    0.000776    0.811015 ^ fanout3074/A (sg13g2_buf_8)
     4    0.103494    0.041329    0.063572    0.874587 ^ fanout3074/X (sg13g2_buf_8)
                                                         net3074 (net)
                      0.044655    0.008399    0.882987 ^ fanout3073/A (sg13g2_buf_8)
     6    0.066541    0.030517    0.062166    0.945153 ^ fanout3073/X (sg13g2_buf_8)
                                                         net3073 (net)
                      0.035758    0.009313    0.954466 ^ fanout3072/A (sg13g2_buf_8)
     7    0.119687    0.047606    0.064690    1.019156 ^ fanout3072/X (sg13g2_buf_8)
                                                         net3072 (net)
                      0.057483    0.015933    1.035089 ^ fanout3067/A (sg13g2_buf_1)
     4    0.025644    0.071558    0.093227    1.128317 ^ fanout3067/X (sg13g2_buf_1)
                                                         net3067 (net)
                      0.071614    0.001647    1.129963 ^ fanout3066/A (sg13g2_buf_1)
     4    0.027058    0.075293    0.100919    1.230882 ^ fanout3066/X (sg13g2_buf_1)
                                                         net3066 (net)
                      0.075328    0.001341    1.232223 ^ fanout3065/A (sg13g2_buf_2)
     4    0.026329    0.043038    0.086277    1.318501 ^ fanout3065/X (sg13g2_buf_2)
                                                         net3065 (net)
                      0.043138    0.001498    1.319999 ^ _43887_/RESET_B (sg13g2_dfrbpq_1)
                                              1.319999   data arrival time

                                 50.000000   50.000000   clock clk (rise edge)
                                  0.000000   50.000000   clock source latency
     2    0.108204    0.000000    0.000000   50.000000 ^ i_clk (in)
                                                         i_clk (net)
                      0.047908    0.023952   50.023952 ^ clkbuf_0_i_clk/A (sg13g2_buf_8)
     4    0.151046    0.059548    0.080213   50.104164 ^ clkbuf_0_i_clk/X (sg13g2_buf_8)
                                                         clknet_0_i_clk (net)
                      0.067491    0.016612   50.120777 ^ clkbuf_2_2_0_i_clk/A (sg13g2_buf_8)
    16    0.299240    0.103158    0.117787   50.238564 ^ clkbuf_2_2_0_i_clk/X (sg13g2_buf_8)
                                                         clknet_2_2_0_i_clk (net)
                      0.105795    0.013188   50.251751 ^ clkbuf_6_37_0_i_clk/A (sg13g2_buf_8)
     2    0.022658    0.020827    0.077559   50.329311 ^ clkbuf_6_37_0_i_clk/X (sg13g2_buf_8)
                                                         clknet_6_37_0_i_clk (net)
                      0.020852    0.001375   50.330685 ^ clkbuf_7_74__f_i_clk/A (sg13g2_buf_8)
     4    0.051236    0.025102    0.052808   50.383492 ^ clkbuf_7_74__f_i_clk/X (sg13g2_buf_8)
                                                         clknet_7_74__leaf_i_clk (net)
                      0.025545    0.002395   50.385887 ^ clkbuf_leaf_292_i_clk/A (sg13g2_buf_8)
     8    0.032890    0.019827    0.051273   50.437160 ^ clkbuf_leaf_292_i_clk/X (sg13g2_buf_8)
                                                         clknet_leaf_292_i_clk (net)
                      0.019837    0.000707   50.437866 ^ _43887_/CLK (sg13g2_dfrbpq_1)
                                  0.000000   50.437866   clock reconvergence pessimism
                                 -0.086282   50.351585   library recovery time
                                             50.351585   data required time
---------------------------------------------------------------------------------------------
                                             50.351585   data required time
                                             -1.319999   data arrival time
---------------------------------------------------------------------------------------------
                                             49.031586   slack (MET)


Startpoint: _42305_ (rising edge-triggered flip-flop clocked by clk)
Endpoint: _42341_ (rising edge-triggered flip-flop clocked by clk)
Path Group: clk
Path Type: max

Fanout         Cap        Slew       Delay        Time   Description
---------------------------------------------------------------------------------------------
                                  0.000000    0.000000   clock clk (rise edge)
                                  0.000000    0.000000   clock source latency
     2    0.108204    0.000000    0.000000    0.000000 ^ i_clk (in)
                                                         i_clk (net)
                      0.047908    0.023954    0.023954 ^ clkbuf_0_i_clk/A (sg13g2_buf_8)
     4    0.151046    0.059548    0.080211    0.104165 ^ clkbuf_0_i_clk/X (sg13g2_buf_8)
                                                         clknet_0_i_clk (net)
                      0.063603    0.011919    0.116084 ^ clkbuf_2_1_0_i_clk/A (sg13g2_buf_8)
    16    0.330448    0.109593    0.113272    0.229356 ^ clkbuf_2_1_0_i_clk/X (sg13g2_buf_8)
                                                         clknet_2_1_0_i_clk (net)
                      0.113393    0.016022    0.245378 ^ clkbuf_6_25_0_i_clk/A (sg13g2_buf_8)
     2    0.024068    0.021527    0.079902    0.325280 ^ clkbuf_6_25_0_i_clk/X (sg13g2_buf_8)
                                                         clknet_6_25_0_i_clk (net)
                      0.021537    0.000940    0.326220 ^ clkbuf_7_50__f_i_clk/A (sg13g2_buf_8)
     5    0.068408    0.030528    0.056292    0.382512 ^ clkbuf_7_50__f_i_clk/X (sg13g2_buf_8)
                                                         clknet_7_50__leaf_i_clk (net)
                      0.030931    0.002598    0.385110 ^ clkbuf_leaf_82_i_clk/A (sg13g2_buf_8)
     6    0.028569    0.018838    0.052029    0.437139 ^ clkbuf_leaf_82_i_clk/X (sg13g2_buf_8)
                                                         clknet_leaf_82_i_clk (net)
                      0.018939    0.001751    0.438890 ^ _42305_/CLK (sg13g2_dfrbpq_2)
     2    0.019595    0.034152    0.132449    0.571339 ^ _42305_/Q (sg13g2_dfrbpq_2)
                                                         u_fft_core.u_twiddle_interface.cnt_q[2] (net)
                      0.034163    0.000593    0.571932 ^ fanout3796/A (sg13g2_buf_8)
     5    0.047956    0.024617    0.057376    0.629308 ^ fanout3796/X (sg13g2_buf_8)
                                                         net3796 (net)
                      0.025079    0.002469    0.631777 ^ fanout3792/A (sg13g2_buf_1)
     4    0.026099    0.072455    0.084149    0.715926 ^ fanout3792/X (sg13g2_buf_1)
                                                         net3792 (net)
                      0.072505    0.001548    0.717474 ^ fanout3791/A (sg13g2_buf_8)
     8    0.058100    0.029189    0.073148    0.790622 ^ fanout3791/X (sg13g2_buf_8)
                                                         net3791 (net)
                      0.029321    0.001292    0.791915 ^ _25518_/B_N (sg13g2_nor2b_2)
     8    0.050625    0.140003    0.150383    0.942297 ^ _25518_/Y (sg13g2_nor2b_2)
                                                         _17214_ (net)
                      0.140066    0.002444    0.944741 ^ _25522_/B1 (sg13g2_a21oi_2)
     6    0.039289    0.095149    0.092538    1.037279 v _25522_/Y (sg13g2_a21oi_2)
                                                         _17218_ (net)
                      0.095206    0.001935    1.039214 v _27079_/S (sg13g2_mux2_1)
     1    0.009881    0.037175    0.121463    1.160677 ^ _27079_/X (sg13g2_mux2_1)
                                                         _02562_ (net)
                      0.037179    0.000405    1.161082 ^ fanout2933/A (sg13g2_buf_8)
     5    0.070331    0.031979    0.061545    1.222626 ^ fanout2933/X (sg13g2_buf_8)
                                                         net2933 (net)
                      0.033740    0.005613    1.228240 ^ fanout2930/A (sg13g2_buf_8)
     4    0.039350    0.021897    0.055408    1.283647 ^ fanout2930/X (sg13g2_buf_8)
                                                         net2930 (net)
                      0.022249    0.002002    1.285649 ^ fanout2926/A (sg13g2_buf_8)
     8    0.036869    0.020666    0.050305    1.335954 ^ fanout2926/X (sg13g2_buf_8)
                                                         net2926 (net)
                      0.021018    0.001869    1.337823 ^ _27082_/C (sg13g2_nand3_1)
     4    0.019704    0.130549    0.119335    1.457158 v _27082_/Y (sg13g2_nand3_1)
                                                         _02565_ (net)
                      0.130569    0.001349    1.458508 v _27370_/A1 (sg13g2_a22oi_1)
     3    0.010862    0.087404    0.101602    1.560110 ^ _27370_/Y (sg13g2_a22oi_1)
                                                         _02853_ (net)
                      0.087407    0.000592    1.560702 ^ _27411_/A1 (sg13g2_o21ai_1)
     4    0.016273    0.083709    0.099727    1.660428 v _27411_/Y (sg13g2_o21ai_1)
                                                         _02894_ (net)
                      0.083729    0.001057    1.661485 v _27412_/C (sg13g2_nand3_1)
     7    0.030013    0.101301    0.107828    1.769313 ^ _27412_/Y (sg13g2_nand3_1)
                                                         _02895_ (net)
                      0.101361    0.002009    1.771322 ^ _27432_/A (sg13g2_nand4_1)
     7    0.029203    0.243353    0.228140    1.999462 v _27432_/Y (sg13g2_nand4_1)
                                                         _02915_ (net)
                      0.243427    0.003498    2.002960 v _27524_/A (sg13g2_and4_1)
     1    0.004667    0.025147    0.100830    2.103790 v _27524_/X (sg13g2_and4_1)
                                                         _03007_ (net)
                      0.025147    0.000337    2.104127 v _27617_/B (sg13g2_nor3_1)
     3    0.014047    0.135303    0.121324    2.225451 ^ _27617_/Y (sg13g2_nor3_1)
                                                         _03100_ (net)
                      0.135311    0.000846    2.226297 ^ _27620_/A2 (sg13g2_o21ai_1)
     3    0.012699    0.074107    0.091222    2.317519 v _27620_/Y (sg13g2_o21ai_1)
                                                         _03103_ (net)
                      0.074146    0.000750    2.318269 v _27701_/A2 (sg13g2_a21o_1)
     3    0.010311    0.033285    0.101906    2.420176 v _27701_/X (sg13g2_a21o_1)
                                                         _03184_ (net)
                      0.033286    0.000273    2.420449 v _27702_/B (sg13g2_and2_1)
     1    0.006512    0.022521    0.057370    2.477819 v _27702_/X (sg13g2_and2_1)
                                                         _03185_ (net)
                      0.022536    0.000504    2.478323 v _27706_/B (sg13g2_xnor2_1)
     1    0.005899    0.047096    0.065539    2.543862 v _27706_/Y (sg13g2_xnor2_1)
                                                         _03189_ (net)
                      0.047097    0.000238    2.544100 v _27712_/B (sg13g2_xnor2_1)
     4    0.018043    0.090304    0.107237    2.651337 v _27712_/Y (sg13g2_xnor2_1)
                                                         _03195_ (net)
                      0.090348    0.001011    2.652348 v _27764_/A (sg13g2_xnor2_1)
     2    0.010376    0.063599    0.102991    2.755339 v _27764_/Y (sg13g2_xnor2_1)
                                                         _03247_ (net)
                      0.063600    0.000407    2.755746 v _27884_/A (sg13g2_or4_1)
     2    0.007765    0.037360    0.148405    2.904151 v _27884_/X (sg13g2_or4_1)
                                                         _03367_ (net)
                      0.037367    0.000492    2.904643 v _27892_/B1 (sg13g2_a221oi_1)
     2    0.026141    0.243792    0.209669    3.114312 ^ _27892_/Y (sg13g2_a221oi_1)
                                                         _03375_ (net)
                      0.243826    0.002318    3.116630 ^ _27893_/A2 (sg13g2_o21ai_1)
     3    0.011432    0.080586    0.101896    3.218526 v _27893_/Y (sg13g2_o21ai_1)
                                                         _03376_ (net)
                      0.080590    0.000641    3.219167 v _27900_/A1 (sg13g2_o21ai_1)
     2    0.011544    0.100097    0.112310    3.331477 ^ _27900_/Y (sg13g2_o21ai_1)
                                                         _03383_ (net)
                      0.100102    0.000605    3.332082 ^ _27902_/A (sg13g2_nand2_1)
     2    0.008528    0.054662    0.068174    3.400255 v _27902_/Y (sg13g2_nand2_1)
                                                         _03385_ (net)
                      0.054668    0.000480    3.400736 v _27919_/B (sg13g2_nand3_1)
     1    0.005372    0.034305    0.039841    3.440577 ^ _27919_/Y (sg13g2_nand3_1)
                                                         _03402_ (net)
                      0.034306    0.000371    3.440948 ^ _27920_/B_N (sg13g2_nor2b_2)
     5    0.017006    0.059745    0.090738    3.531686 ^ _27920_/Y (sg13g2_nor2b_2)
                                                         u_fft_core.u_twiddle_interface.u_mult_2.u_clip.o_data_re[7] (net)
                      0.059762    0.000815    3.532501 ^ _27924_/A (sg13g2_and2_1)
     6    0.027709    0.077974    0.112654    3.645156 ^ _27924_/X (sg13g2_and2_1)
                                                         _03406_ (net)
                      0.078072    0.001843    3.646999 ^ _27930_/A1 (sg13g2_o21ai_1)
     1    0.003020    0.040441    0.054370    3.701369 v _27930_/Y (sg13g2_o21ai_1)
                                                         u_fft_core.u_twiddle_interface.u_mult_2.u_clip.o_data_re[1] (net)
                      0.040441    0.000192    3.701561 v _42341_/D (sg13g2_dfrbpq_1)
                                              3.701561   data arrival time

                                 50.000000   50.000000   clock clk (rise edge)
                                  0.000000   50.000000   clock source latency
     2    0.108204    0.000000    0.000000   50.000000 ^ i_clk (in)
                                                         i_clk (net)
                      0.047908    0.023952   50.023952 ^ clkbuf_0_i_clk/A (sg13g2_buf_8)
     4    0.151046    0.059548    0.080213   50.104164 ^ clkbuf_0_i_clk/X (sg13g2_buf_8)
                                                         clknet_0_i_clk (net)
                      0.063603    0.011919   50.116085 ^ clkbuf_2_1_0_i_clk/A (sg13g2_buf_8)
    16    0.330448    0.109593    0.113271   50.229355 ^ clkbuf_2_1_0_i_clk/X (sg13g2_buf_8)
                                                         clknet_2_1_0_i_clk (net)
                      0.111188    0.011266   50.240620 ^ clkbuf_6_17_0_i_clk/A (sg13g2_buf_8)
     2    0.024875    0.021649    0.079535   50.320156 ^ clkbuf_6_17_0_i_clk/X (sg13g2_buf_8)
                                                         clknet_6_17_0_i_clk (net)
                      0.021667    0.001268   50.321423 ^ clkbuf_7_34__f_i_clk/A (sg13g2_buf_8)
     4    0.074955    0.032911    0.055557   50.376980 ^ clkbuf_7_34__f_i_clk/X (sg13g2_buf_8)
                                                         clknet_7_34__leaf_i_clk (net)
                      0.037295    0.009017   50.385998 ^ clkbuf_leaf_85_i_clk/A (sg13g2_buf_8)
     4    0.027295    0.018808    0.054239   50.440235 ^ clkbuf_leaf_85_i_clk/X (sg13g2_buf_8)
                                                         clknet_leaf_85_i_clk (net)
                      0.018808    0.000234   50.440472 ^ _42341_/CLK (sg13g2_dfrbpq_1)
                                  0.000000   50.440472   clock reconvergence pessimism
                                 -0.074282   50.366188   library setup time
                                             50.366188   data required time
---------------------------------------------------------------------------------------------
                                             50.366188   data required time
                                             -3.701561   data arrival time
---------------------------------------------------------------------------------------------
                                             46.664627   slack (MET)




===========================================================================
report_checks --slack_max -0.01
============================================================================
======================= nom_fast_1p32V_m40C Corner ===================================

No paths found.


===========================================================================
 report_check_types -max_slew -max_cap -max_fanout -violators
============================================================================
======================= nom_fast_1p32V_m40C Corner ===================================

max fanout

Pin                                   Limit Fanout  Slack
---------------------------------------------------------
clkbuf_2_0_0_i_clk/X                      8     16     -8 (VIOLATED)
clkbuf_2_1_0_i_clk/X                      8     16     -8 (VIOLATED)
clkbuf_2_2_0_i_clk/X                      8     16     -8 (VIOLATED)
clkbuf_2_3_0_i_clk/X                      8     16     -8 (VIOLATED)



===========================================================================
report_parasitic_annotation -report_unannotated
============================================================================
Found 223 unannotated drivers.
 clkload0/Y
 clkload1/Y
 clkload10/Y
 clkload100/Y
 clkload101/Y
 clkload102/X
 clkload103/Y
 clkload104/Y
 clkload105/Y
 clkload106/Y
 clkload107/Y
 clkload108/Y
 clkload109/Y
 clkload11/Y
 clkload110/Y
 clkload111/X
 clkload112/X
 clkload113/Y
 clkload114/X
 clkload115/X
 clkload116/X
 clkload117/X
 clkload118/Y
 clkload119/Y
 clkload12/X
 clkload120/Y
 clkload121/Y
 clkload122/Y
 clkload123/Y
 clkload124/Y
 clkload125/Y
 clkload126/Y
 clkload127/Y
 clkload128/Y
 clkload129/Y
 clkload13/Y
 clkload130/Y
 clkload131/Y
 clkload132/Y
 clkload133/Y
 clkload134/Y
 clkload135/Y
 clkload136/Y
 clkload137/Y
 clkload138/Y
 clkload139/Y
 clkload14/Y
 clkload140/X
 clkload141/Y
 clkload142/Y
 clkload143/Y
 clkload144/Y
 clkload145/Y
 clkload146/Y
 clkload147/Y
 clkload148/Y
 clkload149/X
 clkload15/X
 clkload150/Y
 clkload151/Y
 clkload152/X
 clkload153/Y
 clkload154/X
 clkload155/Y
 clkload156/Y
 clkload157/Y
 clkload158/Y
 clkload159/Y
 clkload16/Y
 clkload160/Y
 clkload161/X
 clkload162/X
 clkload163/Y
 clkload164/Y
 clkload165/Y
 clkload166/Y
 clkload167/Y
 clkload168/Y
 clkload169/Y
 clkload17/Y
 clkload170/Y
 clkload171/Y
 clkload172/Y
 clkload173/Y
 clkload174/Y
 clkload175/Y
 clkload176/Y
 clkload177/X
 clkload178/Y
 clkload179/Y
 clkload18/Y
 clkload180/Y
 clkload181/Y
 clkload182/Y
 clkload183/Y
 clkload184/Y
 clkload185/Y
 clkload186/Y
 clkload187/X
 clkload188/Y
 clkload189/Y
 clkload19/Y
 clkload190/Y
 clkload191/Y
 clkload192/Y
 clkload193/Y
 clkload194/X
 clkload195/X
 clkload196/Y
 clkload197/Y
 clkload198/Y
 clkload199/Y
 clkload2/X
 clkload20/Y
 clkload200/X
 clkload201/Y
 clkload202/Y
 clkload203/Y
 clkload204/Y
 clkload205/X
 clkload206/Y
 clkload207/Y
 clkload208/Y
 clkload209/Y
 clkload21/Y
 clkload210/Y
 clkload211/Y
 clkload212/Y
 clkload213/Y
 clkload214/X
 clkload215/Y
 clkload216/Y
 clkload217/Y
 clkload218/X
 clkload219/Y
 clkload22/X
 clkload220/Y
 clkload221/Y
 clkload222/Y
 clkload23/Y
 clkload24/Y
 clkload25/Y
 clkload26/Y
 clkload27/Y
 clkload28/Y
 clkload29/X
 clkload3/Y
 clkload30/X
 clkload31/Y
 clkload32/Y
 clkload33/Y
 clkload34/Y
 clkload35/Y
 clkload36/X
 clkload37/X
 clkload38/Y
 clkload39/Y
 clkload4/Y
 clkload40/Y
 clkload41/Y
 clkload42/Y
 clkload43/Y
 clkload44/Y
 clkload45/X
 clkload46/Y
 clkload47/Y
 clkload48/Y
 clkload49/X
 clkload5/Y
 clkload50/Y
 clkload51/Y
 clkload52/Y
 clkload53/Y
 clkload54/Y
 clkload55/Y
 clkload56/Y
 clkload57/Y
 clkload58/Y
 clkload59/Y
 clkload6/X
 clkload60/Y
 clkload61/Y
 clkload62/Y
 clkload63/Y
 clkload64/Y
 clkload65/Y
 clkload66/X
 clkload67/Y
 clkload68/Y
 clkload69/Y
 clkload7/Y
 clkload70/X
 clkload71/X
 clkload72/Y
 clkload73/Y
 clkload74/X
 clkload75/Y
 clkload76/Y
 clkload77/Y
 clkload78/Y
 clkload79/Y
 clkload8/Y
 clkload80/Y
 clkload81/Y
 clkload82/Y
 clkload83/Y
 clkload84/X
 clkload85/Y
 clkload86/Y
 clkload87/Y
 clkload88/X
 clkload89/X
 clkload9/Y
 clkload90/Y
 clkload91/X
 clkload92/Y
 clkload93/Y
 clkload94/Y
 clkload95/Y
 clkload96/Y
 clkload97/Y
 clkload98/Y
 clkload99/Y
Found 0 partially unannotated drivers.

===========================================================================
max slew violation count 0
max fanout violation count 4
max cap violation count 0
============================================================================

===========================================================================
check_setup -verbose -unconstrained_endpoints -multiple_clock -no_clock -no_input_delay -loops -generated_clocks
===========================================================================
Warning: There are 5 input ports missing set_input_delay.
  i_rst_n
  i_serial_rx
  i_spi_mosi
  i_spi_sclk
  i_spi_ss_n
Warning: There are 60 unclocked register/latch pins.
  _43133_/CLK
  _43134_/CLK
  _43135_/CLK
  _43136_/CLK
  _43137_/CLK
  _43138_/CLK
  _43139_/CLK
  _43140_/CLK
  _43141_/CLK
  _43142_/CLK
  _43143_/CLK
  _43144_/CLK
  _43145_/CLK
  _43146_/CLK
  _43147_/CLK
  _43148_/CLK
  _43149_/CLK
  _43150_/CLK
  _43151_/CLK
  _43152_/CLK
  _43153_/CLK
  _43154_/CLK
  _43155_/CLK
  _43156_/CLK
  _43157_/CLK
  _43158_/CLK
  _43159_/CLK
  _43160_/CLK
  _43161_/CLK
  _43162_/CLK
  _43163_/CLK
  _43164_/CLK
  _43165_/CLK
  _43166_/CLK
  _43167_/CLK
  _43168_/CLK
  _43388_/CLK
  _43389_/CLK
  _43390_/CLK
  _43391_/CLK
  _43392_/CLK
  _43393_/CLK
  _43394_/CLK
  _43395_/CLK
  _43781_/CLK
  _43782_/CLK
  _43783_/CLK
  _43784_/CLK
  _43785_/CLK
  _43786_/CLK
  _43787_/CLK
  _43788_/CLK
  _43789_/CLK
  _43790_/CLK
  _43791_/CLK
  _43792_/CLK
  _43793_/CLK
  _43794_/CLK
  _43795_/CLK
  _43796_/CLK
Warning: There are 64 unconstrained endpoints.
  o_serial_tx
  o_spi_miso
  _43131_/D
  _43133_/D
  _43134_/D
  _43135_/D
  _43136_/D
  _43137_/D
  _43138_/D
  _43139_/D
  _43140_/D
  _43141_/D
  _43142_/D
  _43143_/D
  _43144_/D
  _43145_/D
  _43146_/D
  _43147_/D
  _43148_/D
  _43149_/D
  _43150_/D
  _43151_/D
  _43152_/D
  _43153_/D
  _43154_/D
  _43155_/D
  _43156_/D
  _43157_/D
  _43158_/D
  _43159_/D
  _43160_/D
  _43161_/D
  _43162_/D
  _43163_/D
  _43164_/D
  _43165_/D
  _43166_/D
  _43167_/D
  _43168_/D
  _43259_/D
  _43388_/D
  _43389_/D
  _43390_/D
  _43391_/D
  _43392_/D
  _43393_/D
  _43394_/D
  _43395_/D
  _43781_/D
  _43782_/D
  _43783_/D
  _43784_/D
  _43785_/D
  _43786_/D
  _43787_/D
  _43788_/D
  _43789_/D
  _43790_/D
  _43791_/D
  _43792_/D
  _43793_/D
  _43794_/D
  _43795_/D
  _43796_/D
