Clock: clk
Sources: i_clk 
Generated: no
Virtual: yes
Propagated: no
Period: 50.000000

===========================================================================
report_clock_properties
============================================================================
Clock                   Period          Waveform
----------------------------------------------------
clk                  50.000000    0.000000 25.000000

===========================================================================
report_clock_latency
============================================================================
Clock clk
rise -> rise
    min     max
0.000000 0.000000 source latency
0.384589         network latency _42274_/CLK
        0.481097 network latency _41999_/CLK
---------------
0.384589 0.481097 latency
        0.096508 skew

fall -> fall
    min     max
0.000000 0.000000 source latency
0.376296         network latency _42274_/CLK
        0.474429 network latency _41999_/CLK
---------------
0.376296 0.474429 latency
        0.098133 skew



===========================================================================
report_clock_min_period
============================================================================
clk period_min = 3.34 fmax = 299.82
