Reading timing models for corner nom_typ_1p20V_25C…
Reading timing library for the 'nom_typ_1p20V_25C' corner at '/opt/pdks/ciel/ihp-sg13g2/versions/cb7daaa8901016cf7c5d272dfa322c41f024931f/ihp-sg13g2/libs.ref/sg13g2_stdcell/lib/sg13g2_stdcell_typ_1p20V_25C.lib'…
Reading OpenROAD database at '/home/designer/shared/FFT/parallel_fft/runs/RUN_2026-01-23_18-35-33/42-openroad-repairantennas/1-diodeinsertion/top_chip.odb'…
Reading design constraints file at '/home/designer/shared/FFT/parallel_fft/librelane/constraints/top.sdc'…
[INFO] No information on clock propagation in input SDC file-- propagating all clocks.
[INFO] Setting signal min routing layer to: Metal2 and clock min routing layer to Metal2. 
[INFO] Setting signal max routing layer to: TopMetal2 and clock max routing layer to TopMetal2. 
+ global_route -congestion_iterations 50 -verbose
[INFO GRT-0020] Min routing layer: Metal2
[INFO GRT-0021] Max routing layer: TopMetal2
[INFO GRT-0022] Global adjustment: 30%
[INFO GRT-0023] Grid origin: (0, 0)
[INFO GRT-0088] Layer Metal1  Track-Pitch = 0.4200  line-2-Via Pitch: 0.3650
[INFO GRT-0088] Layer Metal2  Track-Pitch = 0.4800  line-2-Via Pitch: 0.4150
[INFO GRT-0088] Layer Metal3  Track-Pitch = 0.4200  line-2-Via Pitch: 0.4150
[INFO GRT-0088] Layer Metal4  Track-Pitch = 0.4800  line-2-Via Pitch: 0.4150
[INFO GRT-0088] Layer Metal5  Track-Pitch = 0.4200  line-2-Via Pitch: 0.6200
[INFO GRT-0088] Layer TopMetal1 Track-Pitch = 2.2800  line-2-Via Pitch: 3.4100
[INFO GRT-0088] Layer TopMetal2 Track-Pitch = 4.0000  line-2-Via Pitch: 3.9500
[INFO GRT-0003] Macros: 0
[INFO GRT-0004] Blockages: 0
[INFO GRT-0019] Found 701 clock nets.
[INFO GRT-0001] Minimum degree: 2
[INFO GRT-0002] Maximum degree: 17

[INFO GRT-0053] Routing resources analysis:
          Routing      Original      Derated      Resource
Layer     Direction    Resources     Resources    Reduction (%)
---------------------------------------------------------------
Metal1     Horizontal          0             0          0.00%
Metal2     Vertical       252424        166173          34.17%
Metal3     Horizontal     291205        189871          34.80%
Metal4     Vertical       252424        166173          34.17%
Metal5     Horizontal     195295        130792          33.03%
TopMetal1    Vertical        19738         16405          16.89%
TopMetal2    Horizontal      19460         16256          16.46%
---------------------------------------------------------------

[INFO GRT-0197] Via related to pin nodes: 145631
[INFO GRT-0198] Via related Steiner nodes: 1819
[INFO GRT-0199] Via filling finished.
[INFO GRT-0111] Final number of vias: 175530
[INFO GRT-0112] Final usage 3D: 628617

[INFO GRT-0096] Final congestion report:
Layer         Resource        Demand        Usage (%)    Max H / Max V / Total Overflow
---------------------------------------------------------------------------------------
Metal1               0             0            0.00%             0 /  0 /  0
Metal2          166173         50268           30.25%             0 /  0 /  0
Metal3          189871         45436           23.93%             0 /  0 /  0
Metal4          166173          4573            2.75%             0 /  0 /  0
Metal5          130792          1709            1.31%             0 /  0 /  0
TopMetal1          16405            18            0.11%             0 /  0 /  0
TopMetal2          16256            23            0.14%             0 /  0 /  0
---------------------------------------------------------------------------------------
Total           685670        102027           14.88%             0 /  0 /  0

[INFO GRT-0018] Total wirelength: 1010060 um
[INFO GRT-0014] Routed nets: 28108
[INFO ORD-0030] Using 12 thread(s).
+ detailed_route -bottom_routing_layer Metal2 -top_routing_layer TopMetal2 -droute_end_iter 64 -or_seed 42 -verbose 1 -output_drc /home/designer/shared/FFT/parallel_fft/runs/RUN_2026-01-23_18-35-33/44-openroad-detailedrouting/drt-run-0/top_chip.drc
[INFO DRT-0149] Reading tech and libs.
[WARNING DRT-0349] LEF58_ENCLOSURE with no CUTCLASS is not supported. Skipping for layer Cont
[WARNING DRT-0349] LEF58_ENCLOSURE with no CUTCLASS is not supported. Skipping for layer Via1
[WARNING DRT-0349] LEF58_ENCLOSURE with no CUTCLASS is not supported. Skipping for layer Via1
[WARNING DRT-0349] LEF58_ENCLOSURE with no CUTCLASS is not supported. Skipping for layer Via2
[WARNING DRT-0349] LEF58_ENCLOSURE with no CUTCLASS is not supported. Skipping for layer Via3
[WARNING DRT-0349] LEF58_ENCLOSURE with no CUTCLASS is not supported. Skipping for layer Via4
[WARNING DRT-0349] LEF58_ENCLOSURE with no CUTCLASS is not supported. Skipping for layer TopVia1
[WARNING DRT-0349] LEF58_ENCLOSURE with no CUTCLASS is not supported. Skipping for layer TopVia1
[WARNING DRT-0349] LEF58_ENCLOSURE with no CUTCLASS is not supported. Skipping for layer TopVia2
[WARNING DRT-0349] LEF58_ENCLOSURE with no CUTCLASS is not supported. Skipping for layer TopVia2

Units:                1000
Number of layers:     15
Number of macros:     84
Number of vias:       76
Number of viarulegen: 6

[INFO DRT-0150] Reading design.

Design:                   top_chip
Die area:                 ( 0 0 ) ( 880000 880000 )
Number of track patterns: 14
Number of DEF vias:       0
Number of components:     28325
Number of terminals:      10
Number of snets:          2
Number of nets:           28108

[INFO DRT-0167] List of default vias:
  Layer Via2
    default via: Via2_YX
  Layer Via3
    default via: Via3_XY
  Layer Via4
    default via: Via4_YX
  Layer TopVia1
    default via: TopVia1EWNS
  Layer TopVia2
    default via: TopVia2EWNS
[INFO DRT-0162] Library cell analysis.
[INFO DRT-0163] Instance analysis.
[INFO DRT-0164] Number of unique instances = 175.
[INFO DRT-0168] Init region query.
[INFO DRT-0024]   Complete GatPoly.
[INFO DRT-0024]   Complete Cont.
[INFO DRT-0024]   Complete Metal1.
[INFO DRT-0024]   Complete Via1.
[INFO DRT-0024]   Complete Metal2.
[INFO DRT-0024]   Complete Via2.
[INFO DRT-0024]   Complete Metal3.
[INFO DRT-0024]   Complete Via3.
[INFO DRT-0024]   Complete Metal4.
[INFO DRT-0024]   Complete Via4.
[INFO DRT-0024]   Complete Metal5.
[INFO DRT-0024]   Complete TopVia1.
[INFO DRT-0024]   Complete TopMetal1.
[INFO DRT-0024]   Complete TopVia2.
[INFO DRT-0024]   Complete TopMetal2.
[INFO DRT-0033] GatPoly shape region query size = 0.
[INFO DRT-0033] Cont shape region query size = 0.
[INFO DRT-0033] Metal1 shape region query size = 781558.
[INFO DRT-0033] Via1 shape region query size = 12155.
[INFO DRT-0033] Metal2 shape region query size = 4862.
[INFO DRT-0033] Via2 shape region query size = 12155.
[INFO DRT-0033] Metal3 shape region query size = 4870.
[INFO DRT-0033] Via3 shape region query size = 12155.
[INFO DRT-0033] Metal4 shape region query size = 4862.
[INFO DRT-0033] Via4 shape region query size = 12155.
[INFO DRT-0033] Metal5 shape region query size = 7293.
[INFO DRT-0033] TopVia1 shape region query size = 4862.
[INFO DRT-0033] TopMetal1 shape region query size = 2717.
[INFO DRT-0033] TopVia2 shape region query size = 242.
[INFO DRT-0033] TopMetal2 shape region query size = 286.
[INFO DRT-0165] Start pin access.
[INFO DRT-0078]   Complete 963 pins.
[INFO DRT-0079]   Complete 100 unique inst patterns.
[INFO DRT-0081]   Complete 175 unique inst patterns.
[INFO DRT-0082]   Complete 10000 groups.
[INFO DRT-0084]   Complete 12958 groups.
#scanned instances     = 28325
#unique  instances     = 175
#stdCellGenAp          = 7306
#stdCellValidPlanarAp  = 0
#stdCellValidViaAp     = 5564
#stdCellPinNoAp        = 0
#stdCellPinCnt         = 87785
#instTermValidViaApCnt = 0
#macroGenAp            = 0
#macroValidPlanarAp    = 0
#macroValidViaAp       = 0
#macroNoAp             = 0
[INFO DRT-0166] Complete pin access.
[INFO DRT-0267] cpu time = 00:11:27, elapsed time = 00:01:08, memory = 423.14 (MB), peak = 436.82 (MB)
[INFO DRT-0156] guideIn read 100000 guides.

[INFO DRT-0157] Number of guides:     185178

[INFO DRT-0169] Post process guides.
[INFO DRT-0176] GCELLGRID X 0 DO 139 STEP 6300 ;
[INFO DRT-0177] GCELLGRID Y 0 DO 139 STEP 6300 ;
[INFO DRT-0026]   Complete 100000 origin guides.
[INFO DRT-0028]   Complete GatPoly.
[INFO DRT-0028]   Complete Cont.
[INFO DRT-0028]   Complete Metal1.
[INFO DRT-0028]   Complete Via1.
[INFO DRT-0028]   Complete Metal2.
[INFO DRT-0028]   Complete Via2.
[INFO DRT-0028]   Complete Metal3.
[INFO DRT-0028]   Complete Via3.
[INFO DRT-0028]   Complete Metal4.
[INFO DRT-0028]   Complete Via4.
[INFO DRT-0028]   Complete Metal5.
[INFO DRT-0028]   Complete TopVia1.
[INFO DRT-0028]   Complete TopMetal1.
[INFO DRT-0028]   Complete TopVia2.
[INFO DRT-0028]   Complete TopMetal2.
[INFO DRT-0178] Init guide query.
[INFO DRT-0035]   Complete GatPoly (guide).
[INFO DRT-0035]   Complete Cont (guide).
[INFO DRT-0035]   Complete Metal1 (guide).
[INFO DRT-0035]   Complete Via1 (guide).
[INFO DRT-0035]   Complete Metal2 (guide).
[INFO DRT-0035]   Complete Via2 (guide).
[INFO DRT-0035]   Complete Metal3 (guide).
[INFO DRT-0035]   Complete Via3 (guide).
[INFO DRT-0035]   Complete Metal4 (guide).
[INFO DRT-0035]   Complete Via4 (guide).
[INFO DRT-0035]   Complete Metal5 (guide).
[INFO DRT-0035]   Complete TopVia1 (guide).
[INFO DRT-0035]   Complete TopMetal1 (guide).
[INFO DRT-0035]   Complete TopVia2 (guide).
[INFO DRT-0035]   Complete TopMetal2 (guide).
[INFO DRT-0036] GatPoly guide region query size = 0.
[INFO DRT-0036] Cont guide region query size = 0.
[INFO DRT-0036] Metal1 guide region query size = 72389.
[INFO DRT-0036] Via1 guide region query size = 0.
[INFO DRT-0036] Metal2 guide region query size = 59061.
[INFO DRT-0036] Via2 guide region query size = 0.
[INFO DRT-0036] Metal3 guide region query size = 26194.
[INFO DRT-0036] Via3 guide region query size = 0.
[INFO DRT-0036] Metal4 guide region query size = 728.
[INFO DRT-0036] Via4 guide region query size = 0.
[INFO DRT-0036] Metal5 guide region query size = 169.
[INFO DRT-0036] TopVia1 guide region query size = 0.
[INFO DRT-0036] TopMetal1 guide region query size = 3.
[INFO DRT-0036] TopVia2 guide region query size = 0.
[INFO DRT-0036] TopMetal2 guide region query size = 1.
[INFO DRT-0179] Init gr pin query.
[INFO DRT-0267] cpu time = 00:00:02, elapsed time = 00:00:00, memory = 489.89 (MB), peak = 489.89 (MB)
[INFO DRT-0245] skipped writing guide updates to database.
[INFO DRT-0185] Post process initialize RPin region query.
[INFO DRT-0181] Start track assignment.
[INFO DRT-0184] Done with 59792 vertical wires in 3 frboxes and 98753 horizontal wires in 3 frboxes.
[INFO DRT-0186] Done with 15893 vertical wires in 3 frboxes and 10718 horizontal wires in 3 frboxes.
[INFO DRT-0182] Complete track assignment.
[INFO DRT-0267] cpu time = 00:00:18, elapsed time = 00:00:06, memory = 986.14 (MB), peak = 986.14 (MB)
[INFO DRT-0187] Start routing data preparation.
[INFO DRT-0267] cpu time = 00:00:00, elapsed time = 00:00:00, memory = 986.14 (MB), peak = 986.14 (MB)
[INFO DRT-0194] Start detail routing.
[INFO DRT-0195] Start 0th optimization iteration.
    Completing 10% with 0 violations.
    elapsed time = 00:00:13, memory = 1606.92 (MB).
    Completing 20% with 0 violations.
    elapsed time = 00:00:28, memory = 1695.32 (MB).
    Completing 30% with 1281 violations.
    elapsed time = 00:00:41, memory = 1902.15 (MB).
    Completing 40% with 1281 violations.
    elapsed time = 00:00:54, memory = 1799.06 (MB).
    Completing 50% with 1281 violations.
    elapsed time = 00:01:15, memory = 1748.98 (MB).
    Completing 60% with 2459 violations.
    elapsed time = 00:01:26, memory = 1950.56 (MB).
    Completing 70% with 2459 violations.
    elapsed time = 00:01:41, memory = 1952.38 (MB).
    Completing 80% with 3591 violations.
    elapsed time = 00:01:57, memory = 2004.06 (MB).
    Completing 90% with 3591 violations.
    elapsed time = 00:02:10, memory = 2027.14 (MB).
    Completing 100% with 4703 violations.
    elapsed time = 00:02:27, memory = 1790.61 (MB).
[INFO DRT-0199]   Number of violations = 7013.
Viol/Layer      Metal1   Via1 Metal2   Via2 Metal3 Metal4 Metal5
Cut Spacing          0     19      0      0      0      0      0
Metal Spacing      140      0   2002      0     34      2      0
NS Metal             1      0      0      0      0      0      0
Off Grid             0      0      2      0      0      0      0
Recheck            381      0   1237      0    659     18     15
Short              166     98   2055     12    169      1      2
[INFO DRT-0267] cpu time = 00:21:45, elapsed time = 00:02:28, memory = 1917.86 (MB), peak = 2169.32 (MB)
Total wire length = 669893 um.
Total wire length on LAYER Metal1 = 0 um.
Total wire length on LAYER Metal2 = 342739 um.
Total wire length on LAYER Metal3 = 284083 um.
Total wire length on LAYER Metal4 = 32212 um.
Total wire length on LAYER Metal5 = 10609 um.
Total wire length on LAYER TopMetal1 = 112 um.
Total wire length on LAYER TopMetal2 = 136 um.
Total number of vias = 163716.
Up-via summary (total 163716):

--------------------
   GatPoly         0
    Metal1     88923
    Metal2     72230
    Metal3      2212
    Metal4       345
    Metal5         4
 TopMetal1         2
--------------------
          163716


[INFO DRT-0195] Start 1st optimization iteration.
    Completing 10% with 7013 violations.
    elapsed time = 00:00:05, memory = 2086.12 (MB).
    Completing 20% with 7013 violations.
    elapsed time = 00:00:15, memory = 2138.83 (MB).
    Completing 30% with 5623 violations.
    elapsed time = 00:00:33, memory = 1967.27 (MB).
    Completing 40% with 5623 violations.
    elapsed time = 00:00:43, memory = 2109.53 (MB).
    Completing 50% with 5623 violations.
    elapsed time = 00:00:57, memory = 2322.90 (MB).
    Completing 60% with 4425 violations.
    elapsed time = 00:01:11, memory = 2177.54 (MB).
    Completing 70% with 4425 violations.
    elapsed time = 00:01:20, memory = 2253.87 (MB).
    Completing 80% with 3341 violations.
    elapsed time = 00:01:34, memory = 2159.98 (MB).
    Completing 90% with 3341 violations.
    elapsed time = 00:01:43, memory = 2303.24 (MB).
    Completing 100% with 2061 violations.
    elapsed time = 00:02:00, memory = 2006.75 (MB).
[INFO DRT-0199]   Number of violations = 2061.
Viol/Layer      Metal2 Metal3
Metal Spacing     1091      6
Short              945     19
[INFO DRT-0267] cpu time = 00:17:54, elapsed time = 00:02:01, memory = 2012.75 (MB), peak = 2359.93 (MB)
Total wire length = 665215 um.
Total wire length on LAYER Metal1 = 0 um.
Total wire length on LAYER Metal2 = 339069 um.
Total wire length on LAYER Metal3 = 282031 um.
Total wire length on LAYER Metal4 = 33301 um.
Total wire length on LAYER Metal5 = 10562 um.
Total wire length on LAYER TopMetal1 = 112 um.
Total wire length on LAYER TopMetal2 = 136 um.
Total number of vias = 162159.
Up-via summary (total 162159):

--------------------
   GatPoly         0
    Metal1     88961
    Metal2     70503
    Metal3      2351
    Metal4       338
    Metal5         4
 TopMetal1         2
--------------------
          162159


[INFO DRT-0195] Start 2nd optimization iteration.
    Completing 10% with 2061 violations.
    elapsed time = 00:00:04, memory = 2254.25 (MB).
    Completing 20% with 2061 violations.
    elapsed time = 00:00:14, memory = 2180.27 (MB).
    Completing 30% with 2046 violations.
    elapsed time = 00:00:29, memory = 2014.67 (MB).
    Completing 40% with 2046 violations.
    elapsed time = 00:00:38, memory = 2191.56 (MB).
    Completing 50% with 2046 violations.
    elapsed time = 00:00:50, memory = 2174.99 (MB).
    Completing 60% with 2065 violations.
    elapsed time = 00:00:57, memory = 2208.14 (MB).
    Completing 70% with 2065 violations.
    elapsed time = 00:01:11, memory = 2290.97 (MB).
    Completing 80% with 2012 violations.
    elapsed time = 00:01:24, memory = 2175.69 (MB).
    Completing 90% with 2012 violations.
    elapsed time = 00:01:32, memory = 2231.40 (MB).
    Completing 100% with 1891 violations.
    elapsed time = 00:01:44, memory = 2018.77 (MB).
[INFO DRT-0199]   Number of violations = 1891.
Viol/Layer      Metal2 Metal3
Metal Spacing     1006      4
Short              857     24
[INFO DRT-0267] cpu time = 00:16:09, elapsed time = 00:01:45, memory = 2024.77 (MB), peak = 2359.93 (MB)
Total wire length = 664152 um.
Total wire length on LAYER Metal1 = 0 um.
Total wire length on LAYER Metal2 = 338633 um.
Total wire length on LAYER Metal3 = 281459 um.
Total wire length on LAYER Metal4 = 33244 um.
Total wire length on LAYER Metal5 = 10565 um.
Total wire length on LAYER TopMetal1 = 112 um.
Total wire length on LAYER TopMetal2 = 136 um.
Total number of vias = 161842.
Up-via summary (total 161842):

--------------------
   GatPoly         0
    Metal1     88961
    Metal2     70203
    Metal3      2338
    Metal4       334
    Metal5         4
 TopMetal1         2
--------------------
          161842


[INFO DRT-0195] Start 3rd optimization iteration.
    Completing 10% with 1891 violations.
    elapsed time = 00:00:02, memory = 2202.10 (MB).
    Completing 20% with 1891 violations.
    elapsed time = 00:00:05, memory = 2268.91 (MB).
    Completing 30% with 1454 violations.
    elapsed time = 00:00:08, memory = 2025.90 (MB).
    Completing 40% with 1454 violations.
    elapsed time = 00:00:12, memory = 2199.19 (MB).
    Completing 50% with 1454 violations.
    elapsed time = 00:00:17, memory = 2036.62 (MB).
    Completing 60% with 944 violations.
    elapsed time = 00:00:19, memory = 2193.27 (MB).
    Completing 70% with 944 violations.
    elapsed time = 00:00:23, memory = 2224.29 (MB).
    Completing 80% with 452 violations.
    elapsed time = 00:00:26, memory = 2115.00 (MB).
    Completing 90% with 452 violations.
    elapsed time = 00:00:29, memory = 2199.66 (MB).
    Completing 100% with 22 violations.
    elapsed time = 00:00:35, memory = 2048.71 (MB).
[INFO DRT-0199]   Number of violations = 22.
Viol/Layer      Metal2
Metal Spacing       15
Short                7
[INFO DRT-0267] cpu time = 00:05:33, elapsed time = 00:00:35, memory = 2048.71 (MB), peak = 2376.55 (MB)
Total wire length = 663708 um.
Total wire length on LAYER Metal1 = 0 um.
Total wire length on LAYER Metal2 = 331213 um.
Total wire length on LAYER Metal3 = 281957 um.
Total wire length on LAYER Metal4 = 39622 um.
Total wire length on LAYER Metal5 = 10665 um.
Total wire length on LAYER TopMetal1 = 112 um.
Total wire length on LAYER TopMetal2 = 136 um.
Total number of vias = 163256.
Up-via summary (total 163256):

--------------------
   GatPoly         0
    Metal1     88963
    Metal2     70670
    Metal3      3264
    Metal4       353
    Metal5         4
 TopMetal1         2
--------------------
          163256


[INFO DRT-0195] Start 4th optimization iteration.
    Completing 10% with 22 violations.
    elapsed time = 00:00:00, memory = 2048.71 (MB).
    Completing 20% with 22 violations.
    elapsed time = 00:00:00, memory = 2048.71 (MB).
    Completing 30% with 22 violations.
    elapsed time = 00:00:00, memory = 2048.71 (MB).
    Completing 40% with 22 violations.
    elapsed time = 00:00:00, memory = 2048.71 (MB).
    Completing 50% with 22 violations.
    elapsed time = 00:00:00, memory = 2048.71 (MB).
    Completing 60% with 21 violations.
    elapsed time = 00:00:00, memory = 2048.71 (MB).
    Completing 70% with 21 violations.
    elapsed time = 00:00:00, memory = 2048.71 (MB).
    Completing 80% with 19 violations.
    elapsed time = 00:00:01, memory = 2048.71 (MB).
    Completing 90% with 19 violations.
    elapsed time = 00:00:01, memory = 2048.71 (MB).
    Completing 100% with 0 violations.
    elapsed time = 00:00:01, memory = 2048.71 (MB).
[INFO DRT-0199]   Number of violations = 0.
[INFO DRT-0267] cpu time = 00:00:08, elapsed time = 00:00:01, memory = 2048.71 (MB), peak = 2376.55 (MB)
Total wire length = 663715 um.
Total wire length on LAYER Metal1 = 0 um.
Total wire length on LAYER Metal2 = 331201 um.
Total wire length on LAYER Metal3 = 281966 um.
Total wire length on LAYER Metal4 = 39632 um.
Total wire length on LAYER Metal5 = 10665 um.
Total wire length on LAYER TopMetal1 = 112 um.
Total wire length on LAYER TopMetal2 = 136 um.
Total number of vias = 163269.
Up-via summary (total 163269):

--------------------
   GatPoly         0
    Metal1     88963
    Metal2     70679
    Metal3      3268
    Metal4       353
    Metal5         4
 TopMetal1         2
--------------------
          163269


[INFO DRT-0198] Complete detail routing.
Total wire length = 663715 um.
Total wire length on LAYER Metal1 = 0 um.
Total wire length on LAYER Metal2 = 331201 um.
Total wire length on LAYER Metal3 = 281966 um.
Total wire length on LAYER Metal4 = 39632 um.
Total wire length on LAYER Metal5 = 10665 um.
Total wire length on LAYER TopMetal1 = 112 um.
Total wire length on LAYER TopMetal2 = 136 um.
Total number of vias = 163269.
Up-via summary (total 163269):

--------------------
   GatPoly         0
    Metal1     88963
    Metal2     70679
    Metal3      3268
    Metal4       353
    Metal5         4
 TopMetal1         2
--------------------
          163269


[INFO DRT-0267] cpu time = 01:01:33, elapsed time = 00:06:53, memory = 2048.84 (MB), peak = 2376.55 (MB)

[INFO DRT-0180] Post processing.
+ check_antennas 
[INFO ANT-0002] Found 4 net violations.
[INFO ANT-0001] Found 4 pin violations.
[INFO] Running antenna repair iteration 1…
+ repair_antennas sg13g2_antennanp -ratio_margin 10
[INFO GRT-0020] Min routing layer: Metal2
[INFO GRT-0021] Max routing layer: TopMetal2
[INFO GRT-0022] Global adjustment: 30%
[INFO GRT-0023] Grid origin: (0, 0)
[INFO GRT-0088] Layer Metal1  Track-Pitch = 0.4200  line-2-Via Pitch: 0.3650
[INFO GRT-0088] Layer Metal2  Track-Pitch = 0.4800  line-2-Via Pitch: 0.4150
[INFO GRT-0088] Layer Metal3  Track-Pitch = 0.4200  line-2-Via Pitch: 0.4150
[INFO GRT-0088] Layer Metal4  Track-Pitch = 0.4800  line-2-Via Pitch: 0.4150
[INFO GRT-0088] Layer Metal5  Track-Pitch = 0.4200  line-2-Via Pitch: 0.6200
[INFO GRT-0088] Layer TopMetal1 Track-Pitch = 2.2800  line-2-Via Pitch: 3.4100
[INFO GRT-0088] Layer TopMetal2 Track-Pitch = 4.0000  line-2-Via Pitch: 3.9500
[INFO GRT-0003] Macros: 0
[INFO GRT-0004] Blockages: 0
[INFO GRT-0019] Found 701 clock nets.
[INFO GRT-0001] Minimum degree: 2147483647
[INFO GRT-0002] Maximum degree: 1
[INFO GRT-0006] Repairing antennas, iteration 1.
[INFO GRT-0012] Found 4 antenna violations.
[INFO GRT-0015] Inserted 4 diodes.
[INFO GRT-0009] rerouting 4 nets.
[INFO GRT-0001] Minimum degree: 3
[INFO GRT-0002] Maximum degree: 3
+ detailed_route -bottom_routing_layer Metal2 -top_routing_layer TopMetal2 -droute_end_iter 64 -or_seed 42 -verbose 1 -output_drc /home/designer/shared/FFT/parallel_fft/runs/RUN_2026-01-23_18-35-33/44-openroad-detailedrouting/drt-run-1/top_chip.drc
[INFO DRT-0024]   Complete GatPoly.
[INFO DRT-0024]   Complete Cont.
[INFO DRT-0024]   Complete Metal1.
[INFO DRT-0024]   Complete Via1.
[INFO DRT-0024]   Complete Metal2.
[INFO DRT-0024]   Complete Via2.
[INFO DRT-0024]   Complete Metal3.
[INFO DRT-0024]   Complete Via3.
[INFO DRT-0024]   Complete Metal4.
[INFO DRT-0024]   Complete Via4.
[INFO DRT-0024]   Complete Metal5.
[INFO DRT-0024]   Complete TopVia1.
[INFO DRT-0024]   Complete TopMetal1.
[INFO DRT-0024]   Complete TopVia2.
[INFO DRT-0024]   Complete TopMetal2.
[INFO DRT-0165] Start pin access.
[INFO DRT-0078]   Complete 972 pins.
[INFO DRT-0079]   Complete 100 unique inst patterns.
[INFO DRT-0081]   Complete 178 unique inst patterns.
[INFO DRT-0082]   Complete 10000 groups.
[INFO DRT-0084]   Complete 12959 groups.
#scanned instances     = 28329
#unique  instances     = 178
#stdCellGenAp          = 7330
#stdCellValidPlanarAp  = 0
#stdCellValidViaAp     = 5588
#stdCellPinNoAp        = 0
#stdCellPinCnt         = 87785
#instTermValidViaApCnt = 0
#macroGenAp            = 0
#macroValidPlanarAp    = 0
#macroValidViaAp       = 0
#macroNoAp             = 0
[INFO DRT-0166] Complete pin access.
[INFO DRT-0267] cpu time = 00:12:00, elapsed time = 00:01:07, memory = 1984.14 (MB), peak = 2376.55 (MB)
[INFO DRT-0156] guideIn read 100000 guides.

[INFO DRT-0157] Number of guides:     185197

[INFO DRT-0169] Post process guides.
[INFO DRT-0176] GCELLGRID X 0 DO 139 STEP 6300 ;
[INFO DRT-0177] GCELLGRID Y 0 DO 139 STEP 6300 ;
[INFO DRT-0026]   Complete 100000 origin guides.
[INFO DRT-0028]   Complete GatPoly.
[INFO DRT-0028]   Complete Cont.
[INFO DRT-0028]   Complete Metal1.
[INFO DRT-0028]   Complete Via1.
[INFO DRT-0028]   Complete Metal2.
[INFO DRT-0028]   Complete Via2.
[INFO DRT-0028]   Complete Metal3.
[INFO DRT-0028]   Complete Via3.
[INFO DRT-0028]   Complete Metal4.
[INFO DRT-0028]   Complete Via4.
[INFO DRT-0028]   Complete Metal5.
[INFO DRT-0028]   Complete TopVia1.
[INFO DRT-0028]   Complete TopMetal1.
[INFO DRT-0028]   Complete TopVia2.
[INFO DRT-0028]   Complete TopMetal2.
[INFO DRT-0178] Init guide query.
[INFO DRT-0035]   Complete GatPoly (guide).
[INFO DRT-0035]   Complete Cont (guide).
[INFO DRT-0035]   Complete Metal1 (guide).
[INFO DRT-0035]   Complete Via1 (guide).
[INFO DRT-0035]   Complete Metal2 (guide).
[INFO DRT-0035]   Complete Via2 (guide).
[INFO DRT-0035]   Complete Metal3 (guide).
[INFO DRT-0035]   Complete Via3 (guide).
[INFO DRT-0035]   Complete Metal4 (guide).
[INFO DRT-0035]   Complete Via4 (guide).
[INFO DRT-0035]   Complete Metal5 (guide).
[INFO DRT-0035]   Complete TopVia1 (guide).
[INFO DRT-0035]   Complete TopMetal1 (guide).
[INFO DRT-0035]   Complete TopVia2 (guide).
[INFO DRT-0035]   Complete TopMetal2 (guide).
[INFO DRT-0036] GatPoly guide region query size = 0.
[INFO DRT-0036] Cont guide region query size = 0.
[INFO DRT-0036] Metal1 guide region query size = 72391.
[INFO DRT-0036] Via1 guide region query size = 0.
[INFO DRT-0036] Metal2 guide region query size = 59066.
[INFO DRT-0036] Via2 guide region query size = 0.
[INFO DRT-0036] Metal3 guide region query size = 26198.
[INFO DRT-0036] Via3 guide region query size = 0.
[INFO DRT-0036] Metal4 guide region query size = 728.
[INFO DRT-0036] Via4 guide region query size = 0.
[INFO DRT-0036] Metal5 guide region query size = 169.
[INFO DRT-0036] TopVia1 guide region query size = 0.
[INFO DRT-0036] TopMetal1 guide region query size = 3.
[INFO DRT-0036] TopVia2 guide region query size = 0.
[INFO DRT-0036] TopMetal2 guide region query size = 1.
[INFO DRT-0179] Init gr pin query.
[INFO DRT-0267] cpu time = 00:00:02, elapsed time = 00:00:00, memory = 1984.14 (MB), peak = 2376.55 (MB)
[INFO DRT-0245] skipped writing guide updates to database.
[INFO DRT-0185] Post process initialize RPin region query.
[INFO DRT-0181] Start track assignment.
[INFO DRT-0184] Done with 59797 vertical wires in 3 frboxes and 98759 horizontal wires in 3 frboxes.
[INFO DRT-0186] Done with 15935 vertical wires in 3 frboxes and 10606 horizontal wires in 3 frboxes.
[INFO DRT-0182] Complete track assignment.
[INFO DRT-0267] cpu time = 00:00:17, elapsed time = 00:00:05, memory = 2006.02 (MB), peak = 2376.55 (MB)
[INFO DRT-0187] Start routing data preparation.
[INFO DRT-0267] cpu time = 00:00:00, elapsed time = 00:00:00, memory = 2006.02 (MB), peak = 2376.55 (MB)
[INFO DRT-0194] Start detail routing.
[INFO DRT-0195] Start 0th optimization iteration.
    Completing 10% with 0 violations.
    elapsed time = 00:00:02, memory = 2159.33 (MB).
    Completing 20% with 0 violations.
    elapsed time = 00:00:04, memory = 2097.16 (MB).
    Completing 30% with 12 violations.
    elapsed time = 00:00:07, memory = 2152.29 (MB).
    Completing 40% with 12 violations.
    elapsed time = 00:00:09, memory = 2167.58 (MB).
    Completing 50% with 12 violations.
    elapsed time = 00:00:12, memory = 2082.22 (MB).
    Completing 60% with 15 violations.
    elapsed time = 00:00:15, memory = 2177.09 (MB).
    Completing 70% with 15 violations.
    elapsed time = 00:00:18, memory = 2299.68 (MB).
    Completing 80% with 18 violations.
    elapsed time = 00:00:21, memory = 2183.81 (MB).
    Completing 90% with 18 violations.
    elapsed time = 00:00:22, memory = 2191.06 (MB).
    Completing 100% with 18 violations.
    elapsed time = 00:00:25, memory = 2095.75 (MB).
[INFO DRT-0199]   Number of violations = 24.
Viol/Layer      Metal2 Metal3
Metal Spacing        1      2
Recheck              1      5
Short                8      7
[INFO DRT-0267] cpu time = 00:04:37, elapsed time = 00:00:26, memory = 2170.25 (MB), peak = 2376.55 (MB)
Total wire length = 663716 um.
Total wire length on LAYER Metal1 = 0 um.
Total wire length on LAYER Metal2 = 331047 um.
Total wire length on LAYER Metal3 = 281969 um.
Total wire length on LAYER Metal4 = 39784 um.
Total wire length on LAYER Metal5 = 10665 um.
Total wire length on LAYER TopMetal1 = 112 um.
Total wire length on LAYER TopMetal2 = 136 um.
Total number of vias = 163281.
Up-via summary (total 163281):

--------------------
   GatPoly         0
    Metal1     88967
    Metal2     70687
    Metal3      3268
    Metal4       353
    Metal5         4
 TopMetal1         2
--------------------
          163281


[INFO DRT-0195] Start 1st optimization iteration.
    Completing 10% with 24 violations.
    elapsed time = 00:00:02, memory = 2226.16 (MB).
    Completing 20% with 24 violations.
    elapsed time = 00:00:04, memory = 2365.36 (MB).
    Completing 30% with 14 violations.
    elapsed time = 00:00:06, memory = 2053.82 (MB).
    Completing 40% with 14 violations.
    elapsed time = 00:00:09, memory = 2118.22 (MB).
    Completing 50% with 14 violations.
    elapsed time = 00:00:12, memory = 2123.17 (MB).
    Completing 60% with 9 violations.
    elapsed time = 00:00:15, memory = 2127.73 (MB).
    Completing 70% with 9 violations.
    elapsed time = 00:00:17, memory = 2247.38 (MB).
    Completing 80% with 4 violations.
    elapsed time = 00:00:21, memory = 2157.64 (MB).
    Completing 90% with 4 violations.
    elapsed time = 00:00:23, memory = 2214.01 (MB).
    Completing 100% with 4 violations.
    elapsed time = 00:00:26, memory = 2082.31 (MB).
[INFO DRT-0199]   Number of violations = 4.
Viol/Layer      Metal2 Metal3
Short                2      2
[INFO DRT-0267] cpu time = 00:04:34, elapsed time = 00:00:27, memory = 2190.18 (MB), peak = 2386.48 (MB)
Total wire length = 663719 um.
Total wire length on LAYER Metal1 = 0 um.
Total wire length on LAYER Metal2 = 331054 um.
Total wire length on LAYER Metal3 = 281967 um.
Total wire length on LAYER Metal4 = 39783 um.
Total wire length on LAYER Metal5 = 10665 um.
Total wire length on LAYER TopMetal1 = 112 um.
Total wire length on LAYER TopMetal2 = 136 um.
Total number of vias = 163282.
Up-via summary (total 163282):

--------------------
   GatPoly         0
    Metal1     88967
    Metal2     70688
    Metal3      3268
    Metal4       353
    Metal5         4
 TopMetal1         2
--------------------
          163282


[INFO DRT-0195] Start 2nd optimization iteration.
    Completing 10% with 4 violations.
    elapsed time = 00:00:00, memory = 2190.18 (MB).
    Completing 20% with 4 violations.
    elapsed time = 00:00:00, memory = 2190.18 (MB).
    Completing 30% with 4 violations.
    elapsed time = 00:00:00, memory = 2190.18 (MB).
    Completing 40% with 4 violations.
    elapsed time = 00:00:00, memory = 2190.18 (MB).
    Completing 50% with 4 violations.
    elapsed time = 00:00:00, memory = 2190.18 (MB).
    Completing 60% with 4 violations.
    elapsed time = 00:00:00, memory = 2190.18 (MB).
    Completing 70% with 4 violations.
    elapsed time = 00:00:00, memory = 2190.18 (MB).
    Completing 80% with 4 violations.
    elapsed time = 00:00:00, memory = 2190.18 (MB).
    Completing 90% with 4 violations.
    elapsed time = 00:00:00, memory = 2190.18 (MB).
    Completing 100% with 4 violations.
    elapsed time = 00:00:00, memory = 2190.18 (MB).
[INFO DRT-0199]   Number of violations = 4.
Viol/Layer      Metal2 Metal3
Short                2      2
[INFO DRT-0267] cpu time = 00:00:04, elapsed time = 00:00:00, memory = 2123.19 (MB), peak = 2386.48 (MB)
Total wire length = 663718 um.
Total wire length on LAYER Metal1 = 0 um.
Total wire length on LAYER Metal2 = 331053 um.
Total wire length on LAYER Metal3 = 281967 um.
Total wire length on LAYER Metal4 = 39783 um.
Total wire length on LAYER Metal5 = 10665 um.
Total wire length on LAYER TopMetal1 = 112 um.
Total wire length on LAYER TopMetal2 = 136 um.
Total number of vias = 163281.
Up-via summary (total 163281):

--------------------
   GatPoly         0
    Metal1     88967
    Metal2     70687
    Metal3      3268
    Metal4       353
    Metal5         4
 TopMetal1         2
--------------------
          163281


[INFO DRT-0195] Start 3rd stubborn tiles iteration.
    Completing 10% with 4 violations.
    elapsed time = 00:00:01, memory = 2194.14 (MB).
    Completing 20% with 4 violations.
    elapsed time = 00:00:02, memory = 2157.89 (MB).
    Completing 30% with 4 violations.
    elapsed time = 00:00:03, memory = 2194.14 (MB).
    Completing 40% with 4 violations.
    elapsed time = 00:00:04, memory = 2192.70 (MB).
    Completing 50% with 4 violations.
    elapsed time = 00:00:05, memory = 2269.07 (MB).
    Completing 60% with 4 violations.
    elapsed time = 00:00:06, memory = 2230.44 (MB).
    Completing 70% with 2 violations.
    elapsed time = 00:00:08, memory = 2056.54 (MB).
    Completing 80% with 2 violations.
    elapsed time = 00:00:08, memory = 2074.41 (MB).
    Completing 90% with 2 violations.
    elapsed time = 00:00:09, memory = 2063.16 (MB).
    Completing 100% with 0 violations.
    elapsed time = 00:00:10, memory = 2056.54 (MB).
[INFO DRT-0199]   Number of violations = 0.
[INFO DRT-0267] cpu time = 00:01:51, elapsed time = 00:00:10, memory = 2190.79 (MB), peak = 2386.48 (MB)
Total wire length = 663713 um.
Total wire length on LAYER Metal1 = 0 um.
Total wire length on LAYER Metal2 = 331008 um.
Total wire length on LAYER Metal3 = 281967 um.
Total wire length on LAYER Metal4 = 39823 um.
Total wire length on LAYER Metal5 = 10665 um.
Total wire length on LAYER TopMetal1 = 112 um.
Total wire length on LAYER TopMetal2 = 136 um.
Total number of vias = 163290.
Up-via summary (total 163290):

--------------------
   GatPoly         0
    Metal1     88967
    Metal2     70694
    Metal3      3270
    Metal4       353
    Metal5         4
 TopMetal1         2
--------------------
          163290


[INFO DRT-0198] Complete detail routing.
Total wire length = 663713 um.
Total wire length on LAYER Metal1 = 0 um.
Total wire length on LAYER Metal2 = 331008 um.
Total wire length on LAYER Metal3 = 281967 um.
Total wire length on LAYER Metal4 = 39823 um.
Total wire length on LAYER Metal5 = 10665 um.
Total wire length on LAYER TopMetal1 = 112 um.
Total wire length on LAYER TopMetal2 = 136 um.
Total number of vias = 163290.
Up-via summary (total 163290):

--------------------
   GatPoly         0
    Metal1     88967
    Metal2     70694
    Metal3      3270
    Metal4       353
    Metal5         4
 TopMetal1         2
--------------------
          163290


[INFO DRT-0267] cpu time = 00:11:11, elapsed time = 00:01:04, memory = 2190.79 (MB), peak = 2386.48 (MB)

[INFO DRT-0180] Post processing.
+ check_antennas 
[INFO ANT-0002] Found 0 net violations.
[INFO ANT-0001] Found 0 pin violations.
Setting global connections for newly added cells…
[INFO] Setting global connections...
Updating metrics…
Cell type report:                       Count       Area
  Antenna cell                              4      21.77
  Buffer                                    4      29.03
  Clock buffer                            740   17405.54
  Timing Repair Buffer                   1401   27878.26
  Inverter                                717    4296.50
  Clock inverter                          183    1562.20
  Sequential cell                        3503  172732.69
  Multi-Input combinational cell        21777  236407.25
  Total                                 28329  460333.24
Writing OpenROAD database to '/home/designer/shared/FFT/parallel_fft/runs/RUN_2026-01-23_18-35-33/44-openroad-detailedrouting/top_chip.odb'…
Writing netlist to '/home/designer/shared/FFT/parallel_fft/runs/RUN_2026-01-23_18-35-33/44-openroad-detailedrouting/top_chip.nl.v'…
Writing powered netlist to '/home/designer/shared/FFT/parallel_fft/runs/RUN_2026-01-23_18-35-33/44-openroad-detailedrouting/top_chip.pnl.v'…
Writing layout to '/home/designer/shared/FFT/parallel_fft/runs/RUN_2026-01-23_18-35-33/44-openroad-detailedrouting/top_chip.def'…
Writing timing constraints to '/home/designer/shared/FFT/parallel_fft/runs/RUN_2026-01-23_18-35-33/44-openroad-detailedrouting/top_chip.sdc'…
