Reading timing models for corner nom_typ_1p20V_25C…
Reading timing library for the 'nom_typ_1p20V_25C' corner at '/opt/pdks/ciel/ihp-sg13g2/versions/cb7daaa8901016cf7c5d272dfa322c41f024931f/ihp-sg13g2/libs.ref/sg13g2_stdcell/lib/sg13g2_stdcell_typ_1p20V_25C.lib'…
Reading OpenROAD database at '/home/designer/shared/FFT/parallel_fft/runs/RUN_2026-01-23_18-35-33/18-openroad-cutrows/top_chip.odb'…
Reading design constraints file at '/home/designer/shared/FFT/parallel_fft/librelane/constraints/top.sdc'…
[INFO] No information on clock propagation in input SDC file-- propagating all clocks.
+ tapcell -halo_width_x 10 -halo_width_y 10 -distance 0
Setting global connections for newly added cells…
[INFO] Setting global connections...
Updating metrics…
Cell type report:                       Count       Area
  Buffer                                    4      29.03
  Inverter                                717    3902.77
  Sequential cell                        3503  171607.77
  Multi-Input combinational cell        21777  233281.04
  Total                                 26001  408820.61
Writing OpenROAD database to '/home/designer/shared/FFT/parallel_fft/runs/RUN_2026-01-23_18-35-33/19-openroad-tapendcapinsertion/top_chip.odb'…
Writing netlist to '/home/designer/shared/FFT/parallel_fft/runs/RUN_2026-01-23_18-35-33/19-openroad-tapendcapinsertion/top_chip.nl.v'…
Writing powered netlist to '/home/designer/shared/FFT/parallel_fft/runs/RUN_2026-01-23_18-35-33/19-openroad-tapendcapinsertion/top_chip.pnl.v'…
Writing layout to '/home/designer/shared/FFT/parallel_fft/runs/RUN_2026-01-23_18-35-33/19-openroad-tapendcapinsertion/top_chip.def'…
Writing timing constraints to '/home/designer/shared/FFT/parallel_fft/runs/RUN_2026-01-23_18-35-33/19-openroad-tapendcapinsertion/top_chip.sdc'…
