Reading timing models for corner nom_typ_1p20V_25C…
Reading timing library for the 'nom_typ_1p20V_25C' corner at '/opt/pdks/ciel/ihp-sg13g2/versions/cb7daaa8901016cf7c5d272dfa322c41f024931f/ihp-sg13g2/libs.ref/sg13g2_stdcell/lib/sg13g2_stdcell_typ_1p20V_25C.lib'…
Reading OpenROAD database at '/home/designer/shared/FFT/parallel_fft/runs/RUN_2026-01-23_18-35-33/21-openroad-generatepdn/top_chip.odb'…
Reading design constraints file at '/home/designer/shared/FFT/parallel_fft/librelane/constraints/top.sdc'…
[INFO] No information on clock propagation in input SDC file-- propagating all clocks.
+ global_placement -density 0.685581 -skip_io -pad_right 0 -pad_left 0 -init_wirelength_coef 0.25
[INFO GPL-0002] DBU: 1000
[INFO GPL-0003] SiteSize: (  0.480  3.780 ) um
[INFO GPL-0004] CoreBBox: ( 20.160 22.680 ) ( 859.680 854.280 ) um
[INFO GPL-0006] Number of instances:             26001
[INFO GPL-0007] Movable instances:               26001
[INFO GPL-0008] Fixed instances:                     0
[INFO GPL-0009] Dummy instances:                     0
[INFO GPL-0010] Number of nets:                  26007
[INFO GPL-0011] Number of pins:                  83360
[INFO GPL-0012] Die BBox:  (  0.000  0.000 ) ( 880.000 880.000 ) um
[INFO GPL-0013] Core BBox: ( 20.160 22.680 ) ( 859.680 854.280 ) um
[INFO GPL-0016] Core area:                  698144.832 um^2
[INFO GPL-0017] Fixed instances area:            0.000 um^2
[INFO GPL-0018] Movable instances area:     408820.608 um^2
[INFO GPL-0019] Utilization:                    58.558 %
[INFO GPL-0020] Standard cells area:        408820.608 um^2
[INFO GPL-0021] Large instances area:            0.000 um^2
[INFO GPL-0023] Placement target density:       0.6856
[INFO GPL-0024] Movable insts average area:     15.723 um^2
[INFO GPL-0025] Ideal bin area:                 22.934 um^2
[INFO GPL-0026] Ideal bin count:                 30441
[INFO GPL-0027] Total bin area:             698144.832 um^2
[INFO GPL-0028] Bin count (X, Y):         128 ,    128
[INFO GPL-0029] Bin size (W * H):       6.559 *  6.497 um
[INFO GPL-0030] Number of bins:                  16384
[INFO GPL-0031] HPWL: Half-Perimeter Wirelength
Iteration | Overflow |     HPWL (um) |  HPWL(%) |   Penalty | Group
---------------------------------------------------------------
        1 |   0.9991 |  8.918442e+07 |   +0.00% |  3.67e-16 |      
       10 |   0.9988 |  6.969924e+07 |  -21.85% |  5.69e-16 |      
       20 |   0.9988 |  6.788918e+07 |   -2.60% |  9.27e-16 |      
       30 |   0.9986 |  6.683418e+07 |   -1.55% |  1.51e-15 |      
       40 |   0.9985 |  6.576977e+07 |   -1.59% |  2.46e-15 |      
       50 |   0.9982 |  6.463218e+07 |   -1.73% |  4.01e-15 |      
       60 |   0.9980 |  6.347162e+07 |   -1.80% |  6.53e-15 |      
       70 |   0.9975 |  6.231710e+07 |   -1.82% |  1.06e-14 |      
       80 |   0.9970 |  6.124754e+07 |   -1.72% |  1.73e-14 |      
       90 |   0.9967 |  6.031945e+07 |   -1.52% |  2.82e-14 |      
      100 |   0.9963 |  5.956554e+07 |   -1.25% |  4.59e-14 |      
      110 |   0.9958 |  5.923840e+07 |   -0.55% |  7.48e-14 |      
      120 |   0.9948 |  5.982616e+07 |   +0.99% |  1.22e-13 |      
      130 |   0.9934 |  6.298708e+07 |   +5.28% |  1.98e-13 |      
      140 |   0.9894 |  7.059468e+07 |  +12.08% |  3.23e-13 |      
      150 |   0.9816 |  8.185741e+07 |  +15.95% |  5.26e-13 |      
      160 |   0.9702 |  9.474595e+07 |  +15.75% |  8.55e-13 |      
      170 |   0.9533 |  1.099467e+08 |  +16.04% |  1.39e-12 |      
      180 |   0.9321 |  1.281076e+08 |  +16.52% |  2.26e-12 |      
      190 |   0.9060 |  1.489384e+08 |  +16.26% |  3.67e-12 |      
      200 |   0.8760 |  1.710142e+08 |  +14.82% |  5.97e-12 |      
      210 |   0.8467 |  1.935103e+08 |  +13.15% |  9.70e-12 |      
      220 |   0.8164 |  2.197973e+08 |  +13.58% |  1.58e-11 |      
      230 |   0.7748 |  2.474512e+08 |  +12.58% |  2.56e-11 |      
      240 |   0.7338 |  2.716599e+08 |   +9.78% |  4.16e-11 |      
      250 |   0.6945 |  2.950041e+08 |   +8.59% |  6.75e-11 |      
      260 |   0.6581 |  3.175185e+08 |   +7.63% |  1.10e-10 |      
      270 |   0.6132 |  3.372513e+08 |   +6.21% |  1.78e-10 |      
      280 |   0.5688 |  3.545516e+08 |   +5.13% |  2.90e-10 |      
      290 |   0.5312 |  3.674596e+08 |   +3.64% |  4.72e-10 |      
      300 |   0.4991 |  3.743999e+08 |   +1.89% |  7.68e-10 |      
      310 |   0.4630 |  3.873379e+08 |   +3.46% |  1.25e-09 |      
      320 |   0.4217 |  3.934353e+08 |   +1.57% |  2.03e-09 |      
      330 |   0.3843 |  3.939312e+08 |   +0.13% |  3.31e-09 |      
      340 |   0.3450 |  3.948792e+08 |   +0.24% |  5.39e-09 |      
      350 |   0.3126 |  3.944809e+08 |   -0.10% |  7.94e-09 |      
      360 |   0.2806 |  3.959575e+08 |   +0.37% |  1.17e-08 |      
      370 |   0.2529 |  3.964930e+08 |   +0.14% |  1.72e-08 |      
      380 |   0.2245 |  3.972308e+08 |   +0.19% |  2.54e-08 |      
      390 |   0.1985 |  3.976256e+08 |   +0.10% |  3.74e-08 |      
      400 |   0.1740 |  3.980958e+08 |   +0.12% |  5.51e-08 |      
      410 |   0.1511 |  3.983142e+08 |   +0.05% |  8.11e-08 |      
      420 |   0.1321 |  3.986134e+08 |   +0.08% |  1.19e-07 |      
      430 |   0.1152 |  3.991274e+08 |   +0.13% |  1.76e-07 |      
      440 |   0.1009 |  3.997397e+08 |   +0.15% |  2.59e-07 |      
[INFO GPL-1001] Finished with Overflow: 0.099709
[INFO GPL-1002] Placed Cell Area            408820.6080
[INFO GPL-1003] Available Free Area         698144.8320
[INFO GPL-1004] Minimum Feasible Density        0.5900 (cell_area / free_area)
[INFO GPL-1006]   Suggested Target Densities:
[INFO GPL-1007]     - For 90% usage of free space: 0.6506
[INFO GPL-1008]     - For 80% usage of free space: 0.7320
[INFO GPL-1009]     - For 50% usage of free space: 1.1712
Setting global connections for newly added cells…
[INFO] Setting global connections...
Updating metrics…
Cell type report:                       Count       Area
  Buffer                                    4      29.03
  Inverter                                717    3902.77
  Sequential cell                        3503  171607.77
  Multi-Input combinational cell        21777  233281.04
  Total                                 26001  408820.61
Writing OpenROAD database to '/home/designer/shared/FFT/parallel_fft/runs/RUN_2026-01-23_18-35-33/24-openroad-globalplacementskipio/top_chip.odb'…
Writing netlist to '/home/designer/shared/FFT/parallel_fft/runs/RUN_2026-01-23_18-35-33/24-openroad-globalplacementskipio/top_chip.nl.v'…
Writing powered netlist to '/home/designer/shared/FFT/parallel_fft/runs/RUN_2026-01-23_18-35-33/24-openroad-globalplacementskipio/top_chip.pnl.v'…
Writing layout to '/home/designer/shared/FFT/parallel_fft/runs/RUN_2026-01-23_18-35-33/24-openroad-globalplacementskipio/top_chip.def'…
Writing timing constraints to '/home/designer/shared/FFT/parallel_fft/runs/RUN_2026-01-23_18-35-33/24-openroad-globalplacementskipio/top_chip.sdc'…
