Reading timing models for corner nom_fast_1p32V_m40C…
Reading timing library for the 'nom_fast_1p32V_m40C' corner at '/opt/pdks/ciel/ihp-sg13g2/versions/cb7daaa8901016cf7c5d272dfa322c41f024931f/ihp-sg13g2/libs.ref/sg13g2_stdcell/lib/sg13g2_stdcell_fast_1p32V_m40C.lib'…
Reading timing models for corner nom_slow_1p08V_125C…
Reading timing library for the 'nom_slow_1p08V_125C' corner at '/opt/pdks/ciel/ihp-sg13g2/versions/cb7daaa8901016cf7c5d272dfa322c41f024931f/ihp-sg13g2/libs.ref/sg13g2_stdcell/lib/sg13g2_stdcell_slow_1p08V_125C.lib'…
Reading timing models for corner nom_typ_1p20V_25C…
Reading timing library for the 'nom_typ_1p20V_25C' corner at '/opt/pdks/ciel/ihp-sg13g2/versions/cb7daaa8901016cf7c5d272dfa322c41f024931f/ihp-sg13g2/libs.ref/sg13g2_stdcell/lib/sg13g2_stdcell_typ_1p20V_25C.lib'…
Reading OpenROAD database at '/home/designer/shared/FFT/parallel_fft/runs/RUN_2026-01-23_18-35-33/34-openroad-detailedplacement/top_chip.odb'…
Reading design constraints file at '/home/designer/shared/FFT/parallel_fft/librelane/constraints/top.sdc'…
[INFO] No information on clock propagation in input SDC file-- propagating all clocks.
[INFO] Configuring cts characterization…
+ configure_cts_characterization 
[INFO] Performing clock tree synthesis…
[INFO] Looking for the following net(s): i_clk
[INFO] Running Clock Tree Synthesis…
+ clock_tree_synthesis -buf_list sg13g2_buf_8 sg13g2_buf_4 sg13g2_buf_2 sg13g2_buf_1 -root_buf sg13g2_buf_8 -sink_clustering_enable
[INFO CTS-0050] Root buffer is sg13g2_buf_8.
[INFO CTS-0051] Sink buffer is sg13g2_buf_8.
[INFO CTS-0052] The following clock buffers will be used for CTS:
                    sg13g2_buf_1
                    sg13g2_buf_2
                    sg13g2_buf_4
                    sg13g2_buf_8
[INFO CTS-0049] Characterization buffer is sg13g2_buf_8.
[INFO CTS-0007] Net "i_clk" found for clock "clk".
[INFO CTS-0010]  Clock net "i_clk" has 3443 sinks.
[INFO CTS-0008] TritonCTS found 1 clock nets.
[INFO CTS-0097] Characterization used 4 buffer(s) types.
[INFO CTS-0201] 0 blockages from hard placement blockages and placed macros will be used.
[INFO CTS-0027] Generating H-Tree topology for net i_clk.
[INFO CTS-0028]  Total number of sinks: 3443.
[INFO CTS-0029]  Register sinks will be clustered in groups of up to 8 and with maximum cluster diameter of 50.0 um.
[INFO CTS-0030]  Number of static layers: 0.
[INFO CTS-0020]  Wire segment unit: 18900  dbu (18 um).
[INFO CTS-0204] A clustering solution was found from clustering size of 8 and clustering diameter of 50.
[INFO CTS-0205] Better solution may be possible if either -sink_clustering_size, -sink_clustering_max_diameter, or both options are omitted to enable automatic clustering.
[INFO CTS-0019]  Total number of sinks after clustering: 517.
[INFO CTS-0024]  Normalized sink region: [(1.62222, 2.15585), (45.0222, 44.8889)].
[INFO CTS-0025]     Width:  43.4000.
[INFO CTS-0026]     Height: 42.7330.
 Level 1
    Direction: Horizontal
    Sinks per sub-region: 259
    Sub-region size: 21.7000 X 42.7330
[INFO CTS-0034]     Segment length (rounded): 10.
 Level 2
    Direction: Vertical
    Sinks per sub-region: 130
    Sub-region size: 21.7000 X 21.3665
[INFO CTS-0034]     Segment length (rounded): 10.
 Level 3
    Direction: Horizontal
    Sinks per sub-region: 65
    Sub-region size: 10.8500 X 21.3665
[INFO CTS-0034]     Segment length (rounded): 6.
 Level 4
    Direction: Vertical
    Sinks per sub-region: 33
    Sub-region size: 10.8500 X 10.6833
[INFO CTS-0034]     Segment length (rounded): 6.
 Level 5
    Direction: Horizontal
    Sinks per sub-region: 17
    Sub-region size: 5.4250 X 10.6833
[INFO CTS-0034]     Segment length (rounded): 2.
 Level 6
    Direction: Vertical
    Sinks per sub-region: 9
    Sub-region size: 5.4250 X 5.3416
[INFO CTS-0034]     Segment length (rounded): 2.
 Level 7
    Direction: Horizontal
    Sinks per sub-region: 5
    Sub-region size: 2.7125 X 5.3416
[INFO CTS-0034]     Segment length (rounded): 1.
[INFO CTS-0032]  Stop criterion found. Max number of sinks is 8.
[INFO CTS-0035]  Number of sinks covered: 517.
[INFO CTS-0018]     Created 700 clock buffers.
[INFO CTS-0012]     Minimum number of buffers in the clock path: 4.
[INFO CTS-0013]     Maximum number of buffers in the clock path: 5.
[INFO CTS-0015]     Created 700 clock nets.
[INFO CTS-0016]     Fanout distribution for the current clock = 2:19, 3:26, 4:142, 5:42, 6:51, 7:62, 8:289..
[INFO CTS-0017]     Max level of the clock tree: 7.
[INFO CTS-0098] Clock net "i_clk"
[INFO CTS-0099]  Sinks 3666
[INFO CTS-0100]  Leaf buffers 503
[INFO CTS-0101]  Average sink wire length 1461.34 um
[INFO CTS-0102]  Path depth 4 - 5
[INFO CTS-0207]  Leaf load cells 223
[INFO] Repairing long wires on clock nets…
[INFO RSZ-0058] Using max wire length 5028um.
Setting global connections for newly added cells…
[INFO] Setting global connections...
Updating metrics…
Cell type report:                       Count       Area
  Buffer                                    4      29.03
  Clock buffer                            740   17405.54
  Timing Repair Buffer                   1401   27878.26
  Inverter                                717    4296.50
  Clock inverter                          183    1562.20
  Sequential cell                        3503  172732.69
  Multi-Input combinational cell        21777  236407.25
  Total                                 28325  460311.47
Writing OpenROAD database to '/home/designer/shared/FFT/parallel_fft/runs/RUN_2026-01-23_18-35-33/35-openroad-cts/top_chip.odb'…
Writing netlist to '/home/designer/shared/FFT/parallel_fft/runs/RUN_2026-01-23_18-35-33/35-openroad-cts/top_chip.nl.v'…
Writing powered netlist to '/home/designer/shared/FFT/parallel_fft/runs/RUN_2026-01-23_18-35-33/35-openroad-cts/top_chip.pnl.v'…
Writing layout to '/home/designer/shared/FFT/parallel_fft/runs/RUN_2026-01-23_18-35-33/35-openroad-cts/top_chip.def'…
Writing timing constraints to '/home/designer/shared/FFT/parallel_fft/runs/RUN_2026-01-23_18-35-33/35-openroad-cts/top_chip.sdc'…
[INFO] Legalizing…
+ detailed_placement -max_displacement  500 100 
Placement Analysis
---------------------------------
total displacement      10133.8 u
average displacement        0.4 u
max displacement           14.5 u
original HPWL          591991.3 u
legalized HPWL         614165.8 u
delta HPWL                    4 %

[INFO DPL-0020] Mirrored 10751 instances
[INFO DPL-0021] HPWL before          614165.8 u
[INFO DPL-0022] HPWL after           598155.8 u
[INFO DPL-0023] HPWL delta               -2.6 %
Setting global connections for newly added cells…
[INFO] Setting global connections...
Updating metrics…
Cell type report:                       Count       Area
  Buffer                                    4      29.03
  Clock buffer                            740   17405.54
  Timing Repair Buffer                   1401   27878.26
  Inverter                                717    4296.50
  Clock inverter                          183    1562.20
  Sequential cell                        3503  172732.69
  Multi-Input combinational cell        21777  236407.25
  Total                                 28325  460311.47
Writing OpenROAD database to '/home/designer/shared/FFT/parallel_fft/runs/RUN_2026-01-23_18-35-33/35-openroad-cts/top_chip.odb'…
Writing netlist to '/home/designer/shared/FFT/parallel_fft/runs/RUN_2026-01-23_18-35-33/35-openroad-cts/top_chip.nl.v'…
Writing powered netlist to '/home/designer/shared/FFT/parallel_fft/runs/RUN_2026-01-23_18-35-33/35-openroad-cts/top_chip.pnl.v'…
Writing layout to '/home/designer/shared/FFT/parallel_fft/runs/RUN_2026-01-23_18-35-33/35-openroad-cts/top_chip.def'…
Writing timing constraints to '/home/designer/shared/FFT/parallel_fft/runs/RUN_2026-01-23_18-35-33/35-openroad-cts/top_chip.sdc'…
%OL_CREATE_REPORT cts.rpt
Total number of Clock Roots: 1.
Total number of Buffers Inserted: 700.
Total number of Clock Subnets: 700.
Total number of Sinks: 3443.
Cells used:
  sg13g2_buf_8: 700
Dummys used:
  sg13g2_buf_1: 3
  sg13g2_buf_8: 37
  sg13g2_inv_1: 67
  sg13g2_inv_2: 54
  sg13g2_inv_4: 44
  sg13g2_inv_8: 18
%OL_END_REPORT
