[GUI-0070] Ambiguous command name "gui::highlight": ::gui::highlight_inst ::gui::highlight_net.
[GUI-0100] No instance named _008651a8d65a0000_p_Instance found.
[GUI-0070] GUI-0100
[GUI-0100] No instance named _008651a8d65a0000_p_Instance found.
[GUI-0070] GUI-0100
[GUI-0070] invalid command name "<"
[GUI-0070] invalid command name "A"
[GUI-0101] No net named  found.
[GUI-0070] GUI-0101
[GUI-0070] invalid command name "report_clocks"
[GUI-0101] No net named _a819e6e352560000_p_Net found.
[GUI-0070] GUI-0101
[GUI-0070] invalid command name "get_db_nets"
[STA-0100] unsupported object type Port.
[GUI-0070] STA-0100
[STA-0100] unsupported object type Port.
[GUI-0070] STA-0100
[STA-0100] unsupported object type Port.
[GUI-0070] STA-0100
[GUI-0070] invalid command name "get_db_ports"
[STA-0100] unsupported object type Port.
[GUI-0070] STA-0100
[GUI-0070] invalid command name "report_clocks"
[GUI-0070] invalid command name "report_clocks"
[GUI-0070] invalid command name "report_clocks"
[GUI-0070] invalid command name "..."
[GUI-0070] can't read "clk_tree_net": no such variable
