Starting…
Running 'Verilator.Lint' at 'runs/RUN_2026-01-23_18-35-33/01-verilator-lint'…
Logging subprocess to [repr.filename]'runs/RUN_2026-01-23_18-35-33/01-verilator-lint/verilator-lint.log'[/repr.filename]…
Running 'Checker.LintTimingConstructs' at 'runs/RUN_2026-01-23_18-35-33/02-checker-linttimingconstructs'…
Check for Lint Timing Errors clear.
Running 'Checker.LintErrors' at 'runs/RUN_2026-01-23_18-35-33/03-checker-linterrors'…
Check for Lint errors clear.
Running 'Checker.LintWarnings' at 'runs/RUN_2026-01-23_18-35-33/04-checker-lintwarnings'…
Check for Lint warnings clear.
Running 'Yosys.JsonHeader' at 'runs/RUN_2026-01-23_18-35-33/05-yosys-jsonheader'…
Logging subprocess to [repr.filename]'runs/RUN_2026-01-23_18-35-33/05-yosys-jsonheader/yosys-jsonheader.log'[/repr.filename]…
Running 'Yosys.Synthesis' at 'runs/RUN_2026-01-23_18-35-33/06-yosys-synthesis'…
Logging subprocess to [repr.filename]'runs/RUN_2026-01-23_18-35-33/06-yosys-synthesis/yosys-synthesis.log'[/repr.filename]…
Parsing synthesis checks…
Running 'Checker.YosysUnmappedCells' at 'runs/RUN_2026-01-23_18-35-33/07-checker-yosysunmappedcells'…
Check for Unmapped Yosys instances clear.
Running 'Checker.YosysSynthChecks' at 'runs/RUN_2026-01-23_18-35-33/08-checker-yosyssynthchecks'…
Check for Yosys check errors clear.
Running 'Checker.NetlistAssignStatements' at 'runs/RUN_2026-01-23_18-35-33/09-checker-netlistassignstatements'…
Running 'OpenROAD.CheckSDCFiles' at 'runs/RUN_2026-01-23_18-35-33/10-openroad-checksdcfiles'…
Running 'OpenROAD.CheckMacroInstances' at 'runs/RUN_2026-01-23_18-35-33/11-openroad-checkmacroinstances'…
No macros found, skipping instance check…
Running 'OpenROAD.STAPrePNR' at 'runs/RUN_2026-01-23_18-35-33/12-openroad-staprepnr'…
Starting STA for the nom_fast_1p32V_m40C timing corner…
Starting STA for the nom_slow_1p08V_125C timing corner…
Starting STA for the nom_typ_1p20V_25C timing corner…
Logging subprocess to [repr.filename]'runs/RUN_2026-01-23_18-35-33/12-openroad-staprepnr/nom_fast_1p32V_m40C/sta.log'[/repr.filename]…
Logging subprocess to [repr.filename]'runs/RUN_2026-01-23_18-35-33/12-openroad-staprepnr/nom_slow_1p08V_125C/sta.log'[/repr.filename]…
Logging subprocess to [repr.filename]'runs/RUN_2026-01-23_18-35-33/12-openroad-staprepnr/nom_typ_1p20V_25C/sta.log'[/repr.filename]…
Finished STA for the nom_slow_1p08V_125C timing corner.
Finished STA for the nom_fast_1p32V_m40C timing corner.
Finished STA for the nom_typ_1p20V_25C timing corner.
Running 'OpenROAD.Floorplan' at 'runs/RUN_2026-01-23_18-35-33/13-openroad-floorplan'…
Logging subprocess to [repr.filename]'runs/RUN_2026-01-23_18-35-33/13-openroad-floorplan/openroad-floorplan.log'[/repr.filename]…
Running 'OpenROAD.DumpRCValues' at 'runs/RUN_2026-01-23_18-35-33/14-openroad-dumprcvalues'…
Logging subprocess to [repr.filename]'runs/RUN_2026-01-23_18-35-33/14-openroad-dumprcvalues/openroad-dumprcvalues.log'[/repr.filename]…
Running 'Odb.CheckMacroAntennaProperties' at 'runs/RUN_2026-01-23_18-35-33/15-odb-checkmacroantennaproperties'…
No cells provided, skipping 'Odb.CheckMacroAntennaProperties'…
Running 'Odb.SetPowerConnections' at 'runs/RUN_2026-01-23_18-35-33/16-odb-setpowerconnections'…
Logging subprocess to [repr.filename]'runs/RUN_2026-01-23_18-35-33/16-odb-setpowerconnections/odb-setpowerconnections.log'[/repr.filename]…
Running 'Odb.ManualMacroPlacement' at 'runs/RUN_2026-01-23_18-35-33/17-odb-manualmacroplacement'…
No instances found, skipping 'Odb.ManualMacroPlacement'…
Running 'OpenROAD.CutRows' at 'runs/RUN_2026-01-23_18-35-33/18-openroad-cutrows'…
Logging subprocess to [repr.filename]'runs/RUN_2026-01-23_18-35-33/18-openroad-cutrows/openroad-cutrows.log'[/repr.filename]…
Running 'OpenROAD.TapEndcapInsertion' at 'runs/RUN_2026-01-23_18-35-33/19-openroad-tapendcapinsertion'…
Logging subprocess to [repr.filename]'runs/RUN_2026-01-23_18-35-33/19-openroad-tapendcapinsertion/openroad-tapendcapinsertion.log'[/repr.filename]…
Running 'Odb.AddPDNObstructions' at 'runs/RUN_2026-01-23_18-35-33/20-odb-addpdnobstructions'…
'PDN_OBSTRUCTIONS' is not defined. Skipping 'Odb.AddPDNObstructions'…
Running 'OpenROAD.GeneratePDN' at 'runs/RUN_2026-01-23_18-35-33/21-openroad-generatepdn'…
'PDN_CFG' not explicitly set, setting it to /nix/store/sfc122jplczjy5i6pd5radwb3k94mh33-python3.12-librelane-3.0.0.dev45/lib/python3.12/site-packages/librelane/scripts/openroad/common/pdn_cfg.tcl…
Logging subprocess to [repr.filename]'runs/RUN_2026-01-23_18-35-33/21-openroad-generatepdn/openroad-generatepdn.log'[/repr.filename]…
Running 'Odb.RemovePDNObstructions' at 'runs/RUN_2026-01-23_18-35-33/22-odb-removepdnobstructions'…
'PDN_OBSTRUCTIONS' is not defined. Skipping 'Odb.RemovePDNObstructions'…
Running 'Odb.AddRoutingObstructions' at 'runs/RUN_2026-01-23_18-35-33/23-odb-addroutingobstructions'…
'ROUTING_OBSTRUCTIONS' is not defined. Skipping 'Odb.AddRoutingObstructions'…
Running 'OpenROAD.GlobalPlacementSkipIO' at 'runs/RUN_2026-01-23_18-35-33/24-openroad-globalplacementskipio'…
'PL_TARGET_DENSITY_PCT' not explicitly set, using dynamically calculated target density: 68.558100…
Logging subprocess to [repr.filename]'runs/RUN_2026-01-23_18-35-33/24-openroad-globalplacementskipio/openroad-globalplacementskipio.log'[/repr.filename]…
Running 'OpenROAD.IOPlacement' at 'runs/RUN_2026-01-23_18-35-33/25-openroad-ioplacement'…
Logging subprocess to [repr.filename]'runs/RUN_2026-01-23_18-35-33/25-openroad-ioplacement/openroad-ioplacement.log'[/repr.filename]…
Running 'Odb.CustomIOPlacement' at 'runs/RUN_2026-01-23_18-35-33/26-odb-customioplacement'…
No custom I/O placement file configured, skipping 'Odb.CustomIOPlacement'…
Running 'Odb.ApplyDEFTemplate' at 'runs/RUN_2026-01-23_18-35-33/27-odb-applydeftemplate'…
No DEF template provided, skipping 'Odb.ApplyDEFTemplate'…
Running 'OpenROAD.GlobalPlacement' at 'runs/RUN_2026-01-23_18-35-33/28-openroad-globalplacement'…
'PL_TARGET_DENSITY_PCT' not explicitly set, using dynamically calculated target density: 68.558100…
Logging subprocess to [repr.filename]'runs/RUN_2026-01-23_18-35-33/28-openroad-globalplacement/openroad-globalplacement.log'[/repr.filename]…
Running 'Odb.WriteVerilogHeader' at 'runs/RUN_2026-01-23_18-35-33/29-odb-writeverilogheader'…
Logging subprocess to [repr.filename]'runs/RUN_2026-01-23_18-35-33/29-odb-writeverilogheader/odb-writeverilogheader.log'[/repr.filename]…
Running 'Checker.PowerGridViolations' at 'runs/RUN_2026-01-23_18-35-33/30-checker-powergridviolations'…
Check for power grid violations (as reported by OpenROAD PSM- you may ignore these if LVS passes) clear.
Running 'OpenROAD.STAMidPNR' at 'runs/RUN_2026-01-23_18-35-33/31-openroad-stamidpnr'…
Logging subprocess to [repr.filename]'runs/RUN_2026-01-23_18-35-33/31-openroad-stamidpnr/openroad-stamidpnr.log'[/repr.filename]…
Running 'OpenROAD.RepairDesignPostGPL' at 'runs/RUN_2026-01-23_18-35-33/32-openroad-repairdesignpostgpl'…
Logging subprocess to [repr.filename]'runs/RUN_2026-01-23_18-35-33/32-openroad-repairdesignpostgpl/openroad-repairdesignpostgpl.log'[/repr.filename]…
Running 'Odb.ManualGlobalPlacement' at 'runs/RUN_2026-01-23_18-35-33/33-odb-manualglobalplacement'…
'MANUAL_GLOBAL_PLACEMENTS' not set. Skipping 'Odb.ManualGlobalPlacement'…
Running 'OpenROAD.DetailedPlacement' at 'runs/RUN_2026-01-23_18-35-33/34-openroad-detailedplacement'…
Logging subprocess to [repr.filename]'runs/RUN_2026-01-23_18-35-33/34-openroad-detailedplacement/openroad-detailedplacement.log'[/repr.filename]…
Running 'OpenROAD.CTS' at 'runs/RUN_2026-01-23_18-35-33/35-openroad-cts'…
Logging subprocess to [repr.filename]'runs/RUN_2026-01-23_18-35-33/35-openroad-cts/openroad-cts.log'[/repr.filename]…
Running 'OpenROAD.STAMidPNR-1' at 'runs/RUN_2026-01-23_18-35-33/36-openroad-stamidpnr-1'…
Logging subprocess to [repr.filename]'runs/RUN_2026-01-23_18-35-33/36-openroad-stamidpnr-1/openroad-stamidpnr-1.log'[/repr.filename]…
Running 'OpenROAD.ResizerTimingPostCTS' at 'runs/RUN_2026-01-23_18-35-33/37-openroad-resizertimingpostcts'…
Logging subprocess to [repr.filename]'runs/RUN_2026-01-23_18-35-33/37-openroad-resizertimingpostcts/openroad-resizertimingpostcts.log'[/repr.filename]…
Running 'OpenROAD.STAMidPNR-2' at 'runs/RUN_2026-01-23_18-35-33/38-openroad-stamidpnr-2'…
Logging subprocess to [repr.filename]'runs/RUN_2026-01-23_18-35-33/38-openroad-stamidpnr-2/openroad-stamidpnr-2.log'[/repr.filename]…
Running 'OpenROAD.GlobalRouting' at 'runs/RUN_2026-01-23_18-35-33/39-openroad-globalrouting'…
Logging subprocess to [repr.filename]'runs/RUN_2026-01-23_18-35-33/39-openroad-globalrouting/openroad-globalrouting.log'[/repr.filename]…
Running 'OpenROAD.CheckAntennas' at 'runs/RUN_2026-01-23_18-35-33/40-openroad-checkantennas'…
Logging subprocess to [repr.filename]'runs/RUN_2026-01-23_18-35-33/40-openroad-checkantennas/openroad-checkantennas.log'[/repr.filename]…
Gating variable for step 'OpenROAD.RepairDesignPostGRT' set to 'False'- the step will be skipped.
Skipping step 'Repair Design (Post-Global Routing)'…
Running 'Odb.DiodesOnPorts' at 'runs/RUN_2026-01-23_18-35-33/41-odb-diodesonports'…
'DIODE_ON_PORTS' is set to 'none': skipping 'Odb.DiodesOnPorts'…
Gating variable for step 'Odb.HeuristicDiodeInsertion' set to 'False'- the step will be skipped.
Skipping step 'Heuristic Diode Insertion'…
Running 'OpenROAD.RepairAntennas' at 'runs/RUN_2026-01-23_18-35-33/42-openroad-repairantennas'…
Running 'DiodeInsertion' at 'runs/RUN_2026-01-23_18-35-33/42-openroad-repairantennas/1-diodeinsertion'…
Logging subprocess to [repr.filename]'runs/RUN_2026-01-23_18-35-33/42-openroad-repairantennas/1-diodeinsertion/diodeinsertion.log'[/repr.filename]…
Running 'OpenROAD.CheckAntennas' at 'runs/RUN_2026-01-23_18-35-33/42-openroad-repairantennas/2-openroad-checkantennas'…
Logging subprocess to [repr.filename]'runs/RUN_2026-01-23_18-35-33/42-openroad-repairantennas/2-openroad-checkantennas/openroad-checkantennas.log'[/repr.filename]…
Gating variable for step 'OpenROAD.ResizerTimingPostGRT' set to 'False'- the step will be skipped.
Skipping step 'Resizer Timing Optimizations (Post-Global Routing)'…
Running 'OpenROAD.STAMidPNR-3' at 'runs/RUN_2026-01-23_18-35-33/43-openroad-stamidpnr-3'…
Logging subprocess to [repr.filename]'runs/RUN_2026-01-23_18-35-33/43-openroad-stamidpnr-3/openroad-stamidpnr-3.log'[/repr.filename]…
Running 'OpenROAD.DetailedRouting' at 'runs/RUN_2026-01-23_18-35-33/44-openroad-detailedrouting'…
Running TritonRoute with 12 threads…
Logging subprocess to [repr.filename]'runs/RUN_2026-01-23_18-35-33/44-openroad-detailedrouting/openroad-detailedrouting.log'[/repr.filename]…
[DRT-0349] LEF58_ENCLOSURE with no CUTCLASS is not supported. Skipping for layer Cont
[DRT-0349] LEF58_ENCLOSURE with no CUTCLASS is not supported. Skipping for layer Via1
[DRT-0349] LEF58_ENCLOSURE with no CUTCLASS is not supported. Skipping for layer Via1
[DRT-0349] LEF58_ENCLOSURE with no CUTCLASS is not supported. Skipping for layer Via2
[DRT-0349] LEF58_ENCLOSURE with no CUTCLASS is not supported. Skipping for layer Via3
[DRT-0349] LEF58_ENCLOSURE with no CUTCLASS is not supported. Skipping for layer Via4
[DRT-0349] LEF58_ENCLOSURE with no CUTCLASS is not supported. Skipping for layer TopVia1
[DRT-0349] LEF58_ENCLOSURE with no CUTCLASS is not supported. Skipping for layer TopVia1
[DRT-0349] LEF58_ENCLOSURE with no CUTCLASS is not supported. Skipping for layer TopVia2
[DRT-0349] LEF58_ENCLOSURE with no CUTCLASS is not supported. Skipping for layer TopVia2
Running 'Odb.RemoveRoutingObstructions' at 'runs/RUN_2026-01-23_18-35-33/45-odb-removeroutingobstructions'…
'ROUTING_OBSTRUCTIONS' is not defined. Skipping 'Odb.RemoveRoutingObstructions'…
Running 'OpenROAD.CheckAntennas-1' at 'runs/RUN_2026-01-23_18-35-33/46-openroad-checkantennas-1'…
Logging subprocess to [repr.filename]'runs/RUN_2026-01-23_18-35-33/46-openroad-checkantennas-1/openroad-checkantennas-1.log'[/repr.filename]…
Running 'Checker.TrDRC' at 'runs/RUN_2026-01-23_18-35-33/47-checker-trdrc'…
Check for Routing DRC errors clear.
Running 'Odb.ReportDisconnectedPins' at 'runs/RUN_2026-01-23_18-35-33/48-odb-reportdisconnectedpins'…
Logging subprocess to [repr.filename]'runs/RUN_2026-01-23_18-35-33/48-odb-reportdisconnectedpins/odb-reportdisconnectedpins.log'[/repr.filename]…
Running 'Checker.DisconnectedPins' at 'runs/RUN_2026-01-23_18-35-33/49-checker-disconnectedpins'…
Check for critical disconnected pins clear.
Running 'Odb.ReportWireLength' at 'runs/RUN_2026-01-23_18-35-33/50-odb-reportwirelength'…
Logging subprocess to [repr.filename]'runs/RUN_2026-01-23_18-35-33/50-odb-reportwirelength/odb-reportwirelength.log'[/repr.filename]…
Running 'Checker.WireLength' at 'runs/RUN_2026-01-23_18-35-33/51-checker-wirelength'…
1350.8 Threshold-surpassing long wires found.
Running 'OpenROAD.FillInsertion' at 'runs/RUN_2026-01-23_18-35-33/52-openroad-fillinsertion'…
Logging subprocess to [repr.filename]'runs/RUN_2026-01-23_18-35-33/52-openroad-fillinsertion/openroad-fillinsertion.log'[/repr.filename]…
Running 'Odb.CellFrequencyTables' at 'runs/RUN_2026-01-23_18-35-33/53-odb-cellfrequencytables'…
Logging subprocess to [repr.filename]'runs/RUN_2026-01-23_18-35-33/53-odb-cellfrequencytables/buffer_list.txt'[/repr.filename]…
Logging subprocess to [repr.filename]'runs/RUN_2026-01-23_18-35-33/53-odb-cellfrequencytables/odb-cellfrequencytables.log'[/repr.filename]…
Running 'OpenROAD.RCX' at 'runs/RUN_2026-01-23_18-35-33/54-openroad-rcx'…
Running RCX for corners matching nom_* (/home/designer/shared/FFT/parallel_fft/runs/RUN_2026-01-23_18-35-33/54-openroad-rcx/nom/rcx.log)…
Logging subprocess to [repr.filename]'runs/RUN_2026-01-23_18-35-33/54-openroad-rcx/nom/rcx.log'[/repr.filename]…
Finished RCX for corners matching nom_*.
Running 'OpenROAD.STAPostPNR' at 'runs/RUN_2026-01-23_18-35-33/55-openroad-stapostpnr'…
Starting STA for the nom_fast_1p32V_m40C timing corner…
Starting STA for the nom_slow_1p08V_125C timing corner…
Starting STA for the nom_typ_1p20V_25C timing corner…
Logging subprocess to [repr.filename]'runs/RUN_2026-01-23_18-35-33/55-openroad-stapostpnr/nom_fast_1p32V_m40C/sta.log'[/repr.filename]…
Logging subprocess to [repr.filename]'runs/RUN_2026-01-23_18-35-33/55-openroad-stapostpnr/nom_typ_1p20V_25C/sta.log'[/repr.filename]…
Logging subprocess to [repr.filename]'runs/RUN_2026-01-23_18-35-33/55-openroad-stapostpnr/nom_slow_1p08V_125C/sta.log'[/repr.filename]…
Finished STA for the nom_typ_1p20V_25C timing corner.
Logging subprocess to [repr.filename]'runs/RUN_2026-01-23_18-35-33/55-openroad-stapostpnr/nom_typ_1p20V_25C/filter_unannotated.log'[/repr.filename]…
Finished STA for the nom_slow_1p08V_125C timing corner.
Logging subprocess to [repr.filename]'runs/RUN_2026-01-23_18-35-33/55-openroad-stapostpnr/nom_slow_1p08V_125C/filter_unannotated.log'[/repr.filename]…
Finished STA for the nom_fast_1p32V_m40C timing corner.
Logging subprocess to [repr.filename]'runs/RUN_2026-01-23_18-35-33/55-openroad-stapostpnr/nom_fast_1p32V_m40C/filter_unannotated.log'[/repr.filename]…
Running 'OpenROAD.IRDropReport' at 'runs/RUN_2026-01-23_18-35-33/56-openroad-irdropreport'…
Logging subprocess to [repr.filename]'runs/RUN_2026-01-23_18-35-33/56-openroad-irdropreport/openroad-irdropreport.log'[/repr.filename]…
+ analyze_power_grid -net VPWR -voltage_file /home/designer/shared/FFT/parallel_fft/runs/RUN_2026-01-23_18-35-33/56-openroad-irdropreport/net-VPWR.csv -vsrc /home/designer/shared/FFT/parallel_fft/librelane/irdrop/vpwr.csv
[INFO PSM-0040] All shapes on net VPWR are connected.
[INFO PSM-0015] Reading location of sources from: /home/designer/shared/FFT/parallel_fft/librelane/irdrop/vpwr.csv.
########## IR report #################
Net              : VPWR
Corner           : nom_typ_1p20V_25C
Supply voltage   : 1.20e+00 V
Worstcase voltage: 1.20e+00 V
Average voltage  : 1.20e+00 V
Average IR drop  : 1.99e-03 V
Worstcase IR drop: 2.49e-03 V
Percentage drop  : 0.21 %
######################################
+ analyze_power_grid -net VGND -voltage_file /home/designer/shared/FFT/parallel_fft/runs/RUN_2026-01-23_18-35-33/56-openroad-irdropreport/net-VGND.csv -vsrc /home/designer/shared/FFT/parallel_fft/librelane/irdrop/vgnd.csv
[INFO PSM-0040] All shapes on net VGND are connected.
[INFO PSM-0015] Reading location of sources from: /home/designer/shared/FFT/parallel_fft/librelane/irdrop/vgnd.csv.
########## IR report #################
Net              : VGND
Corner           : nom_typ_1p20V_25C
Supply voltage   : 0.00e+00 V
Worstcase voltage: 2.45e-03 V
Average voltage  : 1.97e-03 V
Average IR drop  : 1.97e-03 V
Worstcase IR drop: 2.45e-03 V
Percentage drop  : 0.20 %
######################################

Running 'Magic.StreamOut' at 'runs/RUN_2026-01-23_18-35-33/57-magic-streamout'…
Logging subprocess to [repr.filename]'runs/RUN_2026-01-23_18-35-33/57-magic-streamout/magic-streamout.log'[/repr.filename]…
Running 'KLayout.StreamOut' at 'runs/RUN_2026-01-23_18-35-33/58-klayout-streamout'…
Logging subprocess to [repr.filename]'runs/RUN_2026-01-23_18-35-33/58-klayout-streamout/klayout-streamout.log'[/repr.filename]…
Running 'Magic.WriteLEF' at 'runs/RUN_2026-01-23_18-35-33/59-magic-writelef'…
Logging subprocess to [repr.filename]'runs/RUN_2026-01-23_18-35-33/59-magic-writelef/magic-writelef.log'[/repr.filename]…
Running 'Odb.CheckDesignAntennaProperties' at 'runs/RUN_2026-01-23_18-35-33/60-odb-checkdesignantennaproperties'…
Logging subprocess to [repr.filename]'runs/RUN_2026-01-23_18-35-33/60-odb-checkdesignantennaproperties/odb-checkdesignantennaproperties.log'[/repr.filename]…
Running 'KLayout.XOR' at 'runs/RUN_2026-01-23_18-35-33/61-klayout-xor'…
Running XOR with 12 threads…
Logging subprocess to [repr.filename]'runs/RUN_2026-01-23_18-35-33/61-klayout-xor/klayout-xor.log'[/repr.filename]…
Running 'Checker.XOR' at 'runs/RUN_2026-01-23_18-35-33/62-checker-xor'…
Check for XOR differences clear.
Running 'Magic.DRC' at 'runs/RUN_2026-01-23_18-35-33/63-magic-drc'…
Logging subprocess to [repr.filename]'runs/RUN_2026-01-23_18-35-33/63-magic-drc/magic-drc.log'[/repr.filename]…
Running 'KLayout.DRC' at 'runs/RUN_2026-01-23_18-35-33/64-klayout-drc'…
Running KLayout DRC with 12 threads…
Logging subprocess to [repr.filename]'runs/RUN_2026-01-23_18-35-33/64-klayout-drc/klayout-drc.log'[/repr.filename]…
Logging subprocess to [repr.filename]'runs/RUN_2026-01-23_18-35-33/64-klayout-drc/xml_drc_report_to_json.log'[/repr.filename]…
Running 'Checker.MagicDRC' at 'runs/RUN_2026-01-23_18-35-33/65-checker-magicdrc'…
Check for Magic DRC errors clear.
Running 'Checker.KLayoutDRC' at 'runs/RUN_2026-01-23_18-35-33/66-checker-klayoutdrc'…
Check for KLayout DRC errors clear.
Running 'Magic.SpiceExtraction' at 'runs/RUN_2026-01-23_18-35-33/67-magic-spiceextraction'…
Logging subprocess to [repr.filename]'runs/RUN_2026-01-23_18-35-33/67-magic-spiceextraction/magic-spiceextraction.log'[/repr.filename]…
Running 'Checker.IllegalOverlap' at 'runs/RUN_2026-01-23_18-35-33/68-checker-illegaloverlap'…
Check for Magic Illegal Overlap errors clear.
Running 'Netgen.LVS' at 'runs/RUN_2026-01-23_18-35-33/69-netgen-lvs'…
Logging subprocess to [repr.filename]'runs/RUN_2026-01-23_18-35-33/69-netgen-lvs/netgen-lvs.log'[/repr.filename]…
Running 'Checker.LVS' at 'runs/RUN_2026-01-23_18-35-33/70-checker-lvs'…
Check for LVS errors clear.
Gating variable for step 'Yosys.EQY' set to 'False'- the step will be skipped.
Skipping step 'Equivalence Check'…
Running 'Checker.SetupViolations' at 'runs/RUN_2026-01-23_18-35-33/71-checker-setupviolations'…
No setup violations found
Running 'Checker.HoldViolations' at 'runs/RUN_2026-01-23_18-35-33/72-checker-holdviolations'…
No hold violations found
Running 'Checker.MaxSlewViolations' at 'runs/RUN_2026-01-23_18-35-33/73-checker-maxslewviolations'…
No max slew violations found
Running 'Checker.MaxCapViolations' at 'runs/RUN_2026-01-23_18-35-33/74-checker-maxcapviolations'…
No max cap violations found
Running 'Misc.ReportManufacturability' at 'runs/RUN_2026-01-23_18-35-33/75-misc-reportmanufacturability'…
Saving views to '/home/designer/shared/FFT/parallel_fft/runs/RUN_2026-01-23_18-35-33/final'…
Flow complete.
Starting…
Running 'OpenROAD.OpenGUI' at 'runs/RUN_2026-01-23_18-35-33/76-openroad-opengui'…
Logging subprocess to [repr.filename]'runs/RUN_2026-01-23_18-35-33/76-openroad-opengui/openroad-opengui.log'[/repr.filename]…
[GUI-0076] qglx_findConfig: Failed to finding matching FBConfig for QSurfaceFormat(version 2.0, options QFlags<QSurfaceFormat::FormatOption>(), depthBufferSize -1, redBufferSize 1, greenBufferSize 1, blueBufferSize 1, alphaBufferSize -1, stencilBufferSize -1, samples -1, swapBehavior QSurfaceFormat::SingleBuffer, swapInterval 1, colorSpace QSurfaceFormat::DefaultColorSpace, profile  QSurfaceFormat::NoProfile)
[GUI-0076] qglx_findConfig: Failed to finding matching FBConfig for QSurfaceFormat(version 2.0, options QFlags<QSurfaceFormat::FormatOption>(), depthBufferSize -1, redBufferSize 1, greenBufferSize 1, blueBufferSize 1, alphaBufferSize -1, stencilBufferSize -1, samples -1, swapBehavior QSurfaceFormat::SingleBuffer, swapInterval 1, colorSpace QSurfaceFormat::DefaultColorSpace, profile  QSurfaceFormat::NoProfile)
[GUI-0076] qglx_findConfig: Failed to finding matching FBConfig for QSurfaceFormat(version 2.0, options QFlags<QSurfaceFormat::FormatOption>(), depthBufferSize -1, redBufferSize 1, greenBufferSize 1, blueBufferSize 1, alphaBufferSize -1, stencilBufferSize -1, samples -1, swapBehavior QSurfaceFormat::SingleBuffer, swapInterval 1, colorSpace QSurfaceFormat::DefaultColorSpace, profile  QSurfaceFormat::NoProfile)
[GUI-0076] qglx_findConfig: Failed to finding matching FBConfig for QSurfaceFormat(version 2.0, options QFlags<QSurfaceFormat::FormatOption>(), depthBufferSize -1, redBufferSize 1, greenBufferSize 1, blueBufferSize 1, alphaBufferSize -1, stencilBufferSize -1, samples -1, swapBehavior QSurfaceFormat::SingleBuffer, swapInterval 1, colorSpace QSurfaceFormat::DefaultColorSpace, profile  QSurfaceFormat::NoProfile)
[GUI-0076] qglx_findConfig: Failed to finding matching FBConfig for QSurfaceFormat(version 2.0, options QFlags<QSurfaceFormat::FormatOption>(), depthBufferSize -1, redBufferSize 1, greenBufferSize 1, blueBufferSize 1, alphaBufferSize -1, stencilBufferSize -1, samples -1, swapBehavior QSurfaceFormat::SingleBuffer, swapInterval 1, colorSpace QSurfaceFormat::DefaultColorSpace, profile  QSurfaceFormat::NoProfile)
[GUI-0076] qglx_findConfig: Failed to finding matching FBConfig for QSurfaceFormat(version 2.0, options QFlags<QSurfaceFormat::FormatOption>(), depthBufferSize -1, redBufferSize 1, greenBufferSize 1, blueBufferSize 1, alphaBufferSize -1, stencilBufferSize -1, samples -1, swapBehavior QSurfaceFormat::SingleBuffer, swapInterval 1, colorSpace QSurfaceFormat::DefaultColorSpace, profile  QSurfaceFormat::NoProfile)
[GUI-0076] qglx_findConfig: Failed to finding matching FBConfig for QSurfaceFormat(version 2.0, options QFlags<QSurfaceFormat::FormatOption>(), depthBufferSize -1, redBufferSize 1, greenBufferSize 1, blueBufferSize 1, alphaBufferSize -1, stencilBufferSize -1, samples -1, swapBehavior QSurfaceFormat::SingleBuffer, swapInterval 1, colorSpace QSurfaceFormat::DefaultColorSpace, profile  QSurfaceFormat::NoProfile)
[GUI-0070] Ambiguous command name "gui::highlight": ::gui::highlight_inst ::gui::highlight_net.
[GUI-0076] qglx_findConfig: Failed to finding matching FBConfig for QSurfaceFormat(version 2.0, options QFlags<QSurfaceFormat::FormatOption>(), depthBufferSize -1, redBufferSize 1, greenBufferSize 1, blueBufferSize 1, alphaBufferSize -1, stencilBufferSize -1, samples -1, swapBehavior QSurfaceFormat::SingleBuffer, swapInterval 1, colorSpace QSurfaceFormat::DefaultColorSpace, profile  QSurfaceFormat::NoProfile)
[GUI-0076] qglx_findConfig: Failed to finding matching FBConfig for QSurfaceFormat(version 2.0, options QFlags<QSurfaceFormat::FormatOption>(), depthBufferSize -1, redBufferSize 1, greenBufferSize 1, blueBufferSize 1, alphaBufferSize -1, stencilBufferSize -1, samples -1, swapBehavior QSurfaceFormat::SingleBuffer, swapInterval 1, colorSpace QSurfaceFormat::DefaultColorSpace, profile  QSurfaceFormat::NoProfile)
[GUI-0100] No instance named _008651a8d65a0000_p_Instance found.
[GUI-0070] GUI-0100
[GUI-0100] No instance named _008651a8d65a0000_p_Instance found.
[GUI-0070] GUI-0100
[GUI-0076] qglx_findConfig: Failed to finding matching FBConfig for QSurfaceFormat(version 2.0, options QFlags<QSurfaceFormat::FormatOption>(), depthBufferSize -1, redBufferSize 1, greenBufferSize 1, blueBufferSize 1, alphaBufferSize -1, stencilBufferSize -1, samples -1, swapBehavior QSurfaceFormat::SingleBuffer, swapInterval 1, colorSpace QSurfaceFormat::DefaultColorSpace, profile  QSurfaceFormat::NoProfile)
[GUI-0070] invalid command name "<"
[GUI-0070] invalid command name "A"
[GUI-0076] qglx_findConfig: Failed to finding matching FBConfig for QSurfaceFormat(version 2.0, options QFlags<QSurfaceFormat::FormatOption>(), depthBufferSize -1, redBufferSize 1, greenBufferSize 1, blueBufferSize 1, alphaBufferSize -1, stencilBufferSize -1, samples -1, swapBehavior QSurfaceFormat::SingleBuffer, swapInterval 1, colorSpace QSurfaceFormat::DefaultColorSpace, profile  QSurfaceFormat::NoProfile)
Saving views to '/home/designer/shared/FFT/parallel_fft/runs/RUN_2026-01-23_18-35-33/final'…
Flow complete.
Starting…
Running 'OpenROAD.OpenGUI' at 'runs/RUN_2026-01-23_18-35-33/77-openroad-opengui'…
Logging subprocess to [repr.filename]'runs/RUN_2026-01-23_18-35-33/77-openroad-opengui/openroad-opengui.log'[/repr.filename]…
[GUI-0076] qglx_findConfig: Failed to finding matching FBConfig for QSurfaceFormat(version 2.0, options QFlags<QSurfaceFormat::FormatOption>(), depthBufferSize -1, redBufferSize 1, greenBufferSize 1, blueBufferSize 1, alphaBufferSize -1, stencilBufferSize -1, samples -1, swapBehavior QSurfaceFormat::SingleBuffer, swapInterval 1, colorSpace QSurfaceFormat::DefaultColorSpace, profile  QSurfaceFormat::NoProfile)
[GUI-0076] qglx_findConfig: Failed to finding matching FBConfig for QSurfaceFormat(version 2.0, options QFlags<QSurfaceFormat::FormatOption>(), depthBufferSize -1, redBufferSize 1, greenBufferSize 1, blueBufferSize 1, alphaBufferSize -1, stencilBufferSize -1, samples -1, swapBehavior QSurfaceFormat::SingleBuffer, swapInterval 1, colorSpace QSurfaceFormat::DefaultColorSpace, profile  QSurfaceFormat::NoProfile)
[GUI-0076] qglx_findConfig: Failed to finding matching FBConfig for QSurfaceFormat(version 2.0, options QFlags<QSurfaceFormat::FormatOption>(), depthBufferSize -1, redBufferSize 1, greenBufferSize 1, blueBufferSize 1, alphaBufferSize -1, stencilBufferSize -1, samples -1, swapBehavior QSurfaceFormat::SingleBuffer, swapInterval 1, colorSpace QSurfaceFormat::DefaultColorSpace, profile  QSurfaceFormat::NoProfile)
[STA-0361] net 'clk' not found.
[GUI-0101] No net named  found.
[GUI-0070] GUI-0101
[GUI-0070] invalid command name "report_clocks"
[GUI-0101] No net named _a819e6e352560000_p_Net found.
[GUI-0070] GUI-0101
[GUI-0070] invalid command name "get_db_nets"
[STA-0100] unsupported object type Port.
[GUI-0070] STA-0100
[STA-0100] unsupported object type Port.
[GUI-0070] STA-0100
[STA-0100] unsupported object type Port.
[GUI-0070] STA-0100
[GUI-0070] invalid command name "get_db_ports"
[STA-0100] unsupported object type Port.
[GUI-0070] STA-0100
[STA-0101] object 'NULL' not found.
[STA-0101] object 'NULL' not found.
[STA-0101] object 'NULL' not found.
[STA-0101] object 'NULL' not found.
[STA-0101] object 'NULL' not found.
[STA-0101] object 'NULL' not found.
[STA-0101] object 'NULL' not found.
[STA-0101] object 'NULL' not found.
[STA-0101] object 'NULL' not found.
[STA-0101] object 'NULL' not found.
[STA-0101] object 'NULL' not found.
[STA-0101] object 'NULL' not found.
[STA-0101] object 'NULL' not found.
[STA-0101] object 'NULL' not found.
[STA-0101] object 'NULL' not found.
[STA-0101] object 'NULL' not found.
[STA-0101] object 'NULL' not found.
[STA-0101] object 'NULL' not found.
[STA-0101] object 'NULL' not found.
[STA-0101] object 'NULL' not found.
[STA-0101] object 'NULL' not found.
[STA-0101] object 'NULL' not found.
[STA-0101] object 'NULL' not found.
[STA-0101] object 'NULL' not found.
[STA-0101] object 'NULL' not found.
[STA-0101] object 'NULL' not found.
[STA-0101] object 'NULL' not found.
[STA-0101] object 'NULL' not found.
[STA-0101] object 'NULL' not found.
[STA-0101] object 'NULL' not found.
[STA-0101] object 'NULL' not found.
[STA-0101] object 'NULL' not found.
[STA-0101] object 'NULL' not found.
[STA-0101] object 'NULL' not found.
[STA-0101] object 'NULL' not found.
[STA-0101] object 'NULL' not found.
[STA-0101] object 'NULL' not found.
[STA-0101] object 'NULL' not found.
[STA-0101] object 'NULL' not found.
[STA-0101] object 'NULL' not found.
[STA-0101] object 'NULL' not found.
[STA-0101] object 'NULL' not found.
[STA-0101] object 'NULL' not found.
[STA-0101] object 'NULL' not found.
[STA-0101] object 'NULL' not found.
[STA-0101] object 'NULL' not found.
[STA-0101] object 'NULL' not found.
[STA-0101] object 'NULL' not found.
[STA-0101] object 'NULL' not found.
[STA-0101] object 'NULL' not found.
[STA-0101] object 'NULL' not found.
[STA-0101] object 'NULL' not found.
[STA-0101] object 'NULL' not found.
[STA-0101] object 'NULL' not found.
[STA-0101] object 'NULL' not found.
[STA-0101] object 'NULL' not found.
[STA-0101] object 'NULL' not found.
[STA-0101] object 'NULL' not found.
[STA-0101] object 'NULL' not found.
[STA-0101] object 'NULL' not found.
[STA-0101] object 'NULL' not found.
[STA-0101] object 'NULL' not found.
[STA-0101] object 'NULL' not found.
[STA-0101] object 'NULL' not found.
[STA-0101] object 'NULL' not found.
[STA-0101] object 'NULL' not found.
[STA-0101] object 'NULL' not found.
[STA-0101] object 'NULL' not found.
[STA-0101] object 'NULL' not found.
[STA-0101] object 'NULL' not found.
[STA-0101] object 'NULL' not found.
[STA-0101] object 'NULL' not found.
[STA-0101] object 'NULL' not found.
[STA-0101] object 'NULL' not found.
[STA-0101] object 'NULL' not found.
[STA-0101] object 'NULL' not found.
[STA-0101] object 'NULL' not found.
[STA-0101] object 'NULL' not found.
[STA-0101] object 'NULL' not found.
[STA-0101] object 'NULL' not found.
[STA-0101] object 'NULL' not found.
[STA-0101] object 'NULL' not found.
[STA-0101] object 'NULL' not found.
[STA-0101] object 'NULL' not found.
[STA-0101] object 'NULL' not found.
[STA-0101] object 'NULL' not found.
[STA-0101] object 'NULL' not found.
[STA-0101] object 'NULL' not found.
[STA-0101] object 'NULL' not found.
[STA-0101] object 'NULL' not found.
[STA-0101] object 'NULL' not found.
[STA-0101] object 'NULL' not found.
[STA-0101] object 'NULL' not found.
[STA-0101] object 'NULL' not found.
[STA-0101] object 'NULL' not found.
[STA-0101] object 'NULL' not found.
[STA-0101] object 'NULL' not found.
[STA-0101] object 'NULL' not found.
[STA-0101] object 'NULL' not found.
[STA-0101] object 'NULL' not found.
[STA-0101] object 'NULL' not found.
[STA-0101] object 'NULL' not found.
[STA-0101] object 'NULL' not found.
[STA-0101] object 'NULL' not found.
[STA-0101] object 'NULL' not found.
[STA-0101] object 'NULL' not found.
[STA-0101] object 'NULL' not found.
[STA-0101] object 'NULL' not found.
[STA-0101] object 'NULL' not found.
[STA-0101] object 'NULL' not found.
[STA-0101] object 'NULL' not found.
[STA-0101] object 'NULL' not found.
[STA-0101] object 'NULL' not found.
[STA-0101] object 'NULL' not found.
[STA-0101] object 'NULL' not found.
[STA-0101] object 'NULL' not found.
[STA-0101] object 'NULL' not found.
[STA-0101] object 'NULL' not found.
[STA-0101] object 'NULL' not found.
[STA-0101] object 'NULL' not found.
[STA-0101] object 'NULL' not found.
[STA-0101] object 'NULL' not found.
[STA-0101] object 'NULL' not found.
[STA-0101] object 'NULL' not found.
[STA-0101] object 'NULL' not found.
[STA-0101] object 'NULL' not found.
[STA-0101] object 'NULL' not found.
[STA-0101] object 'NULL' not found.
[STA-0101] object 'NULL' not found.
[STA-0101] object 'NULL' not found.
[STA-0101] object 'NULL' not found.
[STA-0101] object 'NULL' not found.
[STA-0101] object 'NULL' not found.
[STA-0101] object 'NULL' not found.
[STA-0101] object 'NULL' not found.
[STA-0101] object 'NULL' not found.
[STA-0101] object 'NULL' not found.
[STA-0101] object 'NULL' not found.
[STA-0101] object 'NULL' not found.
[STA-0101] object 'NULL' not found.
[STA-0101] object 'NULL' not found.
[STA-0101] object 'NULL' not found.
[STA-0101] object 'NULL' not found.
[STA-0101] object 'NULL' not found.
[STA-0101] object 'NULL' not found.
[STA-0101] object 'NULL' not found.
[STA-0101] object 'NULL' not found.
[STA-0101] object 'NULL' not found.
[STA-0101] object 'NULL' not found.
[STA-0101] object 'NULL' not found.
[STA-0101] object 'NULL' not found.
[STA-0101] object 'NULL' not found.
[STA-0101] object 'NULL' not found.
[STA-0101] object 'NULL' not found.
[STA-0101] object 'NULL' not found.
[STA-0101] object 'NULL' not found.
[STA-0101] object 'NULL' not found.
[STA-0101] object 'NULL' not found.
[STA-0101] object 'NULL' not found.
[STA-0101] object 'NULL' not found.
[STA-0101] object 'NULL' not found.
[STA-0101] object 'NULL' not found.
[STA-0101] object 'NULL' not found.
[STA-0101] object 'NULL' not found.
[STA-0101] object 'NULL' not found.
[STA-0101] object 'NULL' not found.
[STA-0101] object 'NULL' not found.
[STA-0101] object 'NULL' not found.
[STA-0101] object 'NULL' not found.
[STA-0101] object 'NULL' not found.
[STA-0101] object 'NULL' not found.
[STA-0101] object 'NULL' not found.
[STA-0101] object 'NULL' not found.
[STA-0101] object 'NULL' not found.
[STA-0101] object 'NULL' not found.
[STA-0101] object 'NULL' not found.
[STA-0101] object 'NULL' not found.
[STA-0101] object 'NULL' not found.
[STA-0101] object 'NULL' not found.
[STA-0101] object 'NULL' not found.
[STA-0101] object 'NULL' not found.
[STA-0101] object 'NULL' not found.
[STA-0101] object 'NULL' not found.
[GUI-0070] invalid command name "report_clocks"
[GUI-0070] invalid command name "report_clocks"
[GUI-0070] invalid command name "report_clocks"
[GUI-0070] invalid command name "..."
[GUI-0070] can't read "clk_tree_net": no such variable
[GUI-0076] qglx_findConfig: Failed to finding matching FBConfig for QSurfaceFormat(version 2.0, options QFlags<QSurfaceFormat::FormatOption>(), depthBufferSize -1, redBufferSize 1, greenBufferSize 1, blueBufferSize 1, alphaBufferSize -1, stencilBufferSize -1, samples -1, swapBehavior QSurfaceFormat::SingleBuffer, swapInterval 1, colorSpace QSurfaceFormat::DefaultColorSpace, profile  QSurfaceFormat::NoProfile)
Saving views to '/home/designer/shared/FFT/parallel_fft/runs/RUN_2026-01-23_18-35-33/final'…
Flow complete.
Starting…
Running 'OpenROAD.OpenGUI' at 'runs/RUN_2026-01-23_18-35-33/78-openroad-opengui'…
Logging subprocess to [repr.filename]'runs/RUN_2026-01-23_18-35-33/78-openroad-opengui/openroad-opengui.log'[/repr.filename]…
