[DRT-0349] LEF58_ENCLOSURE with no CUTCLASS is not supported. Skipping for layer Cont
[DRT-0349] LEF58_ENCLOSURE with no CUTCLASS is not supported. Skipping for layer Via1
[DRT-0349] LEF58_ENCLOSURE with no CUTCLASS is not supported. Skipping for layer Via1
[DRT-0349] LEF58_ENCLOSURE with no CUTCLASS is not supported. Skipping for layer Via2
[DRT-0349] LEF58_ENCLOSURE with no CUTCLASS is not supported. Skipping for layer Via3
[DRT-0349] LEF58_ENCLOSURE with no CUTCLASS is not supported. Skipping for layer Via4
[DRT-0349] LEF58_ENCLOSURE with no CUTCLASS is not supported. Skipping for layer TopVia1
[DRT-0349] LEF58_ENCLOSURE with no CUTCLASS is not supported. Skipping for layer TopVia1
[DRT-0349] LEF58_ENCLOSURE with no CUTCLASS is not supported. Skipping for layer TopVia2
[DRT-0349] LEF58_ENCLOSURE with no CUTCLASS is not supported. Skipping for layer TopVia2
1350.8 Threshold-surpassing long wires found.
[GUI-0076] qglx_findConfig: Failed to finding matching FBConfig for QSurfaceFormat(version 2.0, options QFlags<QSurfaceFormat::FormatOption>(), depthBufferSize -1, redBufferSize 1, greenBufferSize 1, blueBufferSize 1, alphaBufferSize -1, stencilBufferSize -1, samples -1, swapBehavior QSurfaceFormat::SingleBuffer, swapInterval 1, colorSpace QSurfaceFormat::DefaultColorSpace, profile  QSurfaceFormat::NoProfile)
[GUI-0076] qglx_findConfig: Failed to finding matching FBConfig for QSurfaceFormat(version 2.0, options QFlags<QSurfaceFormat::FormatOption>(), depthBufferSize -1, redBufferSize 1, greenBufferSize 1, blueBufferSize 1, alphaBufferSize -1, stencilBufferSize -1, samples -1, swapBehavior QSurfaceFormat::SingleBuffer, swapInterval 1, colorSpace QSurfaceFormat::DefaultColorSpace, profile  QSurfaceFormat::NoProfile)
[GUI-0076] qglx_findConfig: Failed to finding matching FBConfig for QSurfaceFormat(version 2.0, options QFlags<QSurfaceFormat::FormatOption>(), depthBufferSize -1, redBufferSize 1, greenBufferSize 1, blueBufferSize 1, alphaBufferSize -1, stencilBufferSize -1, samples -1, swapBehavior QSurfaceFormat::SingleBuffer, swapInterval 1, colorSpace QSurfaceFormat::DefaultColorSpace, profile  QSurfaceFormat::NoProfile)
[GUI-0076] qglx_findConfig: Failed to finding matching FBConfig for QSurfaceFormat(version 2.0, options QFlags<QSurfaceFormat::FormatOption>(), depthBufferSize -1, redBufferSize 1, greenBufferSize 1, blueBufferSize 1, alphaBufferSize -1, stencilBufferSize -1, samples -1, swapBehavior QSurfaceFormat::SingleBuffer, swapInterval 1, colorSpace QSurfaceFormat::DefaultColorSpace, profile  QSurfaceFormat::NoProfile)
[GUI-0076] qglx_findConfig: Failed to finding matching FBConfig for QSurfaceFormat(version 2.0, options QFlags<QSurfaceFormat::FormatOption>(), depthBufferSize -1, redBufferSize 1, greenBufferSize 1, blueBufferSize 1, alphaBufferSize -1, stencilBufferSize -1, samples -1, swapBehavior QSurfaceFormat::SingleBuffer, swapInterval 1, colorSpace QSurfaceFormat::DefaultColorSpace, profile  QSurfaceFormat::NoProfile)
[GUI-0076] qglx_findConfig: Failed to finding matching FBConfig for QSurfaceFormat(version 2.0, options QFlags<QSurfaceFormat::FormatOption>(), depthBufferSize -1, redBufferSize 1, greenBufferSize 1, blueBufferSize 1, alphaBufferSize -1, stencilBufferSize -1, samples -1, swapBehavior QSurfaceFormat::SingleBuffer, swapInterval 1, colorSpace QSurfaceFormat::DefaultColorSpace, profile  QSurfaceFormat::NoProfile)
[GUI-0076] qglx_findConfig: Failed to finding matching FBConfig for QSurfaceFormat(version 2.0, options QFlags<QSurfaceFormat::FormatOption>(), depthBufferSize -1, redBufferSize 1, greenBufferSize 1, blueBufferSize 1, alphaBufferSize -1, stencilBufferSize -1, samples -1, swapBehavior QSurfaceFormat::SingleBuffer, swapInterval 1, colorSpace QSurfaceFormat::DefaultColorSpace, profile  QSurfaceFormat::NoProfile)
[GUI-0076] qglx_findConfig: Failed to finding matching FBConfig for QSurfaceFormat(version 2.0, options QFlags<QSurfaceFormat::FormatOption>(), depthBufferSize -1, redBufferSize 1, greenBufferSize 1, blueBufferSize 1, alphaBufferSize -1, stencilBufferSize -1, samples -1, swapBehavior QSurfaceFormat::SingleBuffer, swapInterval 1, colorSpace QSurfaceFormat::DefaultColorSpace, profile  QSurfaceFormat::NoProfile)
[GUI-0076] qglx_findConfig: Failed to finding matching FBConfig for QSurfaceFormat(version 2.0, options QFlags<QSurfaceFormat::FormatOption>(), depthBufferSize -1, redBufferSize 1, greenBufferSize 1, blueBufferSize 1, alphaBufferSize -1, stencilBufferSize -1, samples -1, swapBehavior QSurfaceFormat::SingleBuffer, swapInterval 1, colorSpace QSurfaceFormat::DefaultColorSpace, profile  QSurfaceFormat::NoProfile)
[GUI-0076] qglx_findConfig: Failed to finding matching FBConfig for QSurfaceFormat(version 2.0, options QFlags<QSurfaceFormat::FormatOption>(), depthBufferSize -1, redBufferSize 1, greenBufferSize 1, blueBufferSize 1, alphaBufferSize -1, stencilBufferSize -1, samples -1, swapBehavior QSurfaceFormat::SingleBuffer, swapInterval 1, colorSpace QSurfaceFormat::DefaultColorSpace, profile  QSurfaceFormat::NoProfile)
[GUI-0076] qglx_findConfig: Failed to finding matching FBConfig for QSurfaceFormat(version 2.0, options QFlags<QSurfaceFormat::FormatOption>(), depthBufferSize -1, redBufferSize 1, greenBufferSize 1, blueBufferSize 1, alphaBufferSize -1, stencilBufferSize -1, samples -1, swapBehavior QSurfaceFormat::SingleBuffer, swapInterval 1, colorSpace QSurfaceFormat::DefaultColorSpace, profile  QSurfaceFormat::NoProfile)
[GUI-0076] qglx_findConfig: Failed to finding matching FBConfig for QSurfaceFormat(version 2.0, options QFlags<QSurfaceFormat::FormatOption>(), depthBufferSize -1, redBufferSize 1, greenBufferSize 1, blueBufferSize 1, alphaBufferSize -1, stencilBufferSize -1, samples -1, swapBehavior QSurfaceFormat::SingleBuffer, swapInterval 1, colorSpace QSurfaceFormat::DefaultColorSpace, profile  QSurfaceFormat::NoProfile)
[GUI-0076] qglx_findConfig: Failed to finding matching FBConfig for QSurfaceFormat(version 2.0, options QFlags<QSurfaceFormat::FormatOption>(), depthBufferSize -1, redBufferSize 1, greenBufferSize 1, blueBufferSize 1, alphaBufferSize -1, stencilBufferSize -1, samples -1, swapBehavior QSurfaceFormat::SingleBuffer, swapInterval 1, colorSpace QSurfaceFormat::DefaultColorSpace, profile  QSurfaceFormat::NoProfile)
[GUI-0076] qglx_findConfig: Failed to finding matching FBConfig for QSurfaceFormat(version 2.0, options QFlags<QSurfaceFormat::FormatOption>(), depthBufferSize -1, redBufferSize 1, greenBufferSize 1, blueBufferSize 1, alphaBufferSize -1, stencilBufferSize -1, samples -1, swapBehavior QSurfaceFormat::SingleBuffer, swapInterval 1, colorSpace QSurfaceFormat::DefaultColorSpace, profile  QSurfaceFormat::NoProfile)
[STA-0361] net 'clk' not found.
[STA-0101] object 'NULL' not found.
[STA-0101] object 'NULL' not found.
[STA-0101] object 'NULL' not found.
[STA-0101] object 'NULL' not found.
[STA-0101] object 'NULL' not found.
[STA-0101] object 'NULL' not found.
[STA-0101] object 'NULL' not found.
[STA-0101] object 'NULL' not found.
[STA-0101] object 'NULL' not found.
[STA-0101] object 'NULL' not found.
[STA-0101] object 'NULL' not found.
[STA-0101] object 'NULL' not found.
[STA-0101] object 'NULL' not found.
[STA-0101] object 'NULL' not found.
[STA-0101] object 'NULL' not found.
[STA-0101] object 'NULL' not found.
[STA-0101] object 'NULL' not found.
[STA-0101] object 'NULL' not found.
[STA-0101] object 'NULL' not found.
[STA-0101] object 'NULL' not found.
[STA-0101] object 'NULL' not found.
[STA-0101] object 'NULL' not found.
[STA-0101] object 'NULL' not found.
[STA-0101] object 'NULL' not found.
[STA-0101] object 'NULL' not found.
[STA-0101] object 'NULL' not found.
[STA-0101] object 'NULL' not found.
[STA-0101] object 'NULL' not found.
[STA-0101] object 'NULL' not found.
[STA-0101] object 'NULL' not found.
[STA-0101] object 'NULL' not found.
[STA-0101] object 'NULL' not found.
[STA-0101] object 'NULL' not found.
[STA-0101] object 'NULL' not found.
[STA-0101] object 'NULL' not found.
[STA-0101] object 'NULL' not found.
[STA-0101] object 'NULL' not found.
[STA-0101] object 'NULL' not found.
[STA-0101] object 'NULL' not found.
[STA-0101] object 'NULL' not found.
[STA-0101] object 'NULL' not found.
[STA-0101] object 'NULL' not found.
[STA-0101] object 'NULL' not found.
[STA-0101] object 'NULL' not found.
[STA-0101] object 'NULL' not found.
[STA-0101] object 'NULL' not found.
[STA-0101] object 'NULL' not found.
[STA-0101] object 'NULL' not found.
[STA-0101] object 'NULL' not found.
[STA-0101] object 'NULL' not found.
[STA-0101] object 'NULL' not found.
[STA-0101] object 'NULL' not found.
[STA-0101] object 'NULL' not found.
[STA-0101] object 'NULL' not found.
[STA-0101] object 'NULL' not found.
[STA-0101] object 'NULL' not found.
[STA-0101] object 'NULL' not found.
[STA-0101] object 'NULL' not found.
[STA-0101] object 'NULL' not found.
[STA-0101] object 'NULL' not found.
[STA-0101] object 'NULL' not found.
[STA-0101] object 'NULL' not found.
[STA-0101] object 'NULL' not found.
[STA-0101] object 'NULL' not found.
[STA-0101] object 'NULL' not found.
[STA-0101] object 'NULL' not found.
[STA-0101] object 'NULL' not found.
[STA-0101] object 'NULL' not found.
[STA-0101] object 'NULL' not found.
[STA-0101] object 'NULL' not found.
[STA-0101] object 'NULL' not found.
[STA-0101] object 'NULL' not found.
[STA-0101] object 'NULL' not found.
[STA-0101] object 'NULL' not found.
[STA-0101] object 'NULL' not found.
[STA-0101] object 'NULL' not found.
[STA-0101] object 'NULL' not found.
[STA-0101] object 'NULL' not found.
[STA-0101] object 'NULL' not found.
[STA-0101] object 'NULL' not found.
[STA-0101] object 'NULL' not found.
[STA-0101] object 'NULL' not found.
[STA-0101] object 'NULL' not found.
[STA-0101] object 'NULL' not found.
[STA-0101] object 'NULL' not found.
[STA-0101] object 'NULL' not found.
[STA-0101] object 'NULL' not found.
[STA-0101] object 'NULL' not found.
[STA-0101] object 'NULL' not found.
[STA-0101] object 'NULL' not found.
[STA-0101] object 'NULL' not found.
[STA-0101] object 'NULL' not found.
[STA-0101] object 'NULL' not found.
[STA-0101] object 'NULL' not found.
[STA-0101] object 'NULL' not found.
[STA-0101] object 'NULL' not found.
[STA-0101] object 'NULL' not found.
[STA-0101] object 'NULL' not found.
[STA-0101] object 'NULL' not found.
[STA-0101] object 'NULL' not found.
[STA-0101] object 'NULL' not found.
[STA-0101] object 'NULL' not found.
[STA-0101] object 'NULL' not found.
[STA-0101] object 'NULL' not found.
[STA-0101] object 'NULL' not found.
[STA-0101] object 'NULL' not found.
[STA-0101] object 'NULL' not found.
[STA-0101] object 'NULL' not found.
[STA-0101] object 'NULL' not found.
[STA-0101] object 'NULL' not found.
[STA-0101] object 'NULL' not found.
[STA-0101] object 'NULL' not found.
[STA-0101] object 'NULL' not found.
[STA-0101] object 'NULL' not found.
[STA-0101] object 'NULL' not found.
[STA-0101] object 'NULL' not found.
[STA-0101] object 'NULL' not found.
[STA-0101] object 'NULL' not found.
[STA-0101] object 'NULL' not found.
[STA-0101] object 'NULL' not found.
[STA-0101] object 'NULL' not found.
[STA-0101] object 'NULL' not found.
[STA-0101] object 'NULL' not found.
[STA-0101] object 'NULL' not found.
[STA-0101] object 'NULL' not found.
[STA-0101] object 'NULL' not found.
[STA-0101] object 'NULL' not found.
[STA-0101] object 'NULL' not found.
[STA-0101] object 'NULL' not found.
[STA-0101] object 'NULL' not found.
[STA-0101] object 'NULL' not found.
[STA-0101] object 'NULL' not found.
[STA-0101] object 'NULL' not found.
[STA-0101] object 'NULL' not found.
[STA-0101] object 'NULL' not found.
[STA-0101] object 'NULL' not found.
[STA-0101] object 'NULL' not found.
[STA-0101] object 'NULL' not found.
[STA-0101] object 'NULL' not found.
[STA-0101] object 'NULL' not found.
[STA-0101] object 'NULL' not found.
[STA-0101] object 'NULL' not found.
[STA-0101] object 'NULL' not found.
[STA-0101] object 'NULL' not found.
[STA-0101] object 'NULL' not found.
[STA-0101] object 'NULL' not found.
[STA-0101] object 'NULL' not found.
[STA-0101] object 'NULL' not found.
[STA-0101] object 'NULL' not found.
[STA-0101] object 'NULL' not found.
[STA-0101] object 'NULL' not found.
[STA-0101] object 'NULL' not found.
[STA-0101] object 'NULL' not found.
[STA-0101] object 'NULL' not found.
[STA-0101] object 'NULL' not found.
[STA-0101] object 'NULL' not found.
[STA-0101] object 'NULL' not found.
[STA-0101] object 'NULL' not found.
[STA-0101] object 'NULL' not found.
[STA-0101] object 'NULL' not found.
[STA-0101] object 'NULL' not found.
[STA-0101] object 'NULL' not found.
[STA-0101] object 'NULL' not found.
[STA-0101] object 'NULL' not found.
[STA-0101] object 'NULL' not found.
[STA-0101] object 'NULL' not found.
[STA-0101] object 'NULL' not found.
[STA-0101] object 'NULL' not found.
[STA-0101] object 'NULL' not found.
[STA-0101] object 'NULL' not found.
[STA-0101] object 'NULL' not found.
[STA-0101] object 'NULL' not found.
[STA-0101] object 'NULL' not found.
[STA-0101] object 'NULL' not found.
[STA-0101] object 'NULL' not found.
[STA-0101] object 'NULL' not found.
[STA-0101] object 'NULL' not found.
[STA-0101] object 'NULL' not found.
[STA-0101] object 'NULL' not found.
[STA-0101] object 'NULL' not found.
[STA-0101] object 'NULL' not found.
[STA-0101] object 'NULL' not found.
[STA-0101] object 'NULL' not found.
[GUI-0076] qglx_findConfig: Failed to finding matching FBConfig for QSurfaceFormat(version 2.0, options QFlags<QSurfaceFormat::FormatOption>(), depthBufferSize -1, redBufferSize 1, greenBufferSize 1, blueBufferSize 1, alphaBufferSize -1, stencilBufferSize -1, samples -1, swapBehavior QSurfaceFormat::SingleBuffer, swapInterval 1, colorSpace QSurfaceFormat::DefaultColorSpace, profile  QSurfaceFormat::NoProfile)
