Clock: clk
Sources: i_clk 
Generated: no
Virtual: yes
Propagated: no
Period: 50.000000

===========================================================================
report_clock_properties
============================================================================
Clock                   Period          Waveform
----------------------------------------------------
clk                  50.000000    0.000000 25.000000

===========================================================================
report_clock_latency
============================================================================
Clock clk
rise -> rise
    min     max
0.000000 0.000000 source latency
0.485938         network latency _43949_/CLK
        0.579207 network latency _40833_/CLK
---------------
0.485938 0.579207 latency
        0.093269 skew

fall -> fall
    min     max
0.000000 0.000000 source latency
0.476168         network latency _43949_/CLK
        0.570186 network latency _40833_/CLK
---------------
0.476168 0.570186 latency
        0.094017 skew



===========================================================================
report_clock_min_period
============================================================================
clk period_min = 4.61 fmax = 217.02
