
===========================================================================
 report_power
============================================================================
======================= nom_typ_1p20V_25C Corner ===================================

Group                    Internal    Switching      Leakage        Total
                            Power        Power        Power        Power (Watts)
------------------------------------------------------------------------
Sequential           3.766858e-03 1.692199e-05 1.615636e-06 3.785395e-03  53.5%
Combinational        7.187586e-04 7.803892e-04 3.730880e-06 1.502879e-03  21.3%
Clock                1.108353e-03 6.728452e-04 5.420183e-07 1.781741e-03  25.2%
Macro                0.000000e+00 0.000000e+00 0.000000e+00 0.000000e+00   0.0%
Pad                  0.000000e+00 0.000000e+00 0.000000e+00 0.000000e+00   0.0%
------------------------------------------------------------------------
Total                5.593916e-03 1.470156e-03 5.889210e-06 7.069962e-03 100.0%
                            79.1%        20.8%         0.1%
Writing metric power__internal__total: 0.005593916401267052
Writing metric power__switching__total: 0.0014701558975502849
Writing metric power__leakage__total: 5.8892096603813116e-6
Writing metric power__total: 0.007069961633533239

