
===========================================================================
 report_power
============================================================================
======================= nom_slow_1p08V_125C Corner ===================================

Group                    Internal    Switching      Leakage        Total
                            Power        Power        Power        Power (Watts)
------------------------------------------------------------------------
Sequential           3.065312e-03 1.305746e-05 7.419206e-06 3.085789e-03  75.3%
Combinational        5.415055e-04 4.610515e-04 1.081944e-05 1.013376e-03  24.7%
Clock                0.000000e+00 0.000000e+00 0.000000e+00 0.000000e+00   0.0%
Macro                0.000000e+00 0.000000e+00 0.000000e+00 0.000000e+00   0.0%
Pad                  0.000000e+00 0.000000e+00 0.000000e+00 0.000000e+00   0.0%
------------------------------------------------------------------------
Total                3.606815e-03 4.741094e-04 1.823792e-05 4.099162e-03 100.0%
                            88.0%        11.6%         0.4%

