
===========================================================================
report_checks -unconstrained
===========================================================================
======================= nom_typ_1p20V_25C Corner ===================================

Startpoint: _43105_ (rising edge-triggered flip-flop clocked by clk)
Endpoint: _43887_ (recovery check against rising-edge clock clk)
Path Group: asynchronous
Path Type: max

Fanout         Cap        Slew       Delay        Time   Description
---------------------------------------------------------------------------------------------
                                  0.000000    0.000000   clock clk (rise edge)
                                  0.000000    0.000000   clock source latency
     2    0.107581    0.000000    0.000000    0.000000 ^ i_clk (in)
                                                         i_clk (net)
                      0.047414    0.023707    0.023707 ^ clkbuf_0_i_clk/A (sg13g2_buf_8)
     4    0.148443    0.088393    0.117697    0.141404 ^ clkbuf_0_i_clk/X (sg13g2_buf_8)
                                                         clknet_0_i_clk (net)
                      0.093626    0.016753    0.158157 ^ clkbuf_2_2_0_i_clk/A (sg13g2_buf_8)
    16    0.288826    0.155148    0.187368    0.345524 ^ clkbuf_2_2_0_i_clk/X (sg13g2_buf_8)
                                                         clknet_2_2_0_i_clk (net)
                      0.163172    0.027640    0.373164 ^ clkbuf_6_43_0_i_clk/A (sg13g2_buf_8)
     2    0.021889    0.030905    0.123030    0.496194 ^ clkbuf_6_43_0_i_clk/X (sg13g2_buf_8)
                                                         clknet_6_43_0_i_clk (net)
                      0.030920    0.001380    0.497575 ^ clkbuf_7_86__f_i_clk/A (sg13g2_buf_8)
     5    0.058901    0.041495    0.083027    0.580601 ^ clkbuf_7_86__f_i_clk/X (sg13g2_buf_8)
                                                         clknet_7_86__leaf_i_clk (net)
                      0.041622    0.001791    0.582393 ^ _43105_/CLK (sg13g2_dfrbpq_2)
     3    0.021585    0.045781    0.204961    0.787354 v _43105_/Q (sg13g2_dfrbpq_2)
                                                         soft_reset (net)
                      0.045879    0.001850    0.789204 v _23184_/A_N (sg13g2_nand2b_2)
     2    0.035013    0.132393    0.172270    0.961474 v _23184_/Y (sg13g2_nand2b_2)
                                                         _15298_ (net)
                      0.132588    0.003979    0.965453 v fanout3213/A (sg13g2_buf_8)
     8    0.135976    0.071686    0.147823    1.113276 v fanout3213/X (sg13g2_buf_8)
                                                         net3213 (net)
                      0.074341    0.010553    1.123830 v _23185_/A (sg13g2_inv_1)
     1    0.009171    0.053645    0.063410    1.187240 ^ _23185_/Y (sg13g2_inv_1)
                                                         internal_rst_n (net)
                      0.053659    0.000724    1.187964 ^ fanout3074/A (sg13g2_buf_8)
     4    0.100891    0.063500    0.101260    1.289224 ^ fanout3074/X (sg13g2_buf_8)
                                                         net3074 (net)
                      0.065293    0.008326    1.297550 ^ fanout3073/A (sg13g2_buf_8)
     6    0.065013    0.045952    0.098410    1.395960 ^ fanout3073/X (sg13g2_buf_8)
                                                         net3073 (net)
                      0.049333    0.009358    1.405319 ^ fanout3072/A (sg13g2_buf_8)
     7    0.116355    0.071891    0.102929    1.508248 ^ fanout3072/X (sg13g2_buf_8)
                                                         net3072 (net)
                      0.078021    0.015882    1.524129 ^ fanout3067/A (sg13g2_buf_1)
     4    0.024089    0.104702    0.141646    1.665775 ^ fanout3067/X (sg13g2_buf_1)
                                                         net3067 (net)
                      0.104736    0.001547    1.667322 ^ fanout3066/A (sg13g2_buf_1)
     4    0.025294    0.109226    0.155936    1.823259 ^ fanout3066/X (sg13g2_buf_1)
                                                         net3066 (net)
                      0.109239    0.001255    1.824513 ^ fanout3065/A (sg13g2_buf_2)
     4    0.024487    0.061491    0.133246    1.957759 ^ fanout3065/X (sg13g2_buf_2)
                                                         net3065 (net)
                      0.061528    0.001393    1.959152 ^ _43887_/RESET_B (sg13g2_dfrbpq_1)
                                              1.959152   data arrival time

                                 50.000000   50.000000   clock clk (rise edge)
                                  0.000000   50.000000   clock source latency
     2    0.107581    0.000000    0.000000   50.000000 ^ i_clk (in)
                                                         i_clk (net)
                      0.047414    0.023707   50.023705 ^ clkbuf_0_i_clk/A (sg13g2_buf_8)
     4    0.148443    0.088393    0.117698   50.141403 ^ clkbuf_0_i_clk/X (sg13g2_buf_8)
                                                         clknet_0_i_clk (net)
                      0.093626    0.016751   50.158154 ^ clkbuf_2_2_0_i_clk/A (sg13g2_buf_8)
    16    0.288826    0.155148    0.187367   50.345520 ^ clkbuf_2_2_0_i_clk/X (sg13g2_buf_8)
                                                         clknet_2_2_0_i_clk (net)
                      0.156724    0.012829   50.358349 ^ clkbuf_6_37_0_i_clk/A (sg13g2_buf_8)
     2    0.021356    0.030359    0.120753   50.479103 ^ clkbuf_6_37_0_i_clk/X (sg13g2_buf_8)
                                                         clknet_6_37_0_i_clk (net)
                      0.030373    0.001297   50.480400 ^ clkbuf_7_74__f_i_clk/A (sg13g2_buf_8)
     4    0.048633    0.036464    0.078703   50.559105 ^ clkbuf_7_74__f_i_clk/X (sg13g2_buf_8)
                                                         clknet_7_74__leaf_i_clk (net)
                      0.036731    0.002281   50.561382 ^ clkbuf_leaf_292_i_clk/A (sg13g2_buf_8)
     8    0.031123    0.028799    0.076231   50.637615 ^ clkbuf_leaf_292_i_clk/X (sg13g2_buf_8)
                                                         clknet_leaf_292_i_clk (net)
                      0.028803    0.000671   50.638287 ^ _43887_/CLK (sg13g2_dfrbpq_1)
                                  0.000000   50.638287   clock reconvergence pessimism
                                 -0.131474   50.506809   library recovery time
                                             50.506809   data required time
---------------------------------------------------------------------------------------------
                                             50.506809   data required time
                                             -1.959152   data arrival time
---------------------------------------------------------------------------------------------
                                             48.547661   slack (MET)


Startpoint: _42305_ (rising edge-triggered flip-flop clocked by clk)
Endpoint: _42341_ (rising edge-triggered flip-flop clocked by clk)
Path Group: clk
Path Type: max

Fanout         Cap        Slew       Delay        Time   Description
---------------------------------------------------------------------------------------------
                                  0.000000    0.000000   clock clk (rise edge)
                                  0.000000    0.000000   clock source latency
     2    0.107581    0.000000    0.000000    0.000000 ^ i_clk (in)
                                                         i_clk (net)
                      0.047414    0.023707    0.023707 ^ clkbuf_0_i_clk/A (sg13g2_buf_8)
     4    0.148443    0.088393    0.117697    0.141404 ^ clkbuf_0_i_clk/X (sg13g2_buf_8)
                                                         clknet_0_i_clk (net)
                      0.090934    0.011903    0.153307 ^ clkbuf_2_1_0_i_clk/A (sg13g2_buf_8)
    16    0.320035    0.169009    0.186709    0.340017 ^ clkbuf_2_1_0_i_clk/X (sg13g2_buf_8)
                                                         clknet_2_1_0_i_clk (net)
                      0.171100    0.015707    0.355724 ^ clkbuf_6_25_0_i_clk/A (sg13g2_buf_8)
     2    0.022767    0.031643    0.126046    0.481769 ^ clkbuf_6_25_0_i_clk/X (sg13g2_buf_8)
                                                         clknet_6_25_0_i_clk (net)
                      0.031648    0.000884    0.482653 ^ clkbuf_7_50__f_i_clk/A (sg13g2_buf_8)
     5    0.065873    0.045104    0.084879    0.567533 ^ clkbuf_7_50__f_i_clk/X (sg13g2_buf_8)
                                                         clknet_7_50__leaf_i_clk (net)
                      0.045338    0.002500    0.570033 ^ clkbuf_leaf_82_i_clk/A (sg13g2_buf_8)
     6    0.027245    0.027492    0.078747    0.648780 ^ clkbuf_leaf_82_i_clk/X (sg13g2_buf_8)
                                                         clknet_leaf_82_i_clk (net)
                      0.027526    0.001678    0.650458 ^ _42305_/CLK (sg13g2_dfrbpq_2)
     2    0.018293    0.049607    0.198565    0.849022 ^ _42305_/Q (sg13g2_dfrbpq_2)
                                                         u_fft_core.u_twiddle_interface.cnt_q[2] (net)
                      0.049613    0.000553    0.849576 ^ fanout3796/A (sg13g2_buf_8)
     5    0.045360    0.035694    0.087150    0.936726 ^ fanout3796/X (sg13g2_buf_8)
                                                         net3796 (net)
                      0.035982    0.002344    0.939070 ^ fanout3792/A (sg13g2_buf_1)
     4    0.024693    0.106819    0.125668    1.064739 ^ fanout3792/X (sg13g2_buf_1)
                                                         net3792 (net)
                      0.106848    0.001461    1.066200 ^ fanout3791/A (sg13g2_buf_8)
     8    0.055724    0.042817    0.116164    1.182364 ^ fanout3791/X (sg13g2_buf_8)
                                                         net3791 (net)
                      0.042881    0.001240    1.183604 ^ _25518_/B_N (sg13g2_nor2b_2)
     8    0.048087    0.209584    0.227741    1.411345 ^ _25518_/Y (sg13g2_nor2b_2)
                                                         _17214_ (net)
                      0.209621    0.002320    1.413665 ^ _25522_/B1 (sg13g2_a21oi_2)
     6    0.036796    0.127149    0.139836    1.553501 v _25522_/Y (sg13g2_a21oi_2)
                                                         _17218_ (net)
                      0.127221    0.001806    1.555307 v _27079_/S (sg13g2_mux2_1)
     1    0.009230    0.054136    0.182336    1.737643 ^ _27079_/X (sg13g2_mux2_1)
                                                         _02562_ (net)
                      0.054138    0.000378    1.738021 ^ fanout2933/A (sg13g2_buf_8)
     5    0.067662    0.047028    0.095496    1.833517 ^ fanout2933/X (sg13g2_buf_8)
                                                         net2933 (net)
                      0.048112    0.005452    1.838969 ^ fanout2930/A (sg13g2_buf_8)
     4    0.037222    0.031873    0.083602    1.922571 ^ fanout2930/X (sg13g2_buf_8)
                                                         net2930 (net)
                      0.032108    0.001895    1.924466 ^ fanout2926/A (sg13g2_buf_8)
     8    0.035073    0.030182    0.074828    1.999294 ^ fanout2926/X (sg13g2_buf_8)
                                                         net2926 (net)
                      0.030397    0.001780    2.001074 ^ _27082_/C (sg13g2_nand3_1)
     4    0.018780    0.176288    0.168263    2.169337 v _27082_/Y (sg13g2_nand3_1)
                                                         _02565_ (net)
                      0.176301    0.001281    2.170618 v _27370_/A1 (sg13g2_a22oi_1)
     3    0.010217    0.126472    0.159681    2.330299 ^ _27370_/Y (sg13g2_a22oi_1)
                                                         _02853_ (net)
                      0.126473    0.000554    2.330853 ^ _27411_/A1 (sg13g2_o21ai_1)
     4    0.015385    0.114039    0.148420    2.479273 v _27411_/Y (sg13g2_o21ai_1)
                                                         _02894_ (net)
                      0.114090    0.000997    2.480270 v _27412_/C (sg13g2_nand3_1)
     7    0.028935    0.145393    0.162310    2.642579 ^ _27412_/Y (sg13g2_nand3_1)
                                                         _02895_ (net)
                      0.145431    0.001934    2.644514 ^ _27432_/A (sg13g2_nand4_1)
     7    0.027623    0.328455    0.321706    2.966220 v _27432_/Y (sg13g2_nand4_1)
                                                         _02915_ (net)
                      0.328503    0.003306    2.969526 v _27524_/A (sg13g2_and4_1)
     1    0.004418    0.036277    0.163698    3.133223 v _27524_/X (sg13g2_and4_1)
                                                         _03007_ (net)
                      0.036277    0.000316    3.133539 v _27617_/B (sg13g2_nor3_1)
     3    0.013307    0.201379    0.186258    3.319798 ^ _27617_/Y (sg13g2_nor3_1)
                                                         _03100_ (net)
                      0.201384    0.000797    3.320595 ^ _27620_/A2 (sg13g2_o21ai_1)
     3    0.011972    0.102369    0.140076    3.460671 v _27620_/Y (sg13g2_o21ai_1)
                                                         _03103_ (net)
                      0.102372    0.000703    3.461374 v _27701_/A2 (sg13g2_a21o_1)
     3    0.009666    0.046403    0.158479    3.619853 v _27701_/X (sg13g2_a21o_1)
                                                         _03184_ (net)
                      0.046403    0.000256    3.620109 v _27702_/B (sg13g2_and2_1)
     1    0.006155    0.031546    0.087139    3.707249 v _27702_/X (sg13g2_and2_1)
                                                         _03185_ (net)
                      0.031554    0.000474    3.707723 v _27706_/B (sg13g2_xnor2_1)
     1    0.005542    0.064050    0.095759    3.803482 v _27706_/Y (sg13g2_xnor2_1)
                                                         _03189_ (net)
                      0.064050    0.000224    3.803706 v _27712_/B (sg13g2_xnor2_1)
     4    0.016782    0.120759    0.155351    3.959057 v _27712_/Y (sg13g2_xnor2_1)
                                                         _03195_ (net)
                      0.120765    0.000937    3.959994 v _27764_/A (sg13g2_xnor2_1)
     2    0.009557    0.085540    0.150958    4.110952 v _27764_/Y (sg13g2_xnor2_1)
                                                         _03247_ (net)
                      0.085540    0.000373    4.111325 v _27884_/A (sg13g2_or4_1)
     2    0.007297    0.054104    0.233053    4.344378 v _27884_/X (sg13g2_or4_1)
                                                         _03367_ (net)
                      0.054107    0.000460    4.344838 v _27892_/B1 (sg13g2_a221oi_1)
     2    0.025615    0.372746    0.328142    4.672979 ^ _27892_/Y (sg13g2_a221oi_1)
                                                         _03375_ (net)
                      0.372767    0.002253    4.675232 ^ _27893_/A2 (sg13g2_o21ai_1)
     3    0.010729    0.114420    0.162220    4.837453 v _27893_/Y (sg13g2_o21ai_1)
                                                         _03376_ (net)
                      0.114421    0.000599    4.838052 v _27900_/A1 (sg13g2_o21ai_1)
     2    0.010900    0.142971    0.171147    5.009199 ^ _27900_/Y (sg13g2_o21ai_1)
                                                         _03383_ (net)
                      0.142974    0.000571    5.009770 ^ _27902_/A (sg13g2_nand2_1)
     2    0.008061    0.075742    0.100163    5.109933 v _27902_/Y (sg13g2_nand2_1)
                                                         _03385_ (net)
                      0.075743    0.000453    5.110385 v _27919_/B (sg13g2_nand3_1)
     1    0.005179    0.049555    0.063624    5.174010 ^ _27919_/Y (sg13g2_nand3_1)
                                                         _03402_ (net)
                      0.049556    0.000354    5.174364 ^ _27920_/B_N (sg13g2_nor2b_2)
     5    0.016246    0.088942    0.138192    5.312556 ^ _27920_/Y (sg13g2_nor2b_2)
                                                         u_fft_core.u_twiddle_interface.u_mult_2.u_clip.o_data_re[7] (net)
                      0.088953    0.000778    5.313334 ^ _27924_/A (sg13g2_and2_1)
     6    0.026062    0.114334    0.171581    5.484914 ^ _27924_/X (sg13g2_and2_1)
                                                         _03406_ (net)
                      0.114362    0.001732    5.486647 ^ _27930_/A1 (sg13g2_o21ai_1)
     1    0.002926    0.059050    0.086150    5.572797 v _27930_/Y (sg13g2_o21ai_1)
                                                         u_fft_core.u_twiddle_interface.u_mult_2.u_clip.o_data_re[1] (net)
                      0.059050    0.000184    5.572981 v _42341_/D (sg13g2_dfrbpq_1)
                                              5.572981   data arrival time

                                 50.000000   50.000000   clock clk (rise edge)
                                  0.000000   50.000000   clock source latency
     2    0.107581    0.000000    0.000000   50.000000 ^ i_clk (in)
                                                         i_clk (net)
                      0.047414    0.023707   50.023705 ^ clkbuf_0_i_clk/A (sg13g2_buf_8)
     4    0.148443    0.088393    0.117698   50.141403 ^ clkbuf_0_i_clk/X (sg13g2_buf_8)
                                                         clknet_0_i_clk (net)
                      0.090934    0.011902   50.153305 ^ clkbuf_2_1_0_i_clk/A (sg13g2_buf_8)
    16    0.320035    0.169009    0.186709   50.340015 ^ clkbuf_2_1_0_i_clk/X (sg13g2_buf_8)
                                                         clknet_2_1_0_i_clk (net)
                      0.169934    0.010978   50.350994 ^ clkbuf_6_17_0_i_clk/A (sg13g2_buf_8)
     2    0.023573    0.031920    0.125958   50.476952 ^ clkbuf_6_17_0_i_clk/X (sg13g2_buf_8)
                                                         clknet_6_17_0_i_clk (net)
                      0.031929    0.001194   50.478146 ^ clkbuf_7_34__f_i_clk/A (sg13g2_buf_8)
     4    0.072352    0.048724    0.085091   50.563236 ^ clkbuf_7_34__f_i_clk/X (sg13g2_buf_8)
                                                         clknet_7_34__leaf_i_clk (net)
                      0.051522    0.008953   50.572189 ^ clkbuf_leaf_85_i_clk/A (sg13g2_buf_8)
     4    0.025901    0.027204    0.081364   50.653553 ^ clkbuf_leaf_85_i_clk/X (sg13g2_buf_8)
                                                         clknet_leaf_85_i_clk (net)
                      0.027204    0.000220   50.653774 ^ _42341_/CLK (sg13g2_dfrbpq_1)
                                  0.000000   50.653774   clock reconvergence pessimism
                                 -0.124855   50.528915   library setup time
                                             50.528915   data required time
---------------------------------------------------------------------------------------------
                                             50.528915   data required time
                                             -5.572981   data arrival time
---------------------------------------------------------------------------------------------
                                             44.955933   slack (MET)




===========================================================================
report_checks --slack_max -0.01
============================================================================
======================= nom_typ_1p20V_25C Corner ===================================

No paths found.


===========================================================================
 report_check_types -max_slew -max_cap -max_fanout -violators
============================================================================
======================= nom_typ_1p20V_25C Corner ===================================

max fanout

Pin                                   Limit Fanout  Slack
---------------------------------------------------------
clkbuf_2_0_0_i_clk/X                      8     16     -8 (VIOLATED)
clkbuf_2_1_0_i_clk/X                      8     16     -8 (VIOLATED)
clkbuf_2_2_0_i_clk/X                      8     16     -8 (VIOLATED)
clkbuf_2_3_0_i_clk/X                      8     16     -8 (VIOLATED)



===========================================================================
report_parasitic_annotation -report_unannotated
============================================================================
Found 223 unannotated drivers.
 clkload0/Y
 clkload1/Y
 clkload10/Y
 clkload100/Y
 clkload101/Y
 clkload102/X
 clkload103/Y
 clkload104/Y
 clkload105/Y
 clkload106/Y
 clkload107/Y
 clkload108/Y
 clkload109/Y
 clkload11/Y
 clkload110/Y
 clkload111/X
 clkload112/X
 clkload113/Y
 clkload114/X
 clkload115/X
 clkload116/X
 clkload117/X
 clkload118/Y
 clkload119/Y
 clkload12/X
 clkload120/Y
 clkload121/Y
 clkload122/Y
 clkload123/Y
 clkload124/Y
 clkload125/Y
 clkload126/Y
 clkload127/Y
 clkload128/Y
 clkload129/Y
 clkload13/Y
 clkload130/Y
 clkload131/Y
 clkload132/Y
 clkload133/Y
 clkload134/Y
 clkload135/Y
 clkload136/Y
 clkload137/Y
 clkload138/Y
 clkload139/Y
 clkload14/Y
 clkload140/X
 clkload141/Y
 clkload142/Y
 clkload143/Y
 clkload144/Y
 clkload145/Y
 clkload146/Y
 clkload147/Y
 clkload148/Y
 clkload149/X
 clkload15/X
 clkload150/Y
 clkload151/Y
 clkload152/X
 clkload153/Y
 clkload154/X
 clkload155/Y
 clkload156/Y
 clkload157/Y
 clkload158/Y
 clkload159/Y
 clkload16/Y
 clkload160/Y
 clkload161/X
 clkload162/X
 clkload163/Y
 clkload164/Y
 clkload165/Y
 clkload166/Y
 clkload167/Y
 clkload168/Y
 clkload169/Y
 clkload17/Y
 clkload170/Y
 clkload171/Y
 clkload172/Y
 clkload173/Y
 clkload174/Y
 clkload175/Y
 clkload176/Y
 clkload177/X
 clkload178/Y
 clkload179/Y
 clkload18/Y
 clkload180/Y
 clkload181/Y
 clkload182/Y
 clkload183/Y
 clkload184/Y
 clkload185/Y
 clkload186/Y
 clkload187/X
 clkload188/Y
 clkload189/Y
 clkload19/Y
 clkload190/Y
 clkload191/Y
 clkload192/Y
 clkload193/Y
 clkload194/X
 clkload195/X
 clkload196/Y
 clkload197/Y
 clkload198/Y
 clkload199/Y
 clkload2/X
 clkload20/Y
 clkload200/X
 clkload201/Y
 clkload202/Y
 clkload203/Y
 clkload204/Y
 clkload205/X
 clkload206/Y
 clkload207/Y
 clkload208/Y
 clkload209/Y
 clkload21/Y
 clkload210/Y
 clkload211/Y
 clkload212/Y
 clkload213/Y
 clkload214/X
 clkload215/Y
 clkload216/Y
 clkload217/Y
 clkload218/X
 clkload219/Y
 clkload22/X
 clkload220/Y
 clkload221/Y
 clkload222/Y
 clkload23/Y
 clkload24/Y
 clkload25/Y
 clkload26/Y
 clkload27/Y
 clkload28/Y
 clkload29/X
 clkload3/Y
 clkload30/X
 clkload31/Y
 clkload32/Y
 clkload33/Y
 clkload34/Y
 clkload35/Y
 clkload36/X
 clkload37/X
 clkload38/Y
 clkload39/Y
 clkload4/Y
 clkload40/Y
 clkload41/Y
 clkload42/Y
 clkload43/Y
 clkload44/Y
 clkload45/X
 clkload46/Y
 clkload47/Y
 clkload48/Y
 clkload49/X
 clkload5/Y
 clkload50/Y
 clkload51/Y
 clkload52/Y
 clkload53/Y
 clkload54/Y
 clkload55/Y
 clkload56/Y
 clkload57/Y
 clkload58/Y
 clkload59/Y
 clkload6/X
 clkload60/Y
 clkload61/Y
 clkload62/Y
 clkload63/Y
 clkload64/Y
 clkload65/Y
 clkload66/X
 clkload67/Y
 clkload68/Y
 clkload69/Y
 clkload7/Y
 clkload70/X
 clkload71/X
 clkload72/Y
 clkload73/Y
 clkload74/X
 clkload75/Y
 clkload76/Y
 clkload77/Y
 clkload78/Y
 clkload79/Y
 clkload8/Y
 clkload80/Y
 clkload81/Y
 clkload82/Y
 clkload83/Y
 clkload84/X
 clkload85/Y
 clkload86/Y
 clkload87/Y
 clkload88/X
 clkload89/X
 clkload9/Y
 clkload90/Y
 clkload91/X
 clkload92/Y
 clkload93/Y
 clkload94/Y
 clkload95/Y
 clkload96/Y
 clkload97/Y
 clkload98/Y
 clkload99/Y
Found 0 partially unannotated drivers.

===========================================================================
max slew violation count 0
max fanout violation count 4
max cap violation count 0
============================================================================

===========================================================================
check_setup -verbose -unconstrained_endpoints -multiple_clock -no_clock -no_input_delay -loops -generated_clocks
===========================================================================
Warning: There are 5 input ports missing set_input_delay.
  i_rst_n
  i_serial_rx
  i_spi_mosi
  i_spi_sclk
  i_spi_ss_n
Warning: There are 60 unclocked register/latch pins.
  _43133_/CLK
  _43134_/CLK
  _43135_/CLK
  _43136_/CLK
  _43137_/CLK
  _43138_/CLK
  _43139_/CLK
  _43140_/CLK
  _43141_/CLK
  _43142_/CLK
  _43143_/CLK
  _43144_/CLK
  _43145_/CLK
  _43146_/CLK
  _43147_/CLK
  _43148_/CLK
  _43149_/CLK
  _43150_/CLK
  _43151_/CLK
  _43152_/CLK
  _43153_/CLK
  _43154_/CLK
  _43155_/CLK
  _43156_/CLK
  _43157_/CLK
  _43158_/CLK
  _43159_/CLK
  _43160_/CLK
  _43161_/CLK
  _43162_/CLK
  _43163_/CLK
  _43164_/CLK
  _43165_/CLK
  _43166_/CLK
  _43167_/CLK
  _43168_/CLK
  _43388_/CLK
  _43389_/CLK
  _43390_/CLK
  _43391_/CLK
  _43392_/CLK
  _43393_/CLK
  _43394_/CLK
  _43395_/CLK
  _43781_/CLK
  _43782_/CLK
  _43783_/CLK
  _43784_/CLK
  _43785_/CLK
  _43786_/CLK
  _43787_/CLK
  _43788_/CLK
  _43789_/CLK
  _43790_/CLK
  _43791_/CLK
  _43792_/CLK
  _43793_/CLK
  _43794_/CLK
  _43795_/CLK
  _43796_/CLK
Warning: There are 64 unconstrained endpoints.
  o_serial_tx
  o_spi_miso
  _43131_/D
  _43133_/D
  _43134_/D
  _43135_/D
  _43136_/D
  _43137_/D
  _43138_/D
  _43139_/D
  _43140_/D
  _43141_/D
  _43142_/D
  _43143_/D
  _43144_/D
  _43145_/D
  _43146_/D
  _43147_/D
  _43148_/D
  _43149_/D
  _43150_/D
  _43151_/D
  _43152_/D
  _43153_/D
  _43154_/D
  _43155_/D
  _43156_/D
  _43157_/D
  _43158_/D
  _43159_/D
  _43160_/D
  _43161_/D
  _43162_/D
  _43163_/D
  _43164_/D
  _43165_/D
  _43166_/D
  _43167_/D
  _43168_/D
  _43259_/D
  _43388_/D
  _43389_/D
  _43390_/D
  _43391_/D
  _43392_/D
  _43393_/D
  _43394_/D
  _43395_/D
  _43781_/D
  _43782_/D
  _43783_/D
  _43784_/D
  _43785_/D
  _43786_/D
  _43787_/D
  _43788_/D
  _43789_/D
  _43790_/D
  _43791_/D
  _43792_/D
  _43793_/D
  _43794_/D
  _43795_/D
  _43796_/D
