Clock: clk
Sources: i_clk 
Generated: no
Virtual: yes
Propagated: no
Period: 50.000000

===========================================================================
report_clock_properties
============================================================================
Clock                   Period          Waveform
----------------------------------------------------
clk                  50.000000    0.000000 25.000000

===========================================================================
report_clock_latency
============================================================================
Clock clk
rise -> rise
    min     max
0.000000 0.000000 source latency
0.562620         network latency _41764_/CLK
        0.688848 network latency _41159_/CLK
---------------
0.562620 0.688848 latency
        0.126228 skew

fall -> fall
    min     max
0.000000 0.000000 source latency
0.544938         network latency _41764_/CLK
        0.671168 network latency _41159_/CLK
---------------
0.544938 0.671168 latency
        0.126230 skew



===========================================================================
report_clock_min_period
============================================================================
clk period_min = 5.04 fmax = 198.25
