Reading timing models for corner nom_typ_1p20V_25C…
Reading timing library for the 'nom_typ_1p20V_25C' corner at '/opt/pdks/ciel/ihp-sg13g2/versions/cb7daaa8901016cf7c5d272dfa322c41f024931f/ihp-sg13g2/libs.ref/sg13g2_stdcell/lib/sg13g2_stdcell_typ_1p20V_25C.lib'…
Reading OpenROAD database at '/home/designer/shared/FFT/parallel_fft/runs/RUN_2026-01-23_18-35-33/39-openroad-globalrouting/top_chip.odb'…
Reading design constraints file at '/home/designer/shared/FFT/parallel_fft/librelane/constraints/top.sdc'…
[INFO] No information on clock propagation in input SDC file-- propagating all clocks.
[INFO] Setting signal min routing layer to: Metal2 and clock min routing layer to Metal2. 
[INFO] Setting signal max routing layer to: TopMetal2 and clock max routing layer to TopMetal2. 
+ global_route -congestion_iterations 50 -verbose
[INFO GRT-0020] Min routing layer: Metal2
[INFO GRT-0021] Max routing layer: TopMetal2
[INFO GRT-0022] Global adjustment: 30%
[INFO GRT-0023] Grid origin: (0, 0)
[INFO GRT-0088] Layer Metal1  Track-Pitch = 0.4200  line-2-Via Pitch: 0.3650
[INFO GRT-0088] Layer Metal2  Track-Pitch = 0.4800  line-2-Via Pitch: 0.4150
[INFO GRT-0088] Layer Metal3  Track-Pitch = 0.4200  line-2-Via Pitch: 0.4150
[INFO GRT-0088] Layer Metal4  Track-Pitch = 0.4800  line-2-Via Pitch: 0.4150
[INFO GRT-0088] Layer Metal5  Track-Pitch = 0.4200  line-2-Via Pitch: 0.6200
[INFO GRT-0088] Layer TopMetal1 Track-Pitch = 2.2800  line-2-Via Pitch: 3.4100
[INFO GRT-0088] Layer TopMetal2 Track-Pitch = 4.0000  line-2-Via Pitch: 3.9500
[INFO GRT-0003] Macros: 0
[INFO GRT-0004] Blockages: 0
[INFO GRT-0019] Found 701 clock nets.
[INFO GRT-0001] Minimum degree: 2
[INFO GRT-0002] Maximum degree: 17

[INFO GRT-0053] Routing resources analysis:
          Routing      Original      Derated      Resource
Layer     Direction    Resources     Resources    Reduction (%)
---------------------------------------------------------------
Metal1     Horizontal          0             0          0.00%
Metal2     Vertical       252424        166173          34.17%
Metal3     Horizontal     291205        189871          34.80%
Metal4     Vertical       252424        166173          34.17%
Metal5     Horizontal     195295        130792          33.03%
TopMetal1    Vertical        19738         16405          16.89%
TopMetal2    Horizontal      19460         16256          16.46%
---------------------------------------------------------------

[INFO GRT-0197] Via related to pin nodes: 145631
[INFO GRT-0198] Via related Steiner nodes: 1819
[INFO GRT-0199] Via filling finished.
[INFO GRT-0111] Final number of vias: 175530
[INFO GRT-0112] Final usage 3D: 628617

[INFO GRT-0096] Final congestion report:
Layer         Resource        Demand        Usage (%)    Max H / Max V / Total Overflow
---------------------------------------------------------------------------------------
Metal1               0             0            0.00%             0 /  0 /  0
Metal2          166173         50268           30.25%             0 /  0 /  0
Metal3          189871         45436           23.93%             0 /  0 /  0
Metal4          166173          4573            2.75%             0 /  0 /  0
Metal5          130792          1709            1.31%             0 /  0 /  0
TopMetal1          16405            18            0.11%             0 /  0 /  0
TopMetal2          16256            23            0.14%             0 /  0 /  0
---------------------------------------------------------------------------------------
Total           685670        102027           14.88%             0 /  0 /  0

[INFO GRT-0018] Total wirelength: 1010060 um
[INFO GRT-0014] Routed nets: 28108
[INFO GRT-0006] Repairing antennas, iteration 1.
[INFO GRT-0012] Found 6 antenna violations.
[INFO GRT-0302] Inserted 7 jumpers for 6 nets.
[INFO GRT-0012] Found 0 antenna violations.
+ detailed_placement -max_displacement  500 100 
Placement Analysis
---------------------------------
total displacement          0.0 u
average displacement        0.0 u
max displacement            0.0 u
original HPWL          598155.8 u
legalized HPWL         614165.8 u
delta HPWL                    3 %

[INFO DPL-0020] Mirrored 10751 instances
[INFO DPL-0021] HPWL before          614165.8 u
[INFO DPL-0022] HPWL after           598155.8 u
[INFO DPL-0023] HPWL delta               -2.6 %
+ global_route -congestion_iterations 50 -verbose
[INFO GRT-0020] Min routing layer: Metal2
[INFO GRT-0021] Max routing layer: TopMetal2
[INFO GRT-0022] Global adjustment: 30%
[INFO GRT-0023] Grid origin: (0, 0)
[INFO GRT-0088] Layer Metal1  Track-Pitch = 0.4200  line-2-Via Pitch: 0.3650
[INFO GRT-0088] Layer Metal2  Track-Pitch = 0.4800  line-2-Via Pitch: 0.4150
[INFO GRT-0088] Layer Metal3  Track-Pitch = 0.4200  line-2-Via Pitch: 0.4150
[INFO GRT-0088] Layer Metal4  Track-Pitch = 0.4800  line-2-Via Pitch: 0.4150
[INFO GRT-0088] Layer Metal5  Track-Pitch = 0.4200  line-2-Via Pitch: 0.6200
[INFO GRT-0088] Layer TopMetal1 Track-Pitch = 2.2800  line-2-Via Pitch: 3.4100
[INFO GRT-0088] Layer TopMetal2 Track-Pitch = 4.0000  line-2-Via Pitch: 3.9500
[INFO GRT-0003] Macros: 0
[INFO GRT-0004] Blockages: 0
[INFO GRT-0019] Found 701 clock nets.
[INFO GRT-0001] Minimum degree: 2
[INFO GRT-0002] Maximum degree: 17

[INFO GRT-0053] Routing resources analysis:
          Routing      Original      Derated      Resource
Layer     Direction    Resources     Resources    Reduction (%)
---------------------------------------------------------------
Metal1     Horizontal          0             0          0.00%
Metal2     Vertical       252424        166173          34.17%
Metal3     Horizontal     291205        189871          34.80%
Metal4     Vertical       252424        166173          34.17%
Metal5     Horizontal     195295        130792          33.03%
TopMetal1    Vertical        19738         16405          16.89%
TopMetal2    Horizontal      19460         16256          16.46%
---------------------------------------------------------------

[INFO GRT-0197] Via related to pin nodes: 145631
[INFO GRT-0198] Via related Steiner nodes: 1819
[INFO GRT-0199] Via filling finished.
[INFO GRT-0111] Final number of vias: 175530
[INFO GRT-0112] Final usage 3D: 628617

[INFO GRT-0096] Final congestion report:
Layer         Resource        Demand        Usage (%)    Max H / Max V / Total Overflow
---------------------------------------------------------------------------------------
Metal1               0             0            0.00%             0 /  0 /  0
Metal2          166173         50268           30.25%             0 /  0 /  0
Metal3          189871         45436           23.93%             0 /  0 /  0
Metal4          166173          4573            2.75%             0 /  0 /  0
Metal5          130792          1709            1.31%             0 /  0 /  0
TopMetal1          16405            18            0.11%             0 /  0 /  0
TopMetal2          16256            23            0.14%             0 /  0 /  0
---------------------------------------------------------------------------------------
Total           685670        102027           14.88%             0 /  0 /  0

[INFO GRT-0018] Total wirelength: 1010060 um
[INFO GRT-0014] Routed nets: 28108
Setting global connections for newly added cells…
[INFO] Setting global connections...
Updating metrics…
Cell type report:                       Count       Area
  Buffer                                    4      29.03
  Clock buffer                            740   17405.54
  Timing Repair Buffer                   1401   27878.26
  Inverter                                717    4296.50
  Clock inverter                          183    1562.20
  Sequential cell                        3503  172732.69
  Multi-Input combinational cell        21777  236407.25
  Total                                 28325  460311.47
Writing OpenROAD database to '/home/designer/shared/FFT/parallel_fft/runs/RUN_2026-01-23_18-35-33/42-openroad-repairantennas/1-diodeinsertion/top_chip.odb'…
Writing layout to '/home/designer/shared/FFT/parallel_fft/runs/RUN_2026-01-23_18-35-33/42-openroad-repairantennas/1-diodeinsertion/top_chip.def'…
