
===========================================================================
 report_power
============================================================================
======================= nom_typ_1p20V_25C Corner ===================================

Group                    Internal    Switching      Leakage        Total
                            Power        Power        Power        Power (Watts)
------------------------------------------------------------------------
Sequential           3.798800e-03 1.711060e-05 1.568823e-06 3.817479e-03  74.7%
Combinational        6.802065e-04 6.068580e-04 2.827009e-06 1.289892e-03  25.3%
Clock                0.000000e+00 0.000000e+00 0.000000e+00 0.000000e+00   0.0%
Macro                0.000000e+00 0.000000e+00 0.000000e+00 0.000000e+00   0.0%
Pad                  0.000000e+00 0.000000e+00 0.000000e+00 0.000000e+00   0.0%
------------------------------------------------------------------------
Total                4.479040e-03 6.239680e-04 4.396450e-06 5.107405e-03 100.0%
                            87.7%        12.2%         0.1%

