Reading technology LEF file at '/opt/pdks/ciel/ihp-sg13g2/versions/cb7daaa8901016cf7c5d272dfa322c41f024931f/ihp-sg13g2/libs.ref/sg13g2_stdcell/lef/sg13g2_tech.lef'…
[INFO ODB-0227] LEF file: /opt/pdks/ciel/ihp-sg13g2/versions/cb7daaa8901016cf7c5d272dfa322c41f024931f/ihp-sg13g2/libs.ref/sg13g2_stdcell/lef/sg13g2_tech.lef, created 19 layers, 70 vias
Reading cell LEF file at '/opt/pdks/ciel/ihp-sg13g2/versions/cb7daaa8901016cf7c5d272dfa322c41f024931f/ihp-sg13g2/libs.ref/sg13g2_stdcell/lef/sg13g2_stdcell.lef'…
[INFO ODB-0227] LEF file: /opt/pdks/ciel/ihp-sg13g2/versions/cb7daaa8901016cf7c5d272dfa322c41f024931f/ihp-sg13g2/libs.ref/sg13g2_stdcell/lef/sg13g2_stdcell.lef, created 84 library cells
[INFO ODB-0127] Reading DEF file: /home/designer/shared/FFT/parallel_fft/runs/RUN_2026-01-23_18-35-33/53-odb-cellfrequencytables/top_chip.def
[INFO ODB-0128] Design: top_chip
[INFO ODB-0130]     Created 10 pins.
[INFO ODB-0131]     Created 58867 components and 205746 component-terminals.
[INFO ODB-0132]     Created 2 special nets and 117734 connections.
[INFO ODB-0133]     Created 28108 nets and 87789 connections.
[INFO ODB-0134] Finished DEF file: /home/designer/shared/FFT/parallel_fft/runs/RUN_2026-01-23_18-35-33/53-odb-cellfrequencytables/top_chip.def
Using RCX ruleset '/opt/pdks/ciel/ihp-sg13g2/versions/cb7daaa8901016cf7c5d272dfa322c41f024931f/ihp-sg13g2/libs.tech/librelane/IHP_rcx_patterns.rules'…
[INFO RCX-0431] Defined process_corner CURRENT_CORNER with ext_model_index 0
[INFO RCX-0029] Defined extraction corner CURRENT_CORNER
+ extract_parasitics  -ext_model_file /opt/pdks/ciel/ihp-sg13g2/versions/cb7daaa8901016cf7c5d272dfa322c41f024931f/ihp-sg13g2/libs.tech/librelane/IHP_rcx_patterns.rules -lef_res
[INFO RCX-0435] Reading extraction model file /opt/pdks/ciel/ihp-sg13g2/versions/cb7daaa8901016cf7c5d272dfa322c41f024931f/ihp-sg13g2/libs.tech/librelane/IHP_rcx_patterns.rules ...
[INFO RCX-0436] RC segment generation top_chip (max_merge_res 50.0) ...
[INFO RCX-0040] Final 113216 rc segments
[INFO RCX-0439] Coupling Cap extraction top_chip ...
[INFO RCX-0440] Coupling threshhold is 0.1000 fF, coupling capacitance less than 0.1000 fF will be grounded.
[INFO RCX-0442] 21% of 164212 wires extracted
[INFO RCX-0442] 47% of 164212 wires extracted
[INFO RCX-0442] 75% of 164212 wires extracted
[INFO RCX-0442] 100% of 164212 wires extracted
[INFO RCX-0045] Extract 28108 nets, 141324 rsegs, 141324 caps, 183582 ccs
Setting global connections for newly added cells…
[INFO] Setting global connections...
Updating metrics…
Cell type report:                       Count       Area
  Fill cell                             30538  237811.59
  Antenna cell                              4      21.77
  Standard cell                         28325  460311.47
  Total                                 58867  698144.83
Writing extracted parasitics to '/home/designer/shared/FFT/parallel_fft/runs/RUN_2026-01-23_18-35-33/54-openroad-rcx/nom/top_chip.nom.spef'…
[INFO RCX-0443] 28108 nets finished
