Reading timing models for corner nom_fast_1p32V_m40C…
Reading timing library for the 'nom_fast_1p32V_m40C' corner at '/opt/pdks/ciel/ihp-sg13g2/versions/cb7daaa8901016cf7c5d272dfa322c41f024931f/ihp-sg13g2/libs.ref/sg13g2_stdcell/lib/sg13g2_stdcell_fast_1p32V_m40C.lib'…
Reading timing models for corner nom_slow_1p08V_125C…
Reading timing library for the 'nom_slow_1p08V_125C' corner at '/opt/pdks/ciel/ihp-sg13g2/versions/cb7daaa8901016cf7c5d272dfa322c41f024931f/ihp-sg13g2/libs.ref/sg13g2_stdcell/lib/sg13g2_stdcell_slow_1p08V_125C.lib'…
Reading timing models for corner nom_typ_1p20V_25C…
Reading timing library for the 'nom_typ_1p20V_25C' corner at '/opt/pdks/ciel/ihp-sg13g2/versions/cb7daaa8901016cf7c5d272dfa322c41f024931f/ihp-sg13g2/libs.ref/sg13g2_stdcell/lib/sg13g2_stdcell_typ_1p20V_25C.lib'…
Reading OpenROAD database at '/home/designer/shared/FFT/parallel_fft/runs/RUN_2026-01-23_18-35-33/28-openroad-globalplacement/top_chip.odb'…
Reading design constraints file at '/home/designer/shared/FFT/parallel_fft/librelane/constraints/top.sdc'…
[INFO] No information on clock propagation in input SDC file-- propagating all clocks.
[INFO RSZ-0027] Inserted 5 input buffers.
[INFO RSZ-0028] Inserted 1 output buffers.
+ repair_design -verbose -max_wire_length 0 -slew_margin 20 -cap_margin 20
[INFO RSZ-0058] Using max wire length 5028um.
Iteration |   Area    | Resized | Buffers | Nets repaired | Remaining
---------------------------------------------------------------------
        0 |     +0.0% |       0 |       0 |             0 |     27374
     1000 |     +0.0% |      47 |       0 |             0 |     26374
     2000 |     +0.0% |      70 |       0 |             0 |     25374
     3000 |     -0.0% |      87 |       0 |             0 |     24374
     4000 |     -0.0% |     118 |       0 |             0 |     23374
     5000 |     +0.0% |     174 |       0 |             0 |     22374
     6000 |     +0.0% |     235 |       0 |             0 |     21374
     7000 |     +0.1% |     276 |       0 |             0 |     20374
     8000 |     +0.1% |     318 |       0 |             0 |     19374
     9000 |     +0.1% |     371 |       0 |             0 |     18374
    10000 |     +0.2% |     455 |       0 |             0 |     17374
    11000 |     +0.2% |     514 |       0 |             0 |     16374
    12000 |     +0.3% |     613 |       0 |             0 |     15374
    13000 |     +0.4% |     749 |       0 |             0 |     14374
    14000 |     +0.5% |     876 |       0 |             0 |     13374
    15000 |     +0.6% |     995 |       0 |             0 |     12374
    16000 |     +0.7% |    1177 |       0 |             0 |     11374
    17000 |     +0.9% |    1410 |       0 |             0 |     10374
    18000 |     +1.1% |    1695 |       0 |             0 |      9374
    19000 |     +1.5% |    2042 |       0 |             0 |      8374
    20000 |     +1.8% |    2292 |       0 |             0 |      7374
    21000 |     +1.8% |    2429 |       0 |             0 |      6374
    22000 |     +1.8% |    2509 |       0 |             0 |      5374
    23000 |     +1.8% |    2781 |       0 |             0 |      4374
    24000 |     +1.7% |    3100 |       0 |             0 |      3374
    25000 |     +1.8% |    3129 |      34 |             3 |      2374
    26000 |     +1.8% |    3129 |      34 |             3 |      1374
    27000 |     +1.8% |    3129 |      34 |             3 |       374
    final |     +1.8% |    3129 |      34 |             3 |         0
---------------------------------------------------------------------
[INFO RSZ-0035] Found 3 fanout violations.
[INFO RSZ-0039] Resized 3129 instances.
[INFO RSZ-0038] Inserted 34 buffers in 3 nets.
[INFO RSZ-0042] Inserted 20 tie sg13g2_tielo instances.
[INFO RSZ-0042] Inserted 3250 tie sg13g2_tiehi instances.
+ detailed_placement -max_displacement  500 100 
Placement Analysis
---------------------------------
total displacement      83972.2 u
average displacement        3.1 u
max displacement           12.7 u
original HPWL          481191.8 u
legalized HPWL         563616.9 u
delta HPWL                   17 %

[INFO DPL-0020] Mirrored 10514 instances
[INFO DPL-0021] HPWL before          563616.9 u
[INFO DPL-0022] HPWL after           548376.0 u
[INFO DPL-0023] HPWL delta               -2.7 %
Setting global connections for newly added cells…
[INFO] Setting global connections...
Updating metrics…
Cell type report:                       Count       Area
  Buffer                                    4      29.03
  Timing Repair Buffer                   1401   27878.26
  Inverter                                717    4296.50
  Sequential cell                        3503  172732.69
  Multi-Input combinational cell        21777  236407.25
  Total                                 27402  441343.73
Writing OpenROAD database to '/home/designer/shared/FFT/parallel_fft/runs/RUN_2026-01-23_18-35-33/32-openroad-repairdesignpostgpl/top_chip.odb'…
Writing netlist to '/home/designer/shared/FFT/parallel_fft/runs/RUN_2026-01-23_18-35-33/32-openroad-repairdesignpostgpl/top_chip.nl.v'…
Writing powered netlist to '/home/designer/shared/FFT/parallel_fft/runs/RUN_2026-01-23_18-35-33/32-openroad-repairdesignpostgpl/top_chip.pnl.v'…
Writing layout to '/home/designer/shared/FFT/parallel_fft/runs/RUN_2026-01-23_18-35-33/32-openroad-repairdesignpostgpl/top_chip.def'…
Writing timing constraints to '/home/designer/shared/FFT/parallel_fft/runs/RUN_2026-01-23_18-35-33/32-openroad-repairdesignpostgpl/top_chip.sdc'…
