Reading timing models for corner nom_typ_1p20V_25C…
Reading timing library for the 'nom_typ_1p20V_25C' corner at '/opt/pdks/ciel/ihp-sg13g2/versions/cb7daaa8901016cf7c5d272dfa322c41f024931f/ihp-sg13g2/libs.ref/sg13g2_stdcell/lib/sg13g2_stdcell_typ_1p20V_25C.lib'…
Reading technology LEF file at '/opt/pdks/ciel/ihp-sg13g2/versions/cb7daaa8901016cf7c5d272dfa322c41f024931f/ihp-sg13g2/libs.ref/sg13g2_stdcell/lef/sg13g2_tech.lef'…
[INFO ODB-0227] LEF file: /opt/pdks/ciel/ihp-sg13g2/versions/cb7daaa8901016cf7c5d272dfa322c41f024931f/ihp-sg13g2/libs.ref/sg13g2_stdcell/lef/sg13g2_tech.lef, created 19 layers, 70 vias
Reading cell LEF file at '/opt/pdks/ciel/ihp-sg13g2/versions/cb7daaa8901016cf7c5d272dfa322c41f024931f/ihp-sg13g2/libs.ref/sg13g2_stdcell/lef/sg13g2_stdcell.lef'…
[INFO ODB-0227] LEF file: /opt/pdks/ciel/ihp-sg13g2/versions/cb7daaa8901016cf7c5d272dfa322c41f024931f/ihp-sg13g2/libs.ref/sg13g2_stdcell/lef/sg13g2_stdcell.lef, created 84 library cells
Reading top-level netlist at '/home/designer/shared/FFT/parallel_fft/runs/RUN_2026-01-23_18-35-33/06-yosys-synthesis/top_chip.nl.v'…
Linking design 'top_chip' from netlist…
Reading design constraints file at '/home/designer/shared/FFT/parallel_fft/librelane/constraints/top.sdc'…
[INFO] No information on clock propagation in input SDC file-- propagating all clocks.
Using site height: 3.78 and site width: 0.48…
[INFO] Using absolute sizing for the floorplan.
[INFO] Using the set CORE_AREA; ignoring core margin parameters
+ initialize_floorplan -site CoreSite -die_area 0 0 880 880 -core_area 20.16 22.68 859.84 857.32
[INFO IFP-0001] Added 220 rows of 1749 site CoreSite.
[INFO IFP-0030] Inserted 0 tiecells using sg13g2_tielo/L_LO.
[INFO IFP-0030] Inserted 0 tiecells using sg13g2_tiehi/L_HI.
[INFO] Extracting DIE_AREA and CORE_AREA from the floorplan
[INFO] Floorplanned on a die area of 0.0 0.0 880.0 880.0 (µm).
[INFO] Floorplanned on a core area of 20.16 22.68 859.68 854.28 (µm).
Writing metric design__die__bbox: 0.0 0.0 880.0 880.0
Writing metric design__core__bbox: 20.16 22.68 859.68 854.28
Setting global connections for newly added cells…
[INFO] Setting global connections...
Updating metrics…
Cell type report:                       Count       Area
  Buffer                                    4      29.03
  Inverter                                717    3902.77
  Sequential cell                        3503  171607.77
  Multi-Input combinational cell        21777  233281.04
  Total                                 26001  408820.61
Writing OpenROAD database to '/home/designer/shared/FFT/parallel_fft/runs/RUN_2026-01-23_18-35-33/13-openroad-floorplan/top_chip.odb'…
Writing netlist to '/home/designer/shared/FFT/parallel_fft/runs/RUN_2026-01-23_18-35-33/13-openroad-floorplan/top_chip.nl.v'…
Writing powered netlist to '/home/designer/shared/FFT/parallel_fft/runs/RUN_2026-01-23_18-35-33/13-openroad-floorplan/top_chip.pnl.v'…
Writing layout to '/home/designer/shared/FFT/parallel_fft/runs/RUN_2026-01-23_18-35-33/13-openroad-floorplan/top_chip.def'…
Writing timing constraints to '/home/designer/shared/FFT/parallel_fft/runs/RUN_2026-01-23_18-35-33/13-openroad-floorplan/top_chip.sdc'…
