
===========================================================================
report_checks -unconstrained
===========================================================================
======================= nom_typ_1p20V_25C Corner ===================================

Startpoint: _43105_ (rising edge-triggered flip-flop clocked by clk)
Endpoint: _41350_ (recovery check against rising-edge clock clk)
Path Group: asynchronous
Path Type: max

Fanout         Cap        Slew       Delay        Time   Description
---------------------------------------------------------------------------------------------
                                  0.000000    0.000000   clock clk (rise edge)
                                  0.000000    0.000000   clock source latency
  3443   13.487307    0.000000    0.000000    0.000000 ^ i_clk (in)
                                                         i_clk (net)
                      1.547113    0.773556    0.773556 ^ _43105_/CLK (sg13g2_dfrbpq_2)
     3    0.016108    0.037503    0.426408    1.199965 v _43105_/Q (sg13g2_dfrbpq_2)
                                                         soft_reset (net)
                      0.037503    0.000186    1.200150 v _23184_/A_N (sg13g2_nand2b_2)
     2    0.021563    0.076101    0.139888    1.340038 v _23184_/Y (sg13g2_nand2b_2)
                                                         _15298_ (net)
                      0.076103    0.000488    1.340526 v fanout3213/A (sg13g2_buf_4)
     8    0.110698    0.095575    0.161233    1.501760 v fanout3213/X (sg13g2_buf_4)
                                                         net3213 (net)
                      0.095695    0.002858    1.504618 v _23185_/A (sg13g2_inv_1)
     1    0.004026    0.040137    0.051398    1.556016 ^ _23185_/Y (sg13g2_inv_1)
                                                         internal_rst_n (net)
                      0.040137    0.000002    1.556018 ^ fanout3074/A (sg13g2_buf_4)
     4    0.071397    0.086833    0.136634    1.692652 ^ fanout3074/X (sg13g2_buf_4)
                                                         net3074 (net)
                      0.086852    0.001098    1.693750 ^ fanout3073/A (sg13g2_buf_4)
     6    0.042456    0.058672    0.140708    1.834458 ^ fanout3073/X (sg13g2_buf_4)
                                                         net3073 (net)
                      0.058715    0.001505    1.835962 ^ fanout3072/A (sg13g2_buf_4)
     7    0.081739    0.097331    0.155406    1.991368 ^ fanout3072/X (sg13g2_buf_4)
                                                         net3072 (net)
                      0.097540    0.003759    1.995127 ^ fanout3070/A (sg13g2_buf_4)
     7    0.045084    0.061342    0.149365    2.144493 ^ fanout3070/X (sg13g2_buf_4)
                                                         net3070 (net)
                      0.061343    0.000315    2.144808 ^ fanout3069/A (sg13g2_buf_4)
     4    0.023003    0.040157    0.111776    2.256584 ^ fanout3069/X (sg13g2_buf_4)
                                                         net3069 (net)
                      0.040158    0.000147    2.256731 ^ fanout3068/A (sg13g2_buf_4)
     8    0.045404    0.060199    0.118735    2.375467 ^ fanout3068/X (sg13g2_buf_4)
                                                         net3068 (net)
                      0.060199    0.000055    2.375522 ^ _41350_/RESET_B (sg13g2_dfrbpq_1)
                                              2.375522   data arrival time

                                 50.000000   50.000000   clock clk (rise edge)
                                  0.000000   50.000000   clock source latency
  3443   13.487307    0.000000    0.000000   50.000000 ^ i_clk (in)
                                                         i_clk (net)
                      1.833384    0.916693   50.916691 ^ _41350_/CLK (sg13g2_dfrbpq_1)
                                  0.000000   50.916691   clock reconvergence pessimism
                                 -0.004678   50.912010   library recovery time
                                             50.912010   data required time
---------------------------------------------------------------------------------------------
                                             50.912010   data required time
                                             -2.375522   data arrival time
---------------------------------------------------------------------------------------------
                                             48.536491   slack (MET)


Startpoint: _42305_ (rising edge-triggered flip-flop clocked by clk)
Endpoint: _42362_ (rising edge-triggered flip-flop clocked by clk)
Path Group: clk
Path Type: max

Fanout         Cap        Slew       Delay        Time   Description
---------------------------------------------------------------------------------------------
                                  0.000000    0.000000   clock clk (rise edge)
                                  0.000000    0.000000   clock source latency
  3443   13.487307    0.000000    0.000000    0.000000 ^ i_clk (in)
                                                         i_clk (net)
                      2.244211    1.122106    1.122106 ^ _42305_/CLK (sg13g2_dfrbpq_1)
     2    0.007836    0.044689    0.490878    1.612984 ^ _42305_/Q (sg13g2_dfrbpq_1)
                                                         u_fft_core.u_twiddle_interface.cnt_q[2] (net)
                      0.044689    0.000001    1.612986 ^ fanout3790/A (sg13g2_buf_4)
     8    0.058602    0.073175    0.131131    1.744116 ^ fanout3790/X (sg13g2_buf_4)
                                                         net3790 (net)
                      0.073177    0.000306    1.744423 ^ fanout3789/A (sg13g2_buf_4)
     4    0.029722    0.046472    0.123631    1.868054 ^ fanout3789/X (sg13g2_buf_4)
                                                         net3789 (net)
                      0.046473    0.000312    1.868366 ^ fanout3788/A (sg13g2_buf_4)
     8    0.034370    0.049926    0.113126    1.981492 ^ fanout3788/X (sg13g2_buf_4)
                                                         net3788 (net)
                      0.049926    0.000126    1.981618 ^ _28751_/S (sg13g2_mux2_1)
     6    0.020712    0.085164    0.210138    2.191757 v _28751_/X (sg13g2_mux2_1)
                                                         _04218_ (net)
                      0.085164    0.000044    2.191800 v _28753_/A2 (sg13g2_o21ai_1)
     7    0.041577    0.428507    0.371909    2.563710 ^ _28753_/Y (sg13g2_o21ai_1)
                                                         _04220_ (net)
                      0.428507    0.000365    2.564075 ^ _29081_/A2 (sg13g2_a21oi_1)
     2    0.008362    0.118580    0.181333    2.745409 v _29081_/Y (sg13g2_a21oi_1)
                                                         _04548_ (net)
                      0.118580    0.000009    2.745417 v _29083_/B (sg13g2_xnor2_1)
     2    0.009648    0.121483    0.136645    2.882062 ^ _29083_/Y (sg13g2_xnor2_1)
                                                         _04550_ (net)
                      0.121483    0.000019    2.882081 ^ _29084_/B (sg13g2_xor2_1)
     2    0.009453    0.110672    0.162337    3.044418 ^ _29084_/X (sg13g2_xor2_1)
                                                         _04551_ (net)
                      0.110672    0.000014    3.044432 ^ _29086_/B (sg13g2_xnor2_1)
     2    0.010143    0.123744    0.137353    3.181786 ^ _29086_/Y (sg13g2_xnor2_1)
                                                         _04553_ (net)
                      0.123744    0.000018    3.181804 ^ _29094_/A (sg13g2_xor2_1)
     2    0.009754    0.114254    0.169380    3.351184 ^ _29094_/X (sg13g2_xor2_1)
                                                         _04561_ (net)
                      0.114254    0.000030    3.351214 ^ _29096_/B (sg13g2_xnor2_1)
     2    0.009497    0.119474    0.134322    3.485536 ^ _29096_/Y (sg13g2_xnor2_1)
                                                         _04563_ (net)
                      0.119474    0.000020    3.485555 ^ _29097_/B (sg13g2_xor2_1)
     2    0.009058    0.102174    0.159459    3.645014 ^ _29097_/X (sg13g2_xor2_1)
                                                         _04564_ (net)
                      0.102174    0.000040    3.645054 ^ _29099_/B (sg13g2_xnor2_1)
     2    0.009641    0.118611    0.131484    3.776538 ^ _29099_/Y (sg13g2_xnor2_1)
                                                         _04566_ (net)
                      0.118611    0.000024    3.776563 ^ _29354_/A (sg13g2_xnor2_1)
     2    0.008563    0.113595    0.133966    3.910528 ^ _29354_/Y (sg13g2_xnor2_1)
                                                         _04821_ (net)
                      0.113595    0.000018    3.910546 ^ _29361_/B (sg13g2_xor2_1)
     2    0.009819    0.116007    0.162302    4.072848 ^ _29361_/X (sg13g2_xor2_1)
                                                         _04828_ (net)
                      0.116007    0.000025    4.072873 ^ _29465_/B (sg13g2_xor2_1)
     2    0.009256    0.112209    0.159678    4.232551 ^ _29465_/X (sg13g2_xor2_1)
                                                         _04932_ (net)
                      0.112209    0.000014    4.232565 ^ _29467_/B (sg13g2_xnor2_1)
     2    0.008526    0.111855    0.127654    4.360219 ^ _29467_/Y (sg13g2_xnor2_1)
                                                         _04934_ (net)
                      0.111855    0.000013    4.360232 ^ _29469_/B (sg13g2_xor2_1)
     2    0.007060    0.091382    0.145725    4.505957 ^ _29469_/X (sg13g2_xor2_1)
                                                         _04936_ (net)
                      0.091382    0.000004    4.505960 ^ _29472_/C (sg13g2_or3_1)
     1    0.004297    0.030928    0.100074    4.606034 ^ _29472_/X (sg13g2_or3_1)
                                                         _04939_ (net)
                      0.030928    0.000016    4.606050 ^ _29475_/C (sg13g2_nand4_1)
     3    0.010704    0.161814    0.160620    4.766671 v _29475_/Y (sg13g2_nand4_1)
                                                         _04942_ (net)
                      0.161814    0.000055    4.766726 v _29483_/B2 (sg13g2_a221oi_1)
     2    0.008382    0.180887    0.222032    4.988758 ^ _29483_/Y (sg13g2_a221oi_1)
                                                         _04950_ (net)
                      0.180887    0.000035    4.988792 ^ _29486_/A1 (sg13g2_o21ai_1)
     3    0.014291    0.114748    0.160561    5.149353 v _29486_/Y (sg13g2_o21ai_1)
                                                         _04953_ (net)
                      0.114748    0.000095    5.149448 v _29543_/A1 (sg13g2_o21ai_1)
     3    0.012931    0.161092    0.186387    5.335835 ^ _29543_/Y (sg13g2_o21ai_1)
                                                         _05010_ (net)
                      0.161092    0.000076    5.335911 ^ _29560_/A1 (sg13g2_a21o_1)
     2    0.009041    0.054383    0.163584    5.499495 ^ _29560_/X (sg13g2_a21o_1)
                                                         _05027_ (net)
                      0.054383    0.000003    5.499498 ^ _29563_/A1 (sg13g2_a21oi_1)
     1    0.004078    0.049102    0.066692    5.566190 v _29563_/Y (sg13g2_a21oi_1)
                                                         _05030_ (net)
                      0.049102    0.000012    5.566202 v _29565_/A2 (sg13g2_o21ai_1)
     3    0.015425    0.187201    0.173219    5.739421 ^ _29565_/Y (sg13g2_o21ai_1)
                                                         _05032_ (net)
                      0.187201    0.000037    5.739459 ^ _29569_/A (sg13g2_nor2_2)
     7    0.026159    0.084248    0.128161    5.867620 v _29569_/Y (sg13g2_nor2_2)
                                                         _05035_ (net)
                      0.084248    0.000004    5.867623 v _29591_/A1 (sg13g2_o21ai_1)
     1    0.002134    0.063300    0.098938    5.966561 ^ _29591_/Y (sg13g2_o21ai_1)
                                                         u_fft_core.u_twiddle_interface.u_mult_3.u_clip.o_data_re[6] (net)
                      0.063300    0.000005    5.966566 ^ _42362_/D (sg13g2_dfrbpq_2)
                                              5.966566   data arrival time

                                 50.000000   50.000000   clock clk (rise edge)
                                  0.000000   50.000000   clock source latency
  3443   13.487307    0.000000    0.000000   50.000000 ^ i_clk (in)
                                                         i_clk (net)
                      2.253429    1.126715   51.126713 ^ _42362_/CLK (sg13g2_dfrbpq_2)
                                  0.000000   51.126713   clock reconvergence pessimism
                                  0.018821   51.145535   library setup time
                                             51.145535   data required time
---------------------------------------------------------------------------------------------
                                             51.145535   data required time
                                             -5.966566   data arrival time
---------------------------------------------------------------------------------------------
                                             45.178970   slack (MET)




===========================================================================
report_checks --slack_max -0.01
============================================================================
======================= nom_typ_1p20V_25C Corner ===================================

No paths found.


===========================================================================
 report_check_types -max_slew -max_cap -max_fanout -violators
============================================================================
======================= nom_typ_1p20V_25C Corner ===================================



===========================================================================
report_parasitic_annotation -report_unannotated
============================================================================
Found 0 unannotated drivers.
Found 0 partially unannotated drivers.

===========================================================================
max slew violation count 0
Writing metric design__max_slew_violation__count__corner:nom_typ_1p20V_25C: 0
max fanout violation count 0
Writing metric design__max_fanout_violation__count__corner:nom_typ_1p20V_25C: 0
max cap violation count 0
Writing metric design__max_cap_violation__count__corner:nom_typ_1p20V_25C: 0
============================================================================

===========================================================================
check_setup -verbose -unconstrained_endpoints -multiple_clock -no_clock -no_input_delay -loops -generated_clocks
===========================================================================
Warning: There are 5 input ports missing set_input_delay.
  i_rst_n
  i_serial_rx
  i_spi_mosi
  i_spi_sclk
  i_spi_ss_n
Warning: There are 60 unclocked register/latch pins.
  _43133_/CLK
  _43134_/CLK
  _43135_/CLK
  _43136_/CLK
  _43137_/CLK
  _43138_/CLK
  _43139_/CLK
  _43140_/CLK
  _43141_/CLK
  _43142_/CLK
  _43143_/CLK
  _43144_/CLK
  _43145_/CLK
  _43146_/CLK
  _43147_/CLK
  _43148_/CLK
  _43149_/CLK
  _43150_/CLK
  _43151_/CLK
  _43152_/CLK
  _43153_/CLK
  _43154_/CLK
  _43155_/CLK
  _43156_/CLK
  _43157_/CLK
  _43158_/CLK
  _43159_/CLK
  _43160_/CLK
  _43161_/CLK
  _43162_/CLK
  _43163_/CLK
  _43164_/CLK
  _43165_/CLK
  _43166_/CLK
  _43167_/CLK
  _43168_/CLK
  _43388_/CLK
  _43389_/CLK
  _43390_/CLK
  _43391_/CLK
  _43392_/CLK
  _43393_/CLK
  _43394_/CLK
  _43395_/CLK
  _43781_/CLK
  _43782_/CLK
  _43783_/CLK
  _43784_/CLK
  _43785_/CLK
  _43786_/CLK
  _43787_/CLK
  _43788_/CLK
  _43789_/CLK
  _43790_/CLK
  _43791_/CLK
  _43792_/CLK
  _43793_/CLK
  _43794_/CLK
  _43795_/CLK
  _43796_/CLK
Warning: There are 64 unconstrained endpoints.
  o_serial_tx
  o_spi_miso
  _43131_/D
  _43133_/D
  _43134_/D
  _43135_/D
  _43136_/D
  _43137_/D
  _43138_/D
  _43139_/D
  _43140_/D
  _43141_/D
  _43142_/D
  _43143_/D
  _43144_/D
  _43145_/D
  _43146_/D
  _43147_/D
  _43148_/D
  _43149_/D
  _43150_/D
  _43151_/D
  _43152_/D
  _43153_/D
  _43154_/D
  _43155_/D
  _43156_/D
  _43157_/D
  _43158_/D
  _43159_/D
  _43160_/D
  _43161_/D
  _43162_/D
  _43163_/D
  _43164_/D
  _43165_/D
  _43166_/D
  _43167_/D
  _43168_/D
  _43259_/D
  _43388_/D
  _43389_/D
  _43390_/D
  _43391_/D
  _43392_/D
  _43393_/D
  _43394_/D
  _43395_/D
  _43781_/D
  _43782_/D
  _43783_/D
  _43784_/D
  _43785_/D
  _43786_/D
  _43787_/D
  _43788_/D
  _43789_/D
  _43790_/D
  _43791_/D
  _43792_/D
  _43793_/D
  _43794_/D
  _43795_/D
  _43796_/D
