Clock: clk
Sources: i_clk 
Generated: no
Virtual: yes
Propagated: no
Period: 50.000000

===========================================================================
report_clock_properties
============================================================================
Clock                   Period          Waveform
----------------------------------------------------
clk                  50.000000    0.000000 25.000000

===========================================================================
report_clock_latency
============================================================================
Clock clk
rise -> rise
    min     max
0.000000 0.000000 source latency
0.515903         network latency _41544_/CLK
        1.232496 network latency _41924_/CLK
---------------
0.515903 1.232496 latency
        0.716593 skew

fall -> fall
    min     max
0.000000 0.000000 source latency
0.458876         network latency _41544_/CLK
        1.096254 network latency _41924_/CLK
---------------
0.458876 1.096254 latency
        0.637378 skew



===========================================================================
report_clock_min_period
============================================================================
clk period_min = 4.82 fmax = 207.42
