
===========================================================================
 report_power
============================================================================
======================= nom_typ_1p20V_25C Corner ===================================

Group                    Internal    Switching      Leakage        Total
                            Power        Power        Power        Power (Watts)
------------------------------------------------------------------------
Sequential           5.353793e-03 1.583207e-05 1.627609e-06 5.371253e-03  78.5%
Combinational        7.087254e-04 7.565028e-04 3.378269e-06 1.468607e-03  21.5%
Clock                0.000000e+00 0.000000e+00 0.000000e+00 0.000000e+00   0.0%
Macro                0.000000e+00 0.000000e+00 0.000000e+00 0.000000e+00   0.0%
Pad                  0.000000e+00 0.000000e+00 0.000000e+00 0.000000e+00   0.0%
------------------------------------------------------------------------
Total                6.062511e-03 7.723349e-04 5.006708e-06 6.839853e-03 100.0%
                            88.6%        11.3%         0.1%
Writing metric power__internal__total: 0.006062510889023542
Writing metric power__switching__total: 0.0007723349262960255
Writing metric power__leakage__total: 5.006708306609653e-6
Writing metric power__total: 0.0068398527801036835

