Netgen 1.5.295 compiled on Sat Jun 21 19:15:42 UTC 2025
Warning: netgen command 'format' use fully-qualified name '::netgen::format'
Warning: netgen command 'global' use fully-qualified name '::netgen::global'
Warning:  A case-insensitive file has been read and so the	verilog file must be treated case-insensitive to match.
Reading SPICE netlist file '/opt/pdks/ciel/ihp-sg13g2/versions/cb7daaa8901016cf7c5d272dfa322c41f024931f/ihp-sg13g2/libs.ref/sg13g2_stdcell/spice/sg13g2_stdcell.spice'...
Call to undefined subcircuit sg13_lv_nmos
Creating placeholder cell definition.
Call to undefined subcircuit sg13_lv_pmos
Creating placeholder cell definition.
Call to undefined subcircuit dantenna
Creating placeholder cell definition.
Call to undefined subcircuit dpantenna
Creating placeholder cell definition.
Warning:  A case-insensitive file has been read and so the	verilog file must be treated case-insensitive to match.
Note:  Implicit pin Y in instance clkload0 of sg13g2_inv_4 in cell top_chip
Note:  Implicit pin Y in instance clkload1 of sg13g2_inv_2 in cell top_chip
Note:  Implicit pin X in instance clkload2 of sg13g2_buf_8 in cell top_chip
Note:  Implicit pin Y in instance clkload3 of sg13g2_inv_2 in cell top_chip
Note:  Implicit pin Y in instance clkload4 of sg13g2_inv_1 in cell top_chip
Note:  Implicit pin Y in instance clkload5 of sg13g2_inv_2 in cell top_chip
Note:  Implicit pin X in instance clkload6 of sg13g2_buf_1 in cell top_chip
Note:  Implicit pin Y in instance clkload7 of sg13g2_inv_2 in cell top_chip
Note:  Implicit pin Y in instance clkload8 of sg13g2_inv_1 in cell top_chip
Note:  Implicit pin Y in instance clkload9 of sg13g2_inv_2 in cell top_chip
Note:  Implicit pin Y in instance clkload10 of sg13g2_inv_2 in cell top_chip
Note:  Implicit pin Y in instance clkload11 of sg13g2_inv_2 in cell top_chip
Note:  Implicit pin X in instance clkload12 of sg13g2_buf_8 in cell top_chip
Note:  Implicit pin Y in instance clkload13 of sg13g2_inv_2 in cell top_chip
Note:  Implicit pin Y in instance clkload14 of sg13g2_inv_1 in cell top_chip
Note:  Implicit pin X in instance clkload15 of sg13g2_buf_8 in cell top_chip
Note:  Implicit pin Y in instance clkload16 of sg13g2_inv_2 in cell top_chip
Note:  Implicit pin Y in instance clkload17 of sg13g2_inv_4 in cell top_chip
Note:  Implicit pin Y in instance clkload18 of sg13g2_inv_1 in cell top_chip
Note:  Implicit pin Y in instance clkload19 of sg13g2_inv_1 in cell top_chip
Note:  Implicit pin Y in instance clkload20 of sg13g2_inv_4 in cell top_chip
Note:  Implicit pin Y in instance clkload21 of sg13g2_inv_1 in cell top_chip
Note:  Implicit pin X in instance clkload22 of sg13g2_buf_8 in cell top_chip
Note:  Implicit pin Y in instance clkload23 of sg13g2_inv_1 in cell top_chip
Note:  Implicit pin Y in instance clkload24 of sg13g2_inv_1 in cell top_chip
Note:  Implicit pin Y in instance clkload25 of sg13g2_inv_1 in cell top_chip
Note:  Implicit pin Y in instance clkload26 of sg13g2_inv_2 in cell top_chip
Note:  Implicit pin Y in instance clkload27 of sg13g2_inv_4 in cell top_chip
Note:  Implicit pin Y in instance clkload28 of sg13g2_inv_1 in cell top_chip
Note:  Implicit pin X in instance clkload29 of sg13g2_buf_8 in cell top_chip
Note:  Implicit pin X in instance clkload30 of sg13g2_buf_1 in cell top_chip
Note:  Implicit pin Y in instance clkload31 of sg13g2_inv_2 in cell top_chip
Note:  Implicit pin Y in instance clkload32 of sg13g2_inv_2 in cell top_chip
Note:  Implicit pin Y in instance clkload33 of sg13g2_inv_1 in cell top_chip
Note:  Implicit pin Y in instance clkload34 of sg13g2_inv_1 in cell top_chip
Note:  Implicit pin Y in instance clkload35 of sg13g2_inv_4 in cell top_chip
Note:  Implicit pin X in instance clkload36 of sg13g2_buf_8 in cell top_chip
Note:  Implicit pin X in instance clkload37 of sg13g2_buf_8 in cell top_chip
Note:  Implicit pin Y in instance clkload38 of sg13g2_inv_1 in cell top_chip
Note:  Implicit pin Y in instance clkload39 of sg13g2_inv_1 in cell top_chip
Note:  Implicit pin Y in instance clkload40 of sg13g2_inv_2 in cell top_chip
Note:  Implicit pin Y in instance clkload41 of sg13g2_inv_2 in cell top_chip
Note:  Implicit pin Y in instance clkload42 of sg13g2_inv_1 in cell top_chip
Note:  Implicit pin Y in instance clkload43 of sg13g2_inv_1 in cell top_chip
Note:  Implicit pin Y in instance clkload44 of sg13g2_inv_1 in cell top_chip
Note:  Implicit pin X in instance clkload45 of sg13g2_buf_8 in cell top_chip
Note:  Implicit pin Y in instance clkload46 of sg13g2_inv_2 in cell top_chip
Note:  Implicit pin Y in instance clkload47 of sg13g2_inv_1 in cell top_chip
Note:  Implicit pin Y in instance clkload48 of sg13g2_inv_1 in cell top_chip
Note:  Implicit pin X in instance clkload49 of sg13g2_buf_8 in cell top_chip
Note:  Implicit pin Y in instance clkload50 of sg13g2_inv_2 in cell top_chip
Note:  Implicit pin Y in instance clkload51 of sg13g2_inv_2 in cell top_chip
Note:  Implicit pin Y in instance clkload52 of sg13g2_inv_1 in cell top_chip
Note:  Implicit pin Y in instance clkload53 of sg13g2_inv_8 in cell top_chip
Note:  Implicit pin Y in instance clkload54 of sg13g2_inv_2 in cell top_chip
Note:  Implicit pin Y in instance clkload55 of sg13g2_inv_4 in cell top_chip
Note:  Implicit pin Y in instance clkload56 of sg13g2_inv_1 in cell top_chip
Note:  Implicit pin Y in instance clkload57 of sg13g2_inv_2 in cell top_chip
Note:  Implicit pin Y in instance clkload58 of sg13g2_inv_4 in cell top_chip
Note:  Implicit pin Y in instance clkload59 of sg13g2_inv_1 in cell top_chip
Note:  Implicit pin Y in instance clkload60 of sg13g2_inv_4 in cell top_chip
Note:  Implicit pin Y in instance clkload61 of sg13g2_inv_2 in cell top_chip
Note:  Implicit pin Y in instance clkload62 of sg13g2_inv_4 in cell top_chip
Note:  Implicit pin Y in instance clkload63 of sg13g2_inv_8 in cell top_chip
Note:  Implicit pin Y in instance clkload64 of sg13g2_inv_4 in cell top_chip
Note:  Implicit pin Y in instance clkload65 of sg13g2_inv_8 in cell top_chip
Note:  Implicit pin X in instance clkload66 of sg13g2_buf_8 in cell top_chip
Note:  Implicit pin Y in instance clkload67 of sg13g2_inv_8 in cell top_chip
Note:  Implicit pin Y in instance clkload68 of sg13g2_inv_4 in cell top_chip
Note:  Implicit pin Y in instance clkload69 of sg13g2_inv_1 in cell top_chip
Note:  Implicit pin X in instance clkload70 of sg13g2_buf_8 in cell top_chip
Note:  Implicit pin X in instance clkload71 of sg13g2_buf_8 in cell top_chip
Note:  Implicit pin Y in instance clkload72 of sg13g2_inv_2 in cell top_chip
Note:  Implicit pin Y in instance clkload73 of sg13g2_inv_8 in cell top_chip
Note:  Implicit pin X in instance clkload74 of sg13g2_buf_8 in cell top_chip
Note:  Implicit pin Y in instance clkload75 of sg13g2_inv_8 in cell top_chip
Note:  Implicit pin Y in instance clkload76 of sg13g2_inv_1 in cell top_chip
Note:  Implicit pin Y in instance clkload77 of sg13g2_inv_4 in cell top_chip
Note:  Implicit pin Y in instance clkload78 of sg13g2_inv_4 in cell top_chip
Note:  Implicit pin Y in instance clkload79 of sg13g2_inv_2 in cell top_chip
Note:  Implicit pin Y in instance clkload80 of sg13g2_inv_4 in cell top_chip
Note:  Implicit pin Y in instance clkload81 of sg13g2_inv_4 in cell top_chip
Note:  Implicit pin Y in instance clkload82 of sg13g2_inv_1 in cell top_chip
Note:  Implicit pin Y in instance clkload83 of sg13g2_inv_4 in cell top_chip
Note:  Implicit pin X in instance clkload84 of sg13g2_buf_8 in cell top_chip
Note:  Implicit pin Y in instance clkload85 of sg13g2_inv_4 in cell top_chip
Note:  Implicit pin Y in instance clkload86 of sg13g2_inv_8 in cell top_chip
Note:  Implicit pin Y in instance clkload87 of sg13g2_inv_4 in cell top_chip
Note:  Implicit pin X in instance clkload88 of sg13g2_buf_8 in cell top_chip
Note:  Implicit pin X in instance clkload89 of sg13g2_buf_8 in cell top_chip
Note:  Implicit pin Y in instance clkload90 of sg13g2_inv_8 in cell top_chip
Note:  Implicit pin X in instance clkload91 of sg13g2_buf_1 in cell top_chip
Note:  Implicit pin Y in instance clkload92 of sg13g2_inv_4 in cell top_chip
Note:  Implicit pin Y in instance clkload93 of sg13g2_inv_1 in cell top_chip
Note:  Implicit pin Y in instance clkload94 of sg13g2_inv_2 in cell top_chip
Note:  Implicit pin Y in instance clkload95 of sg13g2_inv_1 in cell top_chip
Note:  Implicit pin Y in instance clkload96 of sg13g2_inv_1 in cell top_chip
Note:  Implicit pin Y in instance clkload97 of sg13g2_inv_2 in cell top_chip
Note:  Implicit pin Y in instance clkload98 of sg13g2_inv_8 in cell top_chip
Note:  Implicit pin Y in instance clkload99 of sg13g2_inv_2 in cell top_chip
Note:  Implicit pin Y in instance clkload100 of sg13g2_inv_4 in cell top_chip
Note:  Implicit pin Y in instance clkload101 of sg13g2_inv_2 in cell top_chip
Note:  Implicit pin X in instance clkload102 of sg13g2_buf_8 in cell top_chip
Note:  Implicit pin Y in instance clkload103 of sg13g2_inv_4 in cell top_chip
Note:  Implicit pin Y in instance clkload104 of sg13g2_inv_4 in cell top_chip
Note:  Implicit pin Y in instance clkload105 of sg13g2_inv_8 in cell top_chip
Note:  Implicit pin Y in instance clkload106 of sg13g2_inv_2 in cell top_chip
Note:  Implicit pin Y in instance clkload107 of sg13g2_inv_1 in cell top_chip
Note:  Implicit pin Y in instance clkload108 of sg13g2_inv_1 in cell top_chip
Note:  Implicit pin Y in instance clkload109 of sg13g2_inv_2 in cell top_chip
Note:  Implicit pin Y in instance clkload110 of sg13g2_inv_4 in cell top_chip
Note:  Implicit pin X in instance clkload111 of sg13g2_buf_8 in cell top_chip
Note:  Implicit pin X in instance clkload112 of sg13g2_buf_8 in cell top_chip
Note:  Implicit pin Y in instance clkload113 of sg13g2_inv_8 in cell top_chip
Note:  Implicit pin X in instance clkload114 of sg13g2_buf_8 in cell top_chip
Note:  Implicit pin X in instance clkload115 of sg13g2_buf_8 in cell top_chip
Note:  Implicit pin X in instance clkload116 of sg13g2_buf_8 in cell top_chip
Note:  Implicit pin X in instance clkload117 of sg13g2_buf_8 in cell top_chip
Note:  Implicit pin Y in instance clkload118 of sg13g2_inv_4 in cell top_chip
Note:  Implicit pin Y in instance clkload119 of sg13g2_inv_4 in cell top_chip
Note:  Implicit pin Y in instance clkload120 of sg13g2_inv_2 in cell top_chip
Note:  Implicit pin Y in instance clkload121 of sg13g2_inv_1 in cell top_chip
Note:  Implicit pin Y in instance clkload122 of sg13g2_inv_2 in cell top_chip
Note:  Implicit pin Y in instance clkload123 of sg13g2_inv_1 in cell top_chip
Note:  Implicit pin Y in instance clkload124 of sg13g2_inv_4 in cell top_chip
Note:  Implicit pin Y in instance clkload125 of sg13g2_inv_8 in cell top_chip
Note:  Implicit pin Y in instance clkload126 of sg13g2_inv_1 in cell top_chip
Note:  Implicit pin Y in instance clkload127 of sg13g2_inv_8 in cell top_chip
Note:  Implicit pin Y in instance clkload128 of sg13g2_inv_4 in cell top_chip
Note:  Implicit pin Y in instance clkload129 of sg13g2_inv_2 in cell top_chip
Note:  Implicit pin Y in instance clkload130 of sg13g2_inv_2 in cell top_chip
Note:  Implicit pin Y in instance clkload131 of sg13g2_inv_1 in cell top_chip
Note:  Implicit pin Y in instance clkload132 of sg13g2_inv_2 in cell top_chip
Note:  Implicit pin Y in instance clkload133 of sg13g2_inv_1 in cell top_chip
Note:  Implicit pin Y in instance clkload134 of sg13g2_inv_2 in cell top_chip
Note:  Implicit pin Y in instance clkload135 of sg13g2_inv_2 in cell top_chip
Note:  Implicit pin Y in instance clkload136 of sg13g2_inv_4 in cell top_chip
Note:  Implicit pin Y in instance clkload137 of sg13g2_inv_1 in cell top_chip
Note:  Implicit pin Y in instance clkload138 of sg13g2_inv_8 in cell top_chip
Note:  Implicit pin Y in instance clkload139 of sg13g2_inv_2 in cell top_chip
Note:  Implicit pin X in instance clkload140 of sg13g2_buf_8 in cell top_chip
Note:  Implicit pin Y in instance clkload141 of sg13g2_inv_2 in cell top_chip
Note:  Implicit pin Y in instance clkload142 of sg13g2_inv_8 in cell top_chip
Note:  Implicit pin Y in instance clkload143 of sg13g2_inv_4 in cell top_chip
Note:  Implicit pin Y in instance clkload144 of sg13g2_inv_1 in cell top_chip
Note:  Implicit pin Y in instance clkload145 of sg13g2_inv_1 in cell top_chip
Note:  Implicit pin Y in instance clkload146 of sg13g2_inv_1 in cell top_chip
Note:  Implicit pin Y in instance clkload147 of sg13g2_inv_4 in cell top_chip
Note:  Implicit pin Y in instance clkload148 of sg13g2_inv_1 in cell top_chip
Note:  Implicit pin X in instance clkload149 of sg13g2_buf_8 in cell top_chip
Note:  Implicit pin Y in instance clkload150 of sg13g2_inv_4 in cell top_chip
Note:  Implicit pin Y in instance clkload151 of sg13g2_inv_1 in cell top_chip
Note:  Implicit pin X in instance clkload152 of sg13g2_buf_8 in cell top_chip
Note:  Implicit pin Y in instance clkload153 of sg13g2_inv_1 in cell top_chip
Note:  Implicit pin X in instance clkload154 of sg13g2_buf_8 in cell top_chip
Note:  Implicit pin Y in instance clkload155 of sg13g2_inv_4 in cell top_chip
Note:  Implicit pin Y in instance clkload156 of sg13g2_inv_2 in cell top_chip
Note:  Implicit pin Y in instance clkload157 of sg13g2_inv_1 in cell top_chip
Note:  Implicit pin Y in instance clkload158 of sg13g2_inv_1 in cell top_chip
Note:  Implicit pin Y in instance clkload159 of sg13g2_inv_1 in cell top_chip
Note:  Implicit pin Y in instance clkload160 of sg13g2_inv_1 in cell top_chip
Note:  Implicit pin X in instance clkload161 of sg13g2_buf_8 in cell top_chip
Note:  Implicit pin X in instance clkload162 of sg13g2_buf_8 in cell top_chip
Note:  Implicit pin Y in instance clkload163 of sg13g2_inv_1 in cell top_chip
Note:  Implicit pin Y in instance clkload164 of sg13g2_inv_1 in cell top_chip
Note:  Implicit pin Y in instance clkload165 of sg13g2_inv_1 in cell top_chip
Note:  Implicit pin Y in instance clkload166 of sg13g2_inv_2 in cell top_chip
Note:  Implicit pin Y in instance clkload167 of sg13g2_inv_4 in cell top_chip
Note:  Implicit pin Y in instance clkload168 of sg13g2_inv_1 in cell top_chip
Note:  Implicit pin Y in instance clkload169 of sg13g2_inv_1 in cell top_chip
Note:  Implicit pin Y in instance clkload170 of sg13g2_inv_2 in cell top_chip
Note:  Implicit pin Y in instance clkload171 of sg13g2_inv_4 in cell top_chip
Note:  Implicit pin Y in instance clkload172 of sg13g2_inv_1 in cell top_chip
Note:  Implicit pin Y in instance clkload173 of sg13g2_inv_2 in cell top_chip
Note:  Implicit pin Y in instance clkload174 of sg13g2_inv_8 in cell top_chip
Note:  Implicit pin Y in instance clkload175 of sg13g2_inv_1 in cell top_chip
Note:  Implicit pin Y in instance clkload176 of sg13g2_inv_1 in cell top_chip
Note:  Implicit pin X in instance clkload177 of sg13g2_buf_8 in cell top_chip
Note:  Implicit pin Y in instance clkload178 of sg13g2_inv_8 in cell top_chip
Note:  Implicit pin Y in instance clkload179 of sg13g2_inv_4 in cell top_chip
Note:  Implicit pin Y in instance clkload180 of sg13g2_inv_4 in cell top_chip
Note:  Implicit pin Y in instance clkload181 of sg13g2_inv_4 in cell top_chip
Note:  Implicit pin Y in instance clkload182 of sg13g2_inv_2 in cell top_chip
Note:  Implicit pin Y in instance clkload183 of sg13g2_inv_4 in cell top_chip
Note:  Implicit pin Y in instance clkload184 of sg13g2_inv_4 in cell top_chip
Note:  Implicit pin Y in instance clkload185 of sg13g2_inv_4 in cell top_chip
Note:  Implicit pin Y in instance clkload186 of sg13g2_inv_2 in cell top_chip
Note:  Implicit pin X in instance clkload187 of sg13g2_buf_8 in cell top_chip
Note:  Implicit pin Y in instance clkload188 of sg13g2_inv_1 in cell top_chip
Note:  Implicit pin Y in instance clkload189 of sg13g2_inv_2 in cell top_chip
Note:  Implicit pin Y in instance clkload190 of sg13g2_inv_2 in cell top_chip
Note:  Implicit pin Y in instance clkload191 of sg13g2_inv_2 in cell top_chip
Note:  Implicit pin Y in instance clkload192 of sg13g2_inv_1 in cell top_chip
Note:  Implicit pin Y in instance clkload193 of sg13g2_inv_2 in cell top_chip
Note:  Implicit pin X in instance clkload194 of sg13g2_buf_8 in cell top_chip
Note:  Implicit pin X in instance clkload195 of sg13g2_buf_8 in cell top_chip
Note:  Implicit pin Y in instance clkload196 of sg13g2_inv_1 in cell top_chip
Note:  Implicit pin Y in instance clkload197 of sg13g2_inv_2 in cell top_chip
Note:  Implicit pin Y in instance clkload198 of sg13g2_inv_1 in cell top_chip
Note:  Implicit pin Y in instance clkload199 of sg13g2_inv_1 in cell top_chip
Note:  Implicit pin X in instance clkload200 of sg13g2_buf_8 in cell top_chip
Note:  Implicit pin Y in instance clkload201 of sg13g2_inv_1 in cell top_chip
Note:  Implicit pin Y in instance clkload202 of sg13g2_inv_1 in cell top_chip
Note:  Implicit pin Y in instance clkload203 of sg13g2_inv_1 in cell top_chip
Note:  Implicit pin Y in instance clkload204 of sg13g2_inv_4 in cell top_chip
Note:  Implicit pin X in instance clkload205 of sg13g2_buf_8 in cell top_chip
Note:  Implicit pin Y in instance clkload206 of sg13g2_inv_4 in cell top_chip
Note:  Implicit pin Y in instance clkload207 of sg13g2_inv_4 in cell top_chip
Note:  Implicit pin Y in instance clkload208 of sg13g2_inv_2 in cell top_chip
Note:  Implicit pin Y in instance clkload209 of sg13g2_inv_2 in cell top_chip
Note:  Implicit pin Y in instance clkload210 of sg13g2_inv_4 in cell top_chip
Note:  Implicit pin Y in instance clkload211 of sg13g2_inv_8 in cell top_chip
Note:  Implicit pin Y in instance clkload212 of sg13g2_inv_1 in cell top_chip
Note:  Implicit pin Y in instance clkload213 of sg13g2_inv_2 in cell top_chip
Note:  Implicit pin X in instance clkload214 of sg13g2_buf_8 in cell top_chip
Note:  Implicit pin Y in instance clkload215 of sg13g2_inv_1 in cell top_chip
Note:  Implicit pin Y in instance clkload216 of sg13g2_inv_1 in cell top_chip
Note:  Implicit pin Y in instance clkload217 of sg13g2_inv_2 in cell top_chip
Note:  Implicit pin X in instance clkload218 of sg13g2_buf_8 in cell top_chip
Note:  Implicit pin Y in instance clkload219 of sg13g2_inv_2 in cell top_chip
Note:  Implicit pin Y in instance clkload220 of sg13g2_inv_2 in cell top_chip
Note:  Implicit pin Y in instance clkload221 of sg13g2_inv_1 in cell top_chip
Note:  Implicit pin Y in instance clkload222 of sg13g2_inv_1 in cell top_chip
Treating empty subcircuits as black-box cells
Generating JSON file result

Reading setup file /nix/store/sfc122jplczjy5i6pd5radwb3k94mh33-python3.12-librelane-3.0.0.dev45/lib/python3.12/site-packages/librelane/scripts/netgen/setup.tcl

Model sg13_lv_nmos pin 1 == 3
No property trise found for device sg13_lv_nmos
No property z1 found for device sg13_lv_nmos
No property z2 found for device sg13_lv_nmos
No property wmin found for device sg13_lv_nmos
No property rfmode found for device sg13_lv_nmos
No property pre_layout found for device sg13_lv_nmos
Model sg13_lv_pmos pin 1 == 3
No property trise found for device sg13_lv_pmos
No property z1 found for device sg13_lv_pmos
No property z2 found for device sg13_lv_pmos
No property wmin found for device sg13_lv_pmos
No property rfmode found for device sg13_lv_pmos
No property pre_layout found for device sg13_lv_pmos
No property DEV_A found for device dantenna
No property DEV_P found for device dantenna
No property DEV_C found for device dantenna
No property DEV_A found for device dpantenna
No property DEV_P found for device dpantenna
No property DEV_C found for device dpantenna
Comparison output logged to file /home/designer/shared/FFT/parallel_fft/runs/RUN_2026-01-23_18-35-33/69-netgen-lvs/reports/lvs.netgen.rpt
Logging to file "/home/designer/shared/FFT/parallel_fft/runs/RUN_2026-01-23_18-35-33/69-netgen-lvs/reports/lvs.netgen.rpt" enabled

Contents of circuit 1:  Circuit: 'sg13g2_xor2_1'
Circuit sg13g2_xor2_1 contains 0 device instances.
Circuit contains 0 nets, and 5 disconnected pins.
Contents of circuit 2:  Circuit: 'sg13g2_xor2_1'
Circuit sg13g2_xor2_1 contains 10 device instances.
  Class: sg13_lv_pmos          instances:   5
  Class: sg13_lv_nmos          instances:   5
Circuit contains 9 nets.

Circuit sg13g2_xor2_1 contains no devices.

Contents of circuit 1:  Circuit: 'sg13g2_decap_8'
Circuit sg13g2_decap_8 contains 0 device instances.
Circuit contains 0 nets, and 2 disconnected pins.
Contents of circuit 2:  Circuit: 'sg13g2_decap_8'
Circuit sg13g2_decap_8 contains 2 device instances.
  Class: sg13_lv_pmos          instances:   1
  Class: sg13_lv_nmos          instances:   1
Circuit contains 2 nets.

Circuit sg13g2_decap_8 contains no devices.

Contents of circuit 1:  Circuit: 'sg13g2_fill_2'
Circuit sg13g2_fill_2 contains 0 device instances.
Circuit contains 0 nets, and 2 disconnected pins.
Contents of circuit 2:  Circuit: 'sg13g2_fill_2'
Circuit sg13g2_fill_2 contains 0 device instances.
Circuit contains 0 nets, and 2 disconnected pins.

Circuit sg13g2_fill_2 contains no devices.

Contents of circuit 1:  Circuit: 'sg13g2_fill_1'
Circuit sg13g2_fill_1 contains 0 device instances.
Circuit contains 0 nets, and 2 disconnected pins.
Contents of circuit 2:  Circuit: 'sg13g2_fill_1'
Circuit sg13g2_fill_1 contains 0 device instances.
Circuit contains 0 nets, and 2 disconnected pins.

Circuit sg13g2_fill_1 contains no devices.

Contents of circuit 1:  Circuit: 'sg13g2_nand2_1'
Circuit sg13g2_nand2_1 contains 0 device instances.
Circuit contains 0 nets, and 5 disconnected pins.
Contents of circuit 2:  Circuit: 'sg13g2_nand2_1'
Circuit sg13g2_nand2_1 contains 4 device instances.
  Class: sg13_lv_pmos          instances:   2
  Class: sg13_lv_nmos          instances:   2
Circuit contains 6 nets.

Circuit sg13g2_nand2_1 contains no devices.

Contents of circuit 1:  Circuit: 'sg13g2_nand3_1'
Circuit sg13g2_nand3_1 contains 0 device instances.
Circuit contains 0 nets, and 6 disconnected pins.
Contents of circuit 2:  Circuit: 'sg13g2_nand3_1'
Circuit sg13g2_nand3_1 contains 6 device instances.
  Class: sg13_lv_pmos          instances:   3
  Class: sg13_lv_nmos          instances:   3
Circuit contains 8 nets.

Circuit sg13g2_nand3_1 contains no devices.

Contents of circuit 1:  Circuit: 'sg13g2_decap_4'
Circuit sg13g2_decap_4 contains 0 device instances.
Circuit contains 0 nets, and 2 disconnected pins.
Contents of circuit 2:  Circuit: 'sg13g2_decap_4'
Circuit sg13g2_decap_4 contains 2 device instances.
  Class: sg13_lv_pmos          instances:   1
  Class: sg13_lv_nmos          instances:   1
Circuit contains 2 nets.

Circuit sg13g2_decap_4 contains no devices.

Contents of circuit 1:  Circuit: 'sg13g2_mux4_1'
Circuit sg13g2_mux4_1 contains 0 device instances.
Circuit contains 0 nets, and 9 disconnected pins.
Contents of circuit 2:  Circuit: 'sg13g2_mux4_1'
Circuit sg13g2_mux4_1 contains 26 device instances.
  Class: sg13_lv_pmos          instances:  13
  Class: sg13_lv_nmos          instances:  13
Circuit contains 22 nets.

Circuit sg13g2_mux4_1 contains no devices.

Contents of circuit 1:  Circuit: 'sg13g2_nand2b_1'
Circuit sg13g2_nand2b_1 contains 0 device instances.
Circuit contains 0 nets, and 5 disconnected pins.
Contents of circuit 2:  Circuit: 'sg13g2_nand2b_1'
Circuit sg13g2_nand2b_1 contains 6 device instances.
  Class: sg13_lv_pmos          instances:   3
  Class: sg13_lv_nmos          instances:   3
Circuit contains 7 nets.

Circuit sg13g2_nand2b_1 contains no devices.

Contents of circuit 1:  Circuit: 'sg13g2_a221oi_1'
Circuit sg13g2_a221oi_1 contains 0 device instances.
Circuit contains 0 nets, and 8 disconnected pins.
Contents of circuit 2:  Circuit: 'sg13g2_a221oi_1'
Circuit sg13g2_a221oi_1 contains 10 device instances.
  Class: sg13_lv_pmos          instances:   5
  Class: sg13_lv_nmos          instances:   5
Circuit contains 12 nets.

Circuit sg13g2_a221oi_1 contains no devices.

Contents of circuit 1:  Circuit: 'sg13g2_a22oi_1'
Circuit sg13g2_a22oi_1 contains 0 device instances.
Circuit contains 0 nets, and 7 disconnected pins.
Contents of circuit 2:  Circuit: 'sg13g2_a22oi_1'
Circuit sg13g2_a22oi_1 contains 8 device instances.
  Class: sg13_lv_pmos          instances:   4
  Class: sg13_lv_nmos          instances:   4
Circuit contains 10 nets.

Circuit sg13g2_a22oi_1 contains no devices.

Contents of circuit 1:  Circuit: 'sg13g2_nand4_1'
Circuit sg13g2_nand4_1 contains 0 device instances.
Circuit contains 0 nets, and 7 disconnected pins.
Contents of circuit 2:  Circuit: 'sg13g2_nand4_1'
Circuit sg13g2_nand4_1 contains 8 device instances.
  Class: sg13_lv_pmos          instances:   4
  Class: sg13_lv_nmos          instances:   4
Circuit contains 10 nets.

Circuit sg13g2_nand4_1 contains no devices.

Contents of circuit 1:  Circuit: 'sg13g2_o21ai_1'
Circuit sg13g2_o21ai_1 contains 0 device instances.
Circuit contains 0 nets, and 6 disconnected pins.
Contents of circuit 2:  Circuit: 'sg13g2_o21ai_1'
Circuit sg13g2_o21ai_1 contains 6 device instances.
  Class: sg13_lv_pmos          instances:   3
  Class: sg13_lv_nmos          instances:   3
Circuit contains 8 nets.

Circuit sg13g2_o21ai_1 contains no devices.

Contents of circuit 1:  Circuit: 'sg13g2_tiehi'
Circuit sg13g2_tiehi contains 0 device instances.
Circuit contains 0 nets, and 3 disconnected pins.
Contents of circuit 2:  Circuit: 'sg13g2_tiehi'
Circuit sg13g2_tiehi contains 4 device instances.
  Class: sg13_lv_pmos          instances:   2
  Class: sg13_lv_nmos          instances:   2
Circuit contains 6 nets.

Circuit sg13g2_tiehi contains no devices.

Contents of circuit 1:  Circuit: 'sg13g2_or3_1'
Circuit sg13g2_or3_1 contains 0 device instances.
Circuit contains 0 nets, and 6 disconnected pins.
Contents of circuit 2:  Circuit: 'sg13g2_or3_1'
Circuit sg13g2_or3_1 contains 8 device instances.
  Class: sg13_lv_pmos          instances:   4
  Class: sg13_lv_nmos          instances:   4
Circuit contains 9 nets.

Circuit sg13g2_or3_1 contains no devices.

Contents of circuit 1:  Circuit: 'sg13g2_nand2_2'
Circuit sg13g2_nand2_2 contains 0 device instances.
Circuit contains 0 nets, and 5 disconnected pins.
Contents of circuit 2:  Circuit: 'sg13g2_nand2_2'
Circuit sg13g2_nand2_2 contains 4 device instances.
  Class: sg13_lv_pmos          instances:   2
  Class: sg13_lv_nmos          instances:   2
Circuit contains 6 nets.

Circuit sg13g2_nand2_2 contains no devices.

Contents of circuit 1:  Circuit: 'sg13g2_nor2b_1'
Circuit sg13g2_nor2b_1 contains 0 device instances.
Circuit contains 0 nets, and 5 disconnected pins.
Contents of circuit 2:  Circuit: 'sg13g2_nor2b_1'
Circuit sg13g2_nor2b_1 contains 6 device instances.
  Class: sg13_lv_pmos          instances:   3
  Class: sg13_lv_nmos          instances:   3
Circuit contains 7 nets.

Circuit sg13g2_nor2b_1 contains no devices.

Contents of circuit 1:  Circuit: 'sg13g2_a21o_1'
Circuit sg13g2_a21o_1 contains 0 device instances.
Circuit contains 0 nets, and 6 disconnected pins.
Contents of circuit 2:  Circuit: 'sg13g2_a21o_1'
Circuit sg13g2_a21o_1 contains 8 device instances.
  Class: sg13_lv_pmos          instances:   4
  Class: sg13_lv_nmos          instances:   4
Circuit contains 9 nets.

Circuit sg13g2_a21o_1 contains no devices.

Contents of circuit 1:  Circuit: 'sg13g2_xnor2_1'
Circuit sg13g2_xnor2_1 contains 0 device instances.
Circuit contains 0 nets, and 5 disconnected pins.
Contents of circuit 2:  Circuit: 'sg13g2_xnor2_1'
Circuit sg13g2_xnor2_1 contains 10 device instances.
  Class: sg13_lv_pmos          instances:   5
  Class: sg13_lv_nmos          instances:   5
Circuit contains 9 nets.

Circuit sg13g2_xnor2_1 contains no devices.

Contents of circuit 1:  Circuit: 'sg13g2_a21oi_1'
Circuit sg13g2_a21oi_1 contains 0 device instances.
Circuit contains 0 nets, and 6 disconnected pins.
Contents of circuit 2:  Circuit: 'sg13g2_a21oi_1'
Circuit sg13g2_a21oi_1 contains 6 device instances.
  Class: sg13_lv_pmos          instances:   3
  Class: sg13_lv_nmos          instances:   3
Circuit contains 8 nets.

Circuit sg13g2_a21oi_1 contains no devices.

Contents of circuit 1:  Circuit: 'sg13g2_nor2_1'
Circuit sg13g2_nor2_1 contains 0 device instances.
Circuit contains 0 nets, and 5 disconnected pins.
Contents of circuit 2:  Circuit: 'sg13g2_nor2_1'
Circuit sg13g2_nor2_1 contains 4 device instances.
  Class: sg13_lv_pmos          instances:   2
  Class: sg13_lv_nmos          instances:   2
Circuit contains 6 nets.

Circuit sg13g2_nor2_1 contains no devices.

Contents of circuit 1:  Circuit: 'sg13g2_mux2_1'
Circuit sg13g2_mux2_1 contains 0 device instances.
Circuit contains 0 nets, and 6 disconnected pins.
Contents of circuit 2:  Circuit: 'sg13g2_mux2_1'
Circuit sg13g2_mux2_1 contains 12 device instances.
  Class: sg13_lv_pmos          instances:   6
  Class: sg13_lv_nmos          instances:   6
Circuit contains 12 nets.

Circuit sg13g2_mux2_1 contains no devices.

Contents of circuit 1:  Circuit: 'sg13g2_buf_8'
Circuit sg13g2_buf_8 contains 0 device instances.
Circuit contains 0 nets, and 4 disconnected pins.
Contents of circuit 2:  Circuit: 'sg13g2_buf_8'
Circuit sg13g2_buf_8 contains 4 device instances.
  Class: sg13_lv_pmos          instances:   2
  Class: sg13_lv_nmos          instances:   2
Circuit contains 5 nets.

Circuit sg13g2_buf_8 contains no devices.

Contents of circuit 1:  Circuit: 'sg13g2_and2_1'
Circuit sg13g2_and2_1 contains 0 device instances.
Circuit contains 0 nets, and 5 disconnected pins.
Contents of circuit 2:  Circuit: 'sg13g2_and2_1'
Circuit sg13g2_and2_1 contains 6 device instances.
  Class: sg13_lv_pmos          instances:   3
  Class: sg13_lv_nmos          instances:   3
Circuit contains 7 nets.

Circuit sg13g2_and2_1 contains no devices.

Contents of circuit 1:  Circuit: 'sg13g2_a21oi_2'
Circuit sg13g2_a21oi_2 contains 0 device instances.
Circuit contains 0 nets, and 6 disconnected pins.
Contents of circuit 2:  Circuit: 'sg13g2_a21oi_2'
Circuit sg13g2_a21oi_2 contains 6 device instances.
  Class: sg13_lv_pmos          instances:   3
  Class: sg13_lv_nmos          instances:   3
Circuit contains 8 nets.

Circuit sg13g2_a21oi_2 contains no devices.

Contents of circuit 1:  Circuit: 'sg13g2_dfrbpq_2'
Circuit sg13g2_dfrbpq_2 contains 0 device instances.
Circuit contains 0 nets, and 6 disconnected pins.
Contents of circuit 2:  Circuit: 'sg13g2_dfrbpq_2'
Circuit sg13g2_dfrbpq_2 contains 32 device instances.
  Class: sg13_lv_pmos          instances:  16
  Class: sg13_lv_nmos          instances:  16
Circuit contains 21 nets.

Circuit sg13g2_dfrbpq_2 contains no devices.

Contents of circuit 1:  Circuit: 'sg13g2_dfrbpq_1'
Circuit sg13g2_dfrbpq_1 contains 0 device instances.
Circuit contains 0 nets, and 6 disconnected pins.
Contents of circuit 2:  Circuit: 'sg13g2_dfrbpq_1'
Circuit sg13g2_dfrbpq_1 contains 32 device instances.
  Class: sg13_lv_pmos          instances:  16
  Class: sg13_lv_nmos          instances:  16
Circuit contains 21 nets.

Circuit sg13g2_dfrbpq_1 contains no devices.

Contents of circuit 1:  Circuit: 'sg13g2_nor2b_2'
Circuit sg13g2_nor2b_2 contains 0 device instances.
Circuit contains 0 nets, and 5 disconnected pins.
Contents of circuit 2:  Circuit: 'sg13g2_nor2b_2'
Circuit sg13g2_nor2b_2 contains 6 device instances.
  Class: sg13_lv_pmos          instances:   3
  Class: sg13_lv_nmos          instances:   3
Circuit contains 7 nets.

Circuit sg13g2_nor2b_2 contains no devices.

Contents of circuit 1:  Circuit: 'sg13g2_buf_2'
Circuit sg13g2_buf_2 contains 0 device instances.
Circuit contains 0 nets, and 4 disconnected pins.
Contents of circuit 2:  Circuit: 'sg13g2_buf_2'
Circuit sg13g2_buf_2 contains 4 device instances.
  Class: sg13_lv_pmos          instances:   2
  Class: sg13_lv_nmos          instances:   2
Circuit contains 5 nets.

Circuit sg13g2_buf_2 contains no devices.

Contents of circuit 1:  Circuit: 'sg13g2_or2_1'
Circuit sg13g2_or2_1 contains 0 device instances.
Circuit contains 0 nets, and 5 disconnected pins.
Contents of circuit 2:  Circuit: 'sg13g2_or2_1'
Circuit sg13g2_or2_1 contains 6 device instances.
  Class: sg13_lv_pmos          instances:   3
  Class: sg13_lv_nmos          instances:   3
Circuit contains 7 nets.

Circuit sg13g2_or2_1 contains no devices.

Contents of circuit 1:  Circuit: 'sg13g2_nor3_1'
Circuit sg13g2_nor3_1 contains 0 device instances.
Circuit contains 0 nets, and 6 disconnected pins.
Contents of circuit 2:  Circuit: 'sg13g2_nor3_1'
Circuit sg13g2_nor3_1 contains 6 device instances.
  Class: sg13_lv_pmos          instances:   3
  Class: sg13_lv_nmos          instances:   3
Circuit contains 8 nets.

Circuit sg13g2_nor3_1 contains no devices.

Contents of circuit 1:  Circuit: 'sg13g2_inv_1'
Circuit sg13g2_inv_1 contains 0 device instances.
Circuit contains 0 nets, and 4 disconnected pins.
Contents of circuit 2:  Circuit: 'sg13g2_inv_1'
Circuit sg13g2_inv_1 contains 2 device instances.
  Class: sg13_lv_pmos          instances:   1
  Class: sg13_lv_nmos          instances:   1
Circuit contains 4 nets.

Circuit sg13g2_inv_1 contains no devices.

Contents of circuit 1:  Circuit: 'sg13g2_nor2_2'
Circuit sg13g2_nor2_2 contains 0 device instances.
Circuit contains 0 nets, and 5 disconnected pins.
Contents of circuit 2:  Circuit: 'sg13g2_nor2_2'
Circuit sg13g2_nor2_2 contains 4 device instances.
  Class: sg13_lv_pmos          instances:   2
  Class: sg13_lv_nmos          instances:   2
Circuit contains 6 nets.

Circuit sg13g2_nor2_2 contains no devices.

Contents of circuit 1:  Circuit: 'sg13g2_buf_1'
Circuit sg13g2_buf_1 contains 0 device instances.
Circuit contains 0 nets, and 4 disconnected pins.
Contents of circuit 2:  Circuit: 'sg13g2_buf_1'
Circuit sg13g2_buf_1 contains 4 device instances.
  Class: sg13_lv_pmos          instances:   2
  Class: sg13_lv_nmos          instances:   2
Circuit contains 5 nets.

Circuit sg13g2_buf_1 contains no devices.

Contents of circuit 1:  Circuit: 'sg13g2_tielo'
Circuit sg13g2_tielo contains 0 device instances.
Circuit contains 0 nets, and 3 disconnected pins.
Contents of circuit 2:  Circuit: 'sg13g2_tielo'
Circuit sg13g2_tielo contains 4 device instances.
  Class: sg13_lv_pmos          instances:   2
  Class: sg13_lv_nmos          instances:   2
Circuit contains 6 nets.

Circuit sg13g2_tielo contains no devices.

Contents of circuit 1:  Circuit: 'sg13g2_a21o_2'
Circuit sg13g2_a21o_2 contains 0 device instances.
Circuit contains 0 nets, and 6 disconnected pins.
Contents of circuit 2:  Circuit: 'sg13g2_a21o_2'
Circuit sg13g2_a21o_2 contains 8 device instances.
  Class: sg13_lv_pmos          instances:   4
  Class: sg13_lv_nmos          instances:   4
Circuit contains 9 nets.

Circuit sg13g2_a21o_2 contains no devices.

Contents of circuit 1:  Circuit: 'sg13g2_and3_1'
Circuit sg13g2_and3_1 contains 0 device instances.
Circuit contains 0 nets, and 6 disconnected pins.
Contents of circuit 2:  Circuit: 'sg13g2_and3_1'
Circuit sg13g2_and3_1 contains 8 device instances.
  Class: sg13_lv_pmos          instances:   4
  Class: sg13_lv_nmos          instances:   4
Circuit contains 9 nets.

Circuit sg13g2_and3_1 contains no devices.

Contents of circuit 1:  Circuit: 'sg13g2_inv_2'
Circuit sg13g2_inv_2 contains 0 device instances.
Circuit contains 0 nets, and 4 disconnected pins.
Contents of circuit 2:  Circuit: 'sg13g2_inv_2'
Circuit sg13g2_inv_2 contains 2 device instances.
  Class: sg13_lv_pmos          instances:   1
  Class: sg13_lv_nmos          instances:   1
Circuit contains 4 nets.

Circuit sg13g2_inv_2 contains no devices.

Contents of circuit 1:  Circuit: 'sg13g2_and4_1'
Circuit sg13g2_and4_1 contains 0 device instances.
Circuit contains 0 nets, and 7 disconnected pins.
Contents of circuit 2:  Circuit: 'sg13g2_and4_1'
Circuit sg13g2_and4_1 contains 10 device instances.
  Class: sg13_lv_pmos          instances:   5
  Class: sg13_lv_nmos          instances:   5
Circuit contains 11 nets.

Circuit sg13g2_and4_1 contains no devices.

Contents of circuit 1:  Circuit: 'sg13g2_and3_2'
Circuit sg13g2_and3_2 contains 0 device instances.
Circuit contains 0 nets, and 6 disconnected pins.
Contents of circuit 2:  Circuit: 'sg13g2_and3_2'
Circuit sg13g2_and3_2 contains 8 device instances.
  Class: sg13_lv_pmos          instances:   4
  Class: sg13_lv_nmos          instances:   4
Circuit contains 9 nets.

Circuit sg13g2_and3_2 contains no devices.

Contents of circuit 1:  Circuit: 'sg13g2_nand3b_1'
Circuit sg13g2_nand3b_1 contains 0 device instances.
Circuit contains 0 nets, and 6 disconnected pins.
Contents of circuit 2:  Circuit: 'sg13g2_nand3b_1'
Circuit sg13g2_nand3b_1 contains 8 device instances.
  Class: sg13_lv_pmos          instances:   4
  Class: sg13_lv_nmos          instances:   4
Circuit contains 9 nets.

Circuit sg13g2_nand3b_1 contains no devices.

Contents of circuit 1:  Circuit: 'sg13g2_inv_8'
Circuit sg13g2_inv_8 contains 0 device instances.
Circuit contains 0 nets, and 4 disconnected pins.
Contents of circuit 2:  Circuit: 'sg13g2_inv_8'
Circuit sg13g2_inv_8 contains 2 device instances.
  Class: sg13_lv_pmos          instances:   1
  Class: sg13_lv_nmos          instances:   1
Circuit contains 4 nets.

Circuit sg13g2_inv_8 contains no devices.

Contents of circuit 1:  Circuit: 'sg13g2_inv_4'
Circuit sg13g2_inv_4 contains 0 device instances.
Circuit contains 0 nets, and 4 disconnected pins.
Contents of circuit 2:  Circuit: 'sg13g2_inv_4'
Circuit sg13g2_inv_4 contains 2 device instances.
  Class: sg13_lv_pmos          instances:   1
  Class: sg13_lv_nmos          instances:   1
Circuit contains 4 nets.

Circuit sg13g2_inv_4 contains no devices.

Contents of circuit 1:  Circuit: 'sg13g2_or4_1'
Circuit sg13g2_or4_1 contains 0 device instances.
Circuit contains 0 nets, and 7 disconnected pins.
Contents of circuit 2:  Circuit: 'sg13g2_or4_1'
Circuit sg13g2_or4_1 contains 10 device instances.
  Class: sg13_lv_pmos          instances:   5
  Class: sg13_lv_nmos          instances:   5
Circuit contains 11 nets.

Circuit sg13g2_or4_1 contains no devices.

Contents of circuit 1:  Circuit: 'sg13g2_nor4_1'
Circuit sg13g2_nor4_1 contains 0 device instances.
Circuit contains 0 nets, and 7 disconnected pins.
Contents of circuit 2:  Circuit: 'sg13g2_nor4_1'
Circuit sg13g2_nor4_1 contains 8 device instances.
  Class: sg13_lv_pmos          instances:   4
  Class: sg13_lv_nmos          instances:   4
Circuit contains 10 nets.

Circuit sg13g2_nor4_1 contains no devices.

Contents of circuit 1:  Circuit: 'sg13g2_nand2b_2'
Circuit sg13g2_nand2b_2 contains 0 device instances.
Circuit contains 0 nets, and 5 disconnected pins.
Contents of circuit 2:  Circuit: 'sg13g2_nand2b_2'
Circuit sg13g2_nand2b_2 contains 6 device instances.
  Class: sg13_lv_pmos          instances:   3
  Class: sg13_lv_nmos          instances:   3
Circuit contains 7 nets.

Circuit sg13g2_nand2b_2 contains no devices.

Contents of circuit 1:  Circuit: 'sg13g2_nor3_2'
Circuit sg13g2_nor3_2 contains 0 device instances.
Circuit contains 0 nets, and 6 disconnected pins.
Contents of circuit 2:  Circuit: 'sg13g2_nor3_2'
Circuit sg13g2_nor3_2 contains 6 device instances.
  Class: sg13_lv_pmos          instances:   3
  Class: sg13_lv_nmos          instances:   3
Circuit contains 8 nets.

Circuit sg13g2_nor3_2 contains no devices.

Contents of circuit 1:  Circuit: 'sg13g2_nor4_2'
Circuit sg13g2_nor4_2 contains 0 device instances.
Circuit contains 0 nets, and 7 disconnected pins.
Contents of circuit 2:  Circuit: 'sg13g2_nor4_2'
Circuit sg13g2_nor4_2 contains 8 device instances.
  Class: sg13_lv_pmos          instances:   4
  Class: sg13_lv_nmos          instances:   4
Circuit contains 10 nets.

Circuit sg13g2_nor4_2 contains no devices.

Contents of circuit 1:  Circuit: 'sg13g2_ebufn_8'
Circuit sg13g2_ebufn_8 contains 0 device instances.
Circuit contains 0 nets, and 5 disconnected pins.
Contents of circuit 2:  Circuit: 'sg13g2_ebufn_8'
Circuit sg13g2_ebufn_8 contains 8 device instances.
  Class: sg13_lv_pmos          instances:   4
  Class: sg13_lv_nmos          instances:   4
Circuit contains 9 nets.

Circuit sg13g2_ebufn_8 contains no devices.

Contents of circuit 1:  Circuit: 'sg13g2_antennanp'
Circuit sg13g2_antennanp contains 0 device instances.
Circuit contains 0 nets, and 3 disconnected pins.
Contents of circuit 2:  Circuit: 'sg13g2_antennanp'
Circuit sg13g2_antennanp contains 2 device instances.
  Class: dpantenna             instances:   1
  Class: dantenna              instances:   1
Circuit contains 3 nets.

Circuit sg13g2_antennanp contains no devices.

Contents of circuit 1:  Circuit: 'top_chip'
Circuit top_chip contains 58867 device instances.
  Class: sg13g2_antennanp      instances:   4
  Class: sg13g2_dfrbpq_1       instances: 2883
  Class: sg13g2_and3_1         instances: 122
  Class: sg13g2_dfrbpq_2       instances: 620
  Class: sg13g2_and3_2         instances:  38
  Class: sg13g2_or2_1          instances: 290
  Class: sg13g2_nor2b_1        instances: 787
  Class: sg13g2_nor2b_2        instances:  42
  Class: sg13g2_nand3_1        instances: 600
  Class: sg13g2_mux2_1         instances: 1613
  Class: sg13g2_decap_4        instances: 3982
  Class: sg13g2_decap_8        instances: 13724
  Class: sg13g2_and2_1         instances: 436
  Class: sg13g2_tiehi          instances: 3250
  Class: sg13g2_nor4_1         instances:  16
  Class: sg13g2_nor4_2         instances:   3
  Class: sg13g2_nand2_1        instances: 1686
  Class: sg13g2_nand2_2        instances: 332
  Class: sg13g2_ebufn_8        instances:   1
  Class: sg13g2_nor3_1         instances: 229
  Class: sg13g2_nor3_2         instances:  27
  Class: sg13g2_nand3b_1       instances:  30
  Class: sg13g2_fill_1         instances: 6591
  Class: sg13g2_fill_2         instances: 6241
  Class: sg13g2_or4_1          instances:   5
  Class: sg13g2_tielo          instances:  20
  Class: sg13g2_nor2_1         instances: 1485
  Class: sg13g2_nor2_2         instances:  96
  Class: sg13g2_buf_1          instances: 183
  Class: sg13g2_buf_2          instances: 158
  Class: sg13g2_buf_8          instances: 1804
  Class: sg13g2_a22oi_1        instances: 331
  Class: sg13g2_o21ai_1        instances: 1977
  Class: sg13g2_a21oi_1        instances: 1702
  Class: sg13g2_a21oi_2        instances: 158
  Class: sg13g2_a21o_1         instances: 558
  Class: sg13g2_a21o_2         instances:  39
  Class: sg13g2_nand2b_1       instances: 793
  Class: sg13g2_nand2b_2       instances:  43
  Class: sg13g2_a221oi_1       instances:  47
  Class: sg13g2_inv_1          instances: 647
  Class: sg13g2_inv_2          instances: 151
  Class: sg13g2_inv_4          instances:  84
  Class: sg13g2_inv_8          instances:  18
  Class: sg13g2_xor2_1         instances: 1690
  Class: sg13g2_mux4_1         instances: 136
  Class: sg13g2_xnor2_1        instances: 2802
  Class: sg13g2_and4_1         instances: 101
  Class: sg13g2_or3_1          instances: 159
  Class: sg13g2_nand4_1        instances: 133
Circuit contains 28333 nets.
Contents of circuit 2:  Circuit: 'top_chip'
Circuit top_chip contains 58867 device instances.
  Class: sg13g2_antennanp      instances:   4
  Class: sg13g2_dfrbpq_1       instances: 2883
  Class: sg13g2_dfrbpq_2       instances: 620
  Class: sg13g2_and3_1         instances: 122
  Class: sg13g2_and3_2         instances:  38
  Class: sg13g2_or2_1          instances: 290
  Class: sg13g2_nor2b_1        instances: 787
  Class: sg13g2_nor2b_2        instances:  42
  Class: sg13g2_nand3_1        instances: 600
  Class: sg13g2_mux2_1         instances: 1613
  Class: sg13g2_decap_4        instances: 3982
  Class: sg13g2_decap_8        instances: 13724
  Class: sg13g2_and2_1         instances: 436
  Class: sg13g2_tiehi          instances: 3250
  Class: sg13g2_nor4_1         instances:  16
  Class: sg13g2_nor4_2         instances:   3
  Class: sg13g2_nand2_1        instances: 1686
  Class: sg13g2_nand2_2        instances: 332
  Class: sg13g2_ebufn_8        instances:   1
  Class: sg13g2_nor3_1         instances: 229
  Class: sg13g2_nor3_2         instances:  27
  Class: sg13g2_nand3b_1       instances:  30
  Class: sg13g2_fill_1         instances: 6591
  Class: sg13g2_fill_2         instances: 6241
  Class: sg13g2_tielo          instances:  20
  Class: sg13g2_or4_1          instances:   5
  Class: sg13g2_nor2_1         instances: 1485
  Class: sg13g2_nor2_2         instances:  96
  Class: sg13g2_buf_1          instances: 183
  Class: sg13g2_buf_2          instances: 158
  Class: sg13g2_buf_8          instances: 1804
  Class: sg13g2_a22oi_1        instances: 331
  Class: sg13g2_o21ai_1        instances: 1977
  Class: sg13g2_a21oi_1        instances: 1702
  Class: sg13g2_a21oi_2        instances: 158
  Class: sg13g2_a21o_1         instances: 558
  Class: sg13g2_a21o_2         instances:  39
  Class: sg13g2_nand2b_1       instances: 793
  Class: sg13g2_nand2b_2       instances:  43
  Class: sg13g2_a221oi_1       instances:  47
  Class: sg13g2_inv_1          instances: 647
  Class: sg13g2_inv_2          instances: 151
  Class: sg13g2_inv_4          instances:  84
  Class: sg13g2_inv_8          instances:  18
  Class: sg13g2_xor2_1         instances: 1690
  Class: sg13g2_mux4_1         instances: 136
  Class: sg13g2_xnor2_1        instances: 2802
  Class: sg13g2_and4_1         instances: 101
  Class: sg13g2_or3_1          instances: 159
  Class: sg13g2_nand4_1        instances: 133
Circuit contains 28333 nets.

Circuit was modified by parallel/series device merging.
New circuit summary:

Contents of circuit 1:  Circuit: 'top_chip'
Circuit top_chip contains 28333 device instances.
  Class: sg13g2_antennanp      instances:   4
  Class: sg13g2_dfrbpq_1       instances: 2883
  Class: sg13g2_and3_1         instances: 122
  Class: sg13g2_dfrbpq_2       instances: 620
  Class: sg13g2_and3_2         instances:  38
  Class: sg13g2_or2_1          instances: 290
  Class: sg13g2_nor2b_1        instances: 787
  Class: sg13g2_nor2b_2        instances:  42
  Class: sg13g2_nand3_1        instances: 600
  Class: sg13g2_mux2_1         instances: 1613
  Class: sg13g2_decap_4        instances:   1
  Class: sg13g2_decap_8        instances:   1
  Class: sg13g2_and2_1         instances: 436
  Class: sg13g2_tiehi          instances: 3250
  Class: sg13g2_nor4_1         instances:  16
  Class: sg13g2_nor4_2         instances:   3
  Class: sg13g2_nand2_1        instances: 1686
  Class: sg13g2_nand2_2        instances: 332
  Class: sg13g2_ebufn_8        instances:   1
  Class: sg13g2_nor3_1         instances: 229
  Class: sg13g2_nor3_2         instances:  27
  Class: sg13g2_nand3b_1       instances:  30
  Class: sg13g2_fill_1         instances:   1
  Class: sg13g2_fill_2         instances:   1
  Class: sg13g2_or4_1          instances:   5
  Class: sg13g2_tielo          instances:  20
  Class: sg13g2_nor2_1         instances: 1485
  Class: sg13g2_nor2_2         instances:  96
  Class: sg13g2_buf_1          instances: 183
  Class: sg13g2_buf_2          instances: 158
  Class: sg13g2_buf_8          instances: 1804
  Class: sg13g2_a22oi_1        instances: 331
  Class: sg13g2_o21ai_1        instances: 1977
  Class: sg13g2_a21oi_1        instances: 1702
  Class: sg13g2_a21oi_2        instances: 158
  Class: sg13g2_a21o_1         instances: 558
  Class: sg13g2_a21o_2         instances:  39
  Class: sg13g2_nand2b_1       instances: 793
  Class: sg13g2_nand2b_2       instances:  43
  Class: sg13g2_a221oi_1       instances:  47
  Class: sg13g2_inv_1          instances: 647
  Class: sg13g2_inv_2          instances: 151
  Class: sg13g2_inv_4          instances:  84
  Class: sg13g2_inv_8          instances:  18
  Class: sg13g2_xor2_1         instances: 1690
  Class: sg13g2_mux4_1         instances: 136
  Class: sg13g2_xnor2_1        instances: 2802
  Class: sg13g2_and4_1         instances: 101
  Class: sg13g2_or3_1          instances: 159
  Class: sg13g2_nand4_1        instances: 133
Circuit contains 28333 nets.
Contents of circuit 2:  Circuit: 'top_chip'
Circuit top_chip contains 28333 device instances.
  Class: sg13g2_antennanp      instances:   4
  Class: sg13g2_dfrbpq_1       instances: 2883
  Class: sg13g2_dfrbpq_2       instances: 620
  Class: sg13g2_and3_1         instances: 122
  Class: sg13g2_and3_2         instances:  38
  Class: sg13g2_or2_1          instances: 290
  Class: sg13g2_nor2b_1        instances: 787
  Class: sg13g2_nor2b_2        instances:  42
  Class: sg13g2_nand3_1        instances: 600
  Class: sg13g2_mux2_1         instances: 1613
  Class: sg13g2_decap_4        instances:   1
  Class: sg13g2_decap_8        instances:   1
  Class: sg13g2_and2_1         instances: 436
  Class: sg13g2_tiehi          instances: 3250
  Class: sg13g2_nor4_1         instances:  16
  Class: sg13g2_nor4_2         instances:   3
  Class: sg13g2_nand2_1        instances: 1686
  Class: sg13g2_nand2_2        instances: 332
  Class: sg13g2_ebufn_8        instances:   1
  Class: sg13g2_nor3_1         instances: 229
  Class: sg13g2_nor3_2         instances:  27
  Class: sg13g2_nand3b_1       instances:  30
  Class: sg13g2_fill_1         instances:   1
  Class: sg13g2_fill_2         instances:   1
  Class: sg13g2_tielo          instances:  20
  Class: sg13g2_or4_1          instances:   5
  Class: sg13g2_nor2_1         instances: 1485
  Class: sg13g2_nor2_2         instances:  96
  Class: sg13g2_buf_1          instances: 183
  Class: sg13g2_buf_2          instances: 158
  Class: sg13g2_buf_8          instances: 1804
  Class: sg13g2_a22oi_1        instances: 331
  Class: sg13g2_o21ai_1        instances: 1977
  Class: sg13g2_a21oi_1        instances: 1702
  Class: sg13g2_a21oi_2        instances: 158
  Class: sg13g2_a21o_1         instances: 558
  Class: sg13g2_a21o_2         instances:  39
  Class: sg13g2_nand2b_1       instances: 793
  Class: sg13g2_nand2b_2       instances:  43
  Class: sg13g2_a221oi_1       instances:  47
  Class: sg13g2_inv_1          instances: 647
  Class: sg13g2_inv_2          instances: 151
  Class: sg13g2_inv_4          instances:  84
  Class: sg13g2_inv_8          instances:  18
  Class: sg13g2_xor2_1         instances: 1690
  Class: sg13g2_mux4_1         instances: 136
  Class: sg13g2_xnor2_1        instances: 2802
  Class: sg13g2_and4_1         instances: 101
  Class: sg13g2_or3_1          instances: 159
  Class: sg13g2_nand4_1        instances: 133
Circuit contains 28333 nets.

Circuit 1 contains 28333 devices, Circuit 2 contains 28333 devices.
Circuit 1 contains 28333 nets,    Circuit 2 contains 28333 nets.


Final result: 
Circuits match uniquely.
.
Logging to file "/home/designer/shared/FFT/parallel_fft/runs/RUN_2026-01-23_18-35-33/69-netgen-lvs/reports/lvs.netgen.rpt" disabled
LVS Done.
