Reading timing models for corner nom_fast_1p32V_m40C…
Reading timing library for the 'nom_fast_1p32V_m40C' corner at '/opt/pdks/ciel/ihp-sg13g2/versions/cb7daaa8901016cf7c5d272dfa322c41f024931f/ihp-sg13g2/libs.ref/sg13g2_stdcell/lib/sg13g2_stdcell_fast_1p32V_m40C.lib'…
Reading timing models for corner nom_slow_1p08V_125C…
Reading timing library for the 'nom_slow_1p08V_125C' corner at '/opt/pdks/ciel/ihp-sg13g2/versions/cb7daaa8901016cf7c5d272dfa322c41f024931f/ihp-sg13g2/libs.ref/sg13g2_stdcell/lib/sg13g2_stdcell_slow_1p08V_125C.lib'…
Reading timing models for corner nom_typ_1p20V_25C…
Reading timing library for the 'nom_typ_1p20V_25C' corner at '/opt/pdks/ciel/ihp-sg13g2/versions/cb7daaa8901016cf7c5d272dfa322c41f024931f/ihp-sg13g2/libs.ref/sg13g2_stdcell/lib/sg13g2_stdcell_typ_1p20V_25C.lib'…
Reading OpenROAD database at '/home/designer/shared/FFT/parallel_fft/runs/RUN_2026-01-23_18-35-33/35-openroad-cts/top_chip.odb'…
Reading design constraints file at '/home/designer/shared/FFT/parallel_fft/librelane/constraints/top.sdc'…
[INFO] No information on clock propagation in input SDC file-- propagating all clocks.
+ repair_timing -verbose -setup -setup_margin 0.05000000000000000277555756156289135105907917022705078125 -max_buffer_percent 50
[INFO RSZ-0100] Repair move sequence: UnbufferMove SizeUpMove SwapPinsMove BufferMove CloneMove SplitLoadMove 
[INFO RSZ-0098] No setup violations found
+ repair_timing -verbose -hold -setup_margin 0.05000000000000000277555756156289135105907917022705078125 -hold_margin 0.1000000000000000055511151231257827021181583404541015625 -max_buffer_percent 50
[INFO RSZ-0033] No hold violations found.
+ detailed_placement -max_displacement  500 100 
Placement Analysis
---------------------------------
total displacement          0.0 u
average displacement        0.0 u
max displacement            0.0 u
original HPWL          598155.8 u
legalized HPWL         614165.8 u
delta HPWL                    3 %

[INFO DPL-0020] Mirrored 10751 instances
[INFO DPL-0021] HPWL before          614165.8 u
[INFO DPL-0022] HPWL after           598155.8 u
[INFO DPL-0023] HPWL delta               -2.6 %
Setting global connections for newly added cells…
[INFO] Setting global connections...
Updating metrics…
Cell type report:                       Count       Area
  Buffer                                    4      29.03
  Clock buffer                            740   17405.54
  Timing Repair Buffer                   1401   27878.26
  Inverter                                717    4296.50
  Clock inverter                          183    1562.20
  Sequential cell                        3503  172732.69
  Multi-Input combinational cell        21777  236407.25
  Total                                 28325  460311.47
Writing OpenROAD database to '/home/designer/shared/FFT/parallel_fft/runs/RUN_2026-01-23_18-35-33/37-openroad-resizertimingpostcts/top_chip.odb'…
Writing netlist to '/home/designer/shared/FFT/parallel_fft/runs/RUN_2026-01-23_18-35-33/37-openroad-resizertimingpostcts/top_chip.nl.v'…
Writing powered netlist to '/home/designer/shared/FFT/parallel_fft/runs/RUN_2026-01-23_18-35-33/37-openroad-resizertimingpostcts/top_chip.pnl.v'…
Writing layout to '/home/designer/shared/FFT/parallel_fft/runs/RUN_2026-01-23_18-35-33/37-openroad-resizertimingpostcts/top_chip.def'…
Writing timing constraints to '/home/designer/shared/FFT/parallel_fft/runs/RUN_2026-01-23_18-35-33/37-openroad-resizertimingpostcts/top_chip.sdc'…
