
43. Executing PROC_DLATCH pass (convert process syncs to latches).
No latch inferred for signal `$paramod$adef7b7f071f262d011b8eff237fe1297a531d6a\xfft_cell.\w_mult_r[0]' from process `$paramod$adef7b7f071f262d011b8eff237fe1297a531d6a\xfft_cell.$proc$/home/designer/shared/FFT/parallel_fft/design/rtl/common_modules/xfft_cell.v:0$557'.
No latch inferred for signal `$paramod$adef7b7f071f262d011b8eff237fe1297a531d6a\xfft_cell.\w_mult_r[1]' from process `$paramod$adef7b7f071f262d011b8eff237fe1297a531d6a\xfft_cell.$proc$/home/designer/shared/FFT/parallel_fft/design/rtl/common_modules/xfft_cell.v:0$557'.
No latch inferred for signal `$paramod$adef7b7f071f262d011b8eff237fe1297a531d6a\xfft_cell.\w_mult_i[0]' from process `$paramod$adef7b7f071f262d011b8eff237fe1297a531d6a\xfft_cell.$proc$/home/designer/shared/FFT/parallel_fft/design/rtl/common_modules/xfft_cell.v:0$557'.
No latch inferred for signal `$paramod$adef7b7f071f262d011b8eff237fe1297a531d6a\xfft_cell.\w_mult_i[1]' from process `$paramod$adef7b7f071f262d011b8eff237fe1297a531d6a\xfft_cell.$proc$/home/designer/shared/FFT/parallel_fft/design/rtl/common_modules/xfft_cell.v:0$557'.
No latch inferred for signal `$paramod$adef7b7f071f262d011b8eff237fe1297a531d6a\xfft_cell.\w_st2_data_r[0]' from process `$paramod$adef7b7f071f262d011b8eff237fe1297a531d6a\xfft_cell.$proc$/home/designer/shared/FFT/parallel_fft/design/rtl/common_modules/xfft_cell.v:0$557'.
No latch inferred for signal `$paramod$adef7b7f071f262d011b8eff237fe1297a531d6a\xfft_cell.\w_st2_data_r[1]' from process `$paramod$adef7b7f071f262d011b8eff237fe1297a531d6a\xfft_cell.$proc$/home/designer/shared/FFT/parallel_fft/design/rtl/common_modules/xfft_cell.v:0$557'.
No latch inferred for signal `$paramod$adef7b7f071f262d011b8eff237fe1297a531d6a\xfft_cell.\w_st2_data_i[0]' from process `$paramod$adef7b7f071f262d011b8eff237fe1297a531d6a\xfft_cell.$proc$/home/designer/shared/FFT/parallel_fft/design/rtl/common_modules/xfft_cell.v:0$557'.
No latch inferred for signal `$paramod$adef7b7f071f262d011b8eff237fe1297a531d6a\xfft_cell.\w_st2_data_i[1]' from process `$paramod$adef7b7f071f262d011b8eff237fe1297a531d6a\xfft_cell.$proc$/home/designer/shared/FFT/parallel_fft/design/rtl/common_modules/xfft_cell.v:0$557'.
No latch inferred for signal `$paramod$37c44c8171ec20227f00ac25948f2e851df399c9\ds_switch.\valid_nstate' from process `$paramod$37c44c8171ec20227f00ac25948f2e851df399c9\ds_switch.$proc$/home/designer/shared/FFT/parallel_fft/design/rtl/common_modules/ds_switch.v:131$532'.
No latch inferred for signal `$paramod$37c44c8171ec20227f00ac25948f2e851df399c9\ds_switch.\valid' from process `$paramod$37c44c8171ec20227f00ac25948f2e851df399c9\ds_switch.$proc$/home/designer/shared/FFT/parallel_fft/design/rtl/common_modules/ds_switch.v:131$532'.
No latch inferred for signal `$paramod$37c44c8171ec20227f00ac25948f2e851df399c9\ds_switch.\next_state' from process `$paramod$37c44c8171ec20227f00ac25948f2e851df399c9\ds_switch.$proc$/home/designer/shared/FFT/parallel_fft/design/rtl/common_modules/ds_switch.v:83$525'.
No latch inferred for signal `$paramod$37c44c8171ec20227f00ac25948f2e851df399c9\ds_switch.\r_sel' from process `$paramod$37c44c8171ec20227f00ac25948f2e851df399c9\ds_switch.$proc$/home/designer/shared/FFT/parallel_fft/design/rtl/common_modules/ds_switch.v:83$525'.
No latch inferred for signal `$paramod$ed12c0bd15db7b134ad06ea575abb269e0ee74ce\mdc8p_stage1.$mem2reg_rd$\w_twiddle_i$/home/designer/shared/FFT/parallel_fft/design/rtl/fft_mdc_8p/stages/mdc8p_stage1.v:79$503_DATA' from process `$paramod$ed12c0bd15db7b134ad06ea575abb269e0ee74ce\mdc8p_stage1.$proc$/home/designer/shared/FFT/parallel_fft/design/rtl/fft_mdc_8p/stages/mdc8p_stage1.v:0$517'.
No latch inferred for signal `$paramod$ed12c0bd15db7b134ad06ea575abb269e0ee74ce\mdc8p_stage1.$mem2reg_rd$\w_twiddle_r$/home/designer/shared/FFT/parallel_fft/design/rtl/fft_mdc_8p/stages/mdc8p_stage1.v:78$502_DATA' from process `$paramod$ed12c0bd15db7b134ad06ea575abb269e0ee74ce\mdc8p_stage1.$proc$/home/designer/shared/FFT/parallel_fft/design/rtl/fft_mdc_8p/stages/mdc8p_stage1.v:0$514'.
No latch inferred for signal `$paramod$ed12c0bd15db7b134ad06ea575abb269e0ee74ce\mdc8p_stage1.\w_twiddle_r[0]' from process `$paramod$ed12c0bd15db7b134ad06ea575abb269e0ee74ce\mdc8p_stage1.$proc$/home/designer/shared/FFT/parallel_fft/design/rtl/fft_mdc_8p/stages/mdc8p_stage1.v:0$509'.
No latch inferred for signal `$paramod$ed12c0bd15db7b134ad06ea575abb269e0ee74ce\mdc8p_stage1.\w_twiddle_r[1]' from process `$paramod$ed12c0bd15db7b134ad06ea575abb269e0ee74ce\mdc8p_stage1.$proc$/home/designer/shared/FFT/parallel_fft/design/rtl/fft_mdc_8p/stages/mdc8p_stage1.v:0$509'.
No latch inferred for signal `$paramod$ed12c0bd15db7b134ad06ea575abb269e0ee74ce\mdc8p_stage1.\w_twiddle_r[2]' from process `$paramod$ed12c0bd15db7b134ad06ea575abb269e0ee74ce\mdc8p_stage1.$proc$/home/designer/shared/FFT/parallel_fft/design/rtl/fft_mdc_8p/stages/mdc8p_stage1.v:0$509'.
No latch inferred for signal `$paramod$ed12c0bd15db7b134ad06ea575abb269e0ee74ce\mdc8p_stage1.\w_twiddle_r[3]' from process `$paramod$ed12c0bd15db7b134ad06ea575abb269e0ee74ce\mdc8p_stage1.$proc$/home/designer/shared/FFT/parallel_fft/design/rtl/fft_mdc_8p/stages/mdc8p_stage1.v:0$509'.
No latch inferred for signal `$paramod$ed12c0bd15db7b134ad06ea575abb269e0ee74ce\mdc8p_stage1.\w_twiddle_i[0]' from process `$paramod$ed12c0bd15db7b134ad06ea575abb269e0ee74ce\mdc8p_stage1.$proc$/home/designer/shared/FFT/parallel_fft/design/rtl/fft_mdc_8p/stages/mdc8p_stage1.v:0$509'.
No latch inferred for signal `$paramod$ed12c0bd15db7b134ad06ea575abb269e0ee74ce\mdc8p_stage1.\w_twiddle_i[1]' from process `$paramod$ed12c0bd15db7b134ad06ea575abb269e0ee74ce\mdc8p_stage1.$proc$/home/designer/shared/FFT/parallel_fft/design/rtl/fft_mdc_8p/stages/mdc8p_stage1.v:0$509'.
No latch inferred for signal `$paramod$ed12c0bd15db7b134ad06ea575abb269e0ee74ce\mdc8p_stage1.\w_twiddle_i[2]' from process `$paramod$ed12c0bd15db7b134ad06ea575abb269e0ee74ce\mdc8p_stage1.$proc$/home/designer/shared/FFT/parallel_fft/design/rtl/fft_mdc_8p/stages/mdc8p_stage1.v:0$509'.
No latch inferred for signal `$paramod$ed12c0bd15db7b134ad06ea575abb269e0ee74ce\mdc8p_stage1.\w_twiddle_i[3]' from process `$paramod$ed12c0bd15db7b134ad06ea575abb269e0ee74ce\mdc8p_stage1.$proc$/home/designer/shared/FFT/parallel_fft/design/rtl/fft_mdc_8p/stages/mdc8p_stage1.v:0$509'.
No latch inferred for signal `$paramod$15976f97eff3e7efba67231cdea386a8faf17143\mdc8p_stage3.\next_data0_r' from process `$paramod$15976f97eff3e7efba67231cdea386a8faf17143\mdc8p_stage3.$proc$/home/designer/shared/FFT/parallel_fft/design/rtl/fft_mdc_8p/stages/mdc8p_stage3.v:44$487'.
No latch inferred for signal `$paramod$15976f97eff3e7efba67231cdea386a8faf17143\mdc8p_stage3.\next_data0_i' from process `$paramod$15976f97eff3e7efba67231cdea386a8faf17143\mdc8p_stage3.$proc$/home/designer/shared/FFT/parallel_fft/design/rtl/fft_mdc_8p/stages/mdc8p_stage3.v:44$487'.
No latch inferred for signal `$paramod$15976f97eff3e7efba67231cdea386a8faf17143\mdc8p_stage3.\next_data1_r' from process `$paramod$15976f97eff3e7efba67231cdea386a8faf17143\mdc8p_stage3.$proc$/home/designer/shared/FFT/parallel_fft/design/rtl/fft_mdc_8p/stages/mdc8p_stage3.v:44$487'.
No latch inferred for signal `$paramod$15976f97eff3e7efba67231cdea386a8faf17143\mdc8p_stage3.\next_data1_i' from process `$paramod$15976f97eff3e7efba67231cdea386a8faf17143\mdc8p_stage3.$proc$/home/designer/shared/FFT/parallel_fft/design/rtl/fft_mdc_8p/stages/mdc8p_stage3.v:44$487'.
No latch inferred for signal `$paramod$9d48a4856d550f9261444b1c4abfe084c1906f00\debug_unit.\spi_rdata' from process `$paramod$9d48a4856d550f9261444b1c4abfe084c1906f00\debug_unit.$proc$/home/designer/shared/FFT/parallel_fft/design/rtl/debug_unit/debug_unit.v:118$445'.
No latch inferred for signal `$paramod\rx_serializer\NB_DATA=s32'00000000000000000000000000001000.\next_state' from process `$paramod\rx_serializer\NB_DATA=s32'00000000000000000000000000001000.$proc$/home/designer/shared/FFT/parallel_fft/design/rtl/common_modules/rx_serializer.v:70$40'.
No latch inferred for signal `$paramod\rx_serializer\NB_DATA=s32'00000000000000000000000000001000.\next_cnt' from process `$paramod\rx_serializer\NB_DATA=s32'00000000000000000000000000001000.$proc$/home/designer/shared/FFT/parallel_fft/design/rtl/common_modules/rx_serializer.v:70$40'.
No latch inferred for signal `$paramod\rx_serializer\NB_DATA=s32'00000000000000000000000000001000.\next_shift' from process `$paramod\rx_serializer\NB_DATA=s32'00000000000000000000000000001000.$proc$/home/designer/shared/FFT/parallel_fft/design/rtl/common_modules/rx_serializer.v:70$40'.
No latch inferred for signal `$paramod\tx_serializer\NB_DATA=s32'00000000000000000000000000001000.\next_state' from process `$paramod\tx_serializer\NB_DATA=s32'00000000000000000000000000001000.$proc$/home/designer/shared/FFT/parallel_fft/design/rtl/common_modules/tx_serializer.v:59$27'.
No latch inferred for signal `$paramod\tx_serializer\NB_DATA=s32'00000000000000000000000000001000.\next_cnt' from process `$paramod\tx_serializer\NB_DATA=s32'00000000000000000000000000001000.$proc$/home/designer/shared/FFT/parallel_fft/design/rtl/common_modules/tx_serializer.v:59$27'.
No latch inferred for signal `$paramod\tx_serializer\NB_DATA=s32'00000000000000000000000000001000.\next_shift' from process `$paramod\tx_serializer\NB_DATA=s32'00000000000000000000000000001000.$proc$/home/designer/shared/FFT/parallel_fft/design/rtl/common_modules/tx_serializer.v:59$27'.
No latch inferred for signal `$paramod\tx_serializer\NB_DATA=s32'00000000000000000000000000001000.\data' from process `$paramod\tx_serializer\NB_DATA=s32'00000000000000000000000000001000.$proc$/home/designer/shared/FFT/parallel_fft/design/rtl/common_modules/tx_serializer.v:59$27'.
No latch inferred for signal `$paramod$e825517e76a6abfe988a8af00874d6681f9a4907\ds_switch.\valid_nstate' from process `$paramod$e825517e76a6abfe988a8af00874d6681f9a4907\ds_switch.$proc$/home/designer/shared/FFT/parallel_fft/design/rtl/common_modules/ds_switch.v:131$582'.
No latch inferred for signal `$paramod$e825517e76a6abfe988a8af00874d6681f9a4907\ds_switch.\valid' from process `$paramod$e825517e76a6abfe988a8af00874d6681f9a4907\ds_switch.$proc$/home/designer/shared/FFT/parallel_fft/design/rtl/common_modules/ds_switch.v:131$582'.
No latch inferred for signal `$paramod$e825517e76a6abfe988a8af00874d6681f9a4907\ds_switch.\next_state' from process `$paramod$e825517e76a6abfe988a8af00874d6681f9a4907\ds_switch.$proc$/home/designer/shared/FFT/parallel_fft/design/rtl/common_modules/ds_switch.v:83$575'.
No latch inferred for signal `$paramod$e825517e76a6abfe988a8af00874d6681f9a4907\ds_switch.\r_sel' from process `$paramod$e825517e76a6abfe988a8af00874d6681f9a4907\ds_switch.$proc$/home/designer/shared/FFT/parallel_fft/design/rtl/common_modules/ds_switch.v:83$575'.
