302. Printing statistics.

=== top_chip ===

   Number of wires:              23670
   Number of wire bits:          28335
   Number of public wires:         538
   Number of public wire bits:    4963
   Number of ports:                  8
   Number of port bits:              8
   Number of memories:               0
   Number of memory bits:            0
   Number of processes:              0
   Number of cells:              27904
     $_ANDNOT_                    6707
     $_AND_                        862
     $_MUX_                       3532
     $_NAND_                       545
     $_NOR_                       2090
     $_NOT_                       1080
     $_ORNOT_                      772
     $_OR_                        2110
     $_XNOR_                      2469
     $_XOR_                       4233
     sg13g2_dfrbpq_1              3503
     sg13g2_ebufn_2                  1

   Area for cell type $_NOT_ is unknown!
   Area for cell type $_AND_ is unknown!
   Area for cell type $_NAND_ is unknown!
   Area for cell type $_OR_ is unknown!
   Area for cell type $_NOR_ is unknown!
   Area for cell type $_XOR_ is unknown!
   Area for cell type $_XNOR_ is unknown!
   Area for cell type $_ANDNOT_ is unknown!
   Area for cell type $_ORNOT_ is unknown!
   Area for cell type $_MUX_ is unknown!

   Chip area for module '\top_chip': 171625.910400
     of which used for sequential elements: 171607.766400 (99.99%)

