
47. Executing CHECK pass (checking for obvious problems).
Checking module top_chip...
Checking module $paramod$ee998c48d291f24165178e86db53e4d6f2541c31\btfly_2...
Checking module $paramod$adef7b7f071f262d011b8eff237fe1297a531d6a\xfft_cell...
Checking module $paramod$37c44c8171ec20227f00ac25948f2e851df399c9\ds_switch...
Checking module $paramod$ed12c0bd15db7b134ad06ea575abb269e0ee74ce\mdc8p_stage1...
Checking module $paramod$0412e2692e4fb416d489fd1dda7f407e3f363dcc\mdc8p_stage2...
Checking module $paramod$15976f97eff3e7efba67231cdea386a8faf17143\mdc8p_stage3...
Checking module $paramod$822bb578bad106d066af788502e6b7c8175f5771\complex_multiplier...
Checking module $paramod$4b888baed3c80e165e67efcc55e29a2746c95ac5\clip_round...
Checking module $paramod\cdc_snapshot\DATA_WIDTH=s32'00000000000000000000000000001000...
Checking module $paramod$86c3a2406c43d36f373e6f546f8eb44128c55483\spi_slave_mode0...
Checking module $paramod$9d48a4856d550f9261444b1c4abfe084c1906f00\debug_unit...
Checking module $paramod\shift_r4\NB_DATA=s32'00000000000000000000000000001000...
Checking module $paramod$822bb578bad106d066af788502e6b7c8175f5771\fft4...
Checking module $paramod$55e188ae133e8a9a9b845f543e216dcb7898452c\twiddle_interface...
Checking module $paramod\shift_r2\NB_DATA=s32'00000000000000000000000000001000...
Checking module $paramod$822bb578bad106d066af788502e6b7c8175f5771\fft8...
Checking module $paramod\buffer_parallel2serial\NB_DATA=s32'00000000000000000000000000001000...
Checking module $paramod\rx_serializer\NB_DATA=s32'00000000000000000000000000001000...
Checking module $paramod\fft32\NB_DATA=s32'00000000000000000000000000001000...
Checking module $paramod\tx_serializer\NB_DATA=s32'00000000000000000000000000001000...
Checking module debug_system...
Checking module $paramod$e825517e76a6abfe988a8af00874d6681f9a4907\ds_switch...
Checking module $paramod$833ab97d3a5a7beaf1c79fa714ad51a2af6d5400\clip_round...
Checking module $paramod$edddbe87b6cfd6e80118c6397b48a457ce4f4cb3\btfly_2...
Checking module $paramod$0412e2692e4fb416d489fd1dda7f407e3f363dcc\btfly_2...
Found and reported 0 problems.
