296. Printing statistics.

=== top_chip ===

   Number of wires:              21588
   Number of wire bits:          26253
   Number of public wires:         538
   Number of public wire bits:    4963
   Number of ports:                  8
   Number of port bits:              8
   Number of memories:               0
   Number of memory bits:            0
   Number of processes:              0
   Number of cells:              25825
     $_ANDNOT_                    6707
     $_AND_                        862
     $_DFFE_NN0P_                   12
     $_DFFE_PN0P_                  154
     $_DFFE_PP_                   1566
     $_DFF_NN0_                      1
     $_DFF_PN0_                     83
     $_DFF_PN1_                      3
     $_DFF_P_                     1503
     $_MUX_                       1473
     $_NAND_                       545
     $_NOR_                       2090
     $_NOT_                       1060
     $_ORNOT_                      772
     $_OR_                        2110
     $_SDFFE_PN0P_                 146
     $_SDFF_PN0_                    27
     $_SDFF_PN1_                     8
     $_TBUF_                         1
     $_XNOR_                      2469
     $_XOR_                       4233

   Area for cell type $_NOT_ is unknown!
   Area for cell type $_AND_ is unknown!
   Area for cell type $_NAND_ is unknown!
   Area for cell type $_OR_ is unknown!
   Area for cell type $_NOR_ is unknown!
   Area for cell type $_XOR_ is unknown!
   Area for cell type $_XNOR_ is unknown!
   Area for cell type $_ANDNOT_ is unknown!
   Area for cell type $_ORNOT_ is unknown!
   Area for cell type $_MUX_ is unknown!
   Area for cell type $_TBUF_ is unknown!
   Area for cell type $_DFF_P_ is unknown!
   Area for cell type $_DFFE_PP_ is unknown!
   Area for cell type $_DFF_NN0_ is unknown!
   Area for cell type $_DFF_PN0_ is unknown!
   Area for cell type $_DFF_PN1_ is unknown!
   Area for cell type $_DFFE_NN0P_ is unknown!
   Area for cell type $_DFFE_PN0P_ is unknown!
   Area for cell type $_SDFF_PN0_ is unknown!
   Area for cell type $_SDFF_PN1_ is unknown!
   Area for cell type $_SDFFE_PN0P_ is unknown!

