┏━━━━━━━┳━━━━━━━━━┳━━━━━━━━━━┳━━━━━━━━━━━━━━━━━━━━━━━━━━━━━━━━━━━━━━━━━━━━━━━━━━━━━━━━━━━━━━┳━━━━━━━━━━━━━━━━━━┳━━━━━━━━┓
┃ P / R ┃ Partial ┃ Required ┃ Net                                                          ┃ Pin              ┃ Layer  ┃
┡━━━━━━━╇━━━━━━━━━╇━━━━━━━━━━╇━━━━━━━━━━━━━━━━━━━━━━━━━━━━━━━━━━━━━━━━━━━━━━━━━━━━━━━━━━━━━━╇━━━━━━━━━━━━━━━━━━╇━━━━━━━━┩
│ 1.51  │ 302.29  │ 200.00   │ u_fft_core.u_fft8_mdc0.u_mdc8p_stage3.next_data0_i[4\]       │ _41798_/D        │ Metal2 │
│ 1.51  │ 301.09  │ 200.00   │ u_fft_core.u_fft8_mdc1.u_mdc8p_stage3.next_data0_r[6\]       │ _41424_/D        │ Metal3 │
│ 1.17  │ 234.09  │ 200.00   │ u_fft_core.u_fft8_mdc2.u_mdc8p_stage1.u_btfly2.o_data0_i[7\] │ _40906_/D        │ Metal2 │
│ 1.02  │ 204.92  │ 200.00   │ net3245                                                      │ _21885_/A        │ Metal2 │
│ 1.02  │ 204.70  │ 200.00   │ u_fft_core.fft4_data2_im[3\]                                 │ _39272_/A1       │ Metal2 │
│ 0.60  │ 120.55  │ 200.00   │ i_clk                                                        │ clkbuf_0_i_clk/A │ Metal3 │
└───────┴─────────┴──────────┴──────────────────────────────────────────────────────────────┴──────────────────┴────────┘
